--------- beginning of main
07-08 18:58:40.994 25916 25916 W Zygote  : mz_is_rooted false
07-08 18:58:40.996 25916 25916 W libc    : Access denied finding property "persist.vendor.meizu.smart_zram"
07-08 18:58:40.994 25916 25916 W main    : type=1400 audit(0.0:353919): avc:  denied  { read } for  name="u:object_r:vendor_default_prop:s0" dev="tmpfs" ino=412 scontext=u:r:zygote:s0 tcontext=u:object_r:vendor_default_prop:s0 tclass=file permissive=0
07-08 18:58:41.004 25916 25916 I angshi.eyeguard: Late-enabling -Xcheck:jni
07-08 18:58:41.022 25916 25916 E angshi.eyeguard: Unknown bits set in runtime_flags: 0x2000000
07-08 18:58:41.022 25916 25916 I angshi.eyeguard: Using CollectorTypeCC GC.
07-08 18:58:41.069 25916 25916 D CompatibilityChangeReporter: Compat change id reported: 171979766; UID 10355; state: ENABLED
07-08 18:58:41.069 25916 25916 D CompatibilityChangeReporter: Compat change id reported: 242716250; UID 10355; state: ENABLED
07-08 18:58:41.085 25916 25916 D EMS:ExceptionManager: Need bind server!
07-08 18:58:41.086 25916 25916 D ServiceManagerUtils: Check service result is android.os.BinderProxy@336eac0
07-08 18:58:41.088 25916 25916 D cutils-trace: [atrace_get_property] original flags: 0, ems flags: 0, ems_tags: 0
07-08 18:58:41.092 25916 25916 W ziparchive: Unable to open '/data/app/~~LCB7TlJsPkklbrcGIz3llg==/io.github.danwangshi.eyeguard-paINe4Ii6Q6aEnKvE_4Ljg==/base.dm': No such file or directory
07-08 18:58:41.092 25916 25916 W ziparchive: Unable to open '/data/app/~~LCB7TlJsPkklbrcGIz3llg==/io.github.danwangshi.eyeguard-paINe4Ii6Q6aEnKvE_4Ljg==/base.dm': No such file or directory
07-08 18:58:41.219 25916 25916 D nativeloader: Configuring clns-4 for other apk /data/app/~~LCB7TlJsPkklbrcGIz3llg==/io.github.danwangshi.eyeguard-paINe4Ii6Q6aEnKvE_4Ljg==/base.apk. target_sdk_version=34, uses_libraries=, library_path=/data/app/~~LCB7TlJsPkklbrcGIz3llg==/io.github.danwangshi.eyeguard-paINe4Ii6Q6aEnKvE_4Ljg==/lib/arm64, permitted_path=/data:/mnt/expand:/data/user/0/io.github.danwangshi.eyeguard
07-08 18:58:41.233 25916 25916 I Perf    : Connecting to perf service.
07-08 18:58:41.239 25916 25916 V GraphicsEnvironment: Currently set values for:
07-08 18:58:41.239 25916 25916 V GraphicsEnvironment:   angle_gl_driver_selection_pkgs=[]
07-08 18:58:41.239 25916 25916 V GraphicsEnvironment:   angle_gl_driver_selection_values=[]
07-08 18:58:41.240 25916 25916 V GraphicsEnvironment: ANGLE GameManagerService for io.github.danwangshi.eyeguard: false
07-08 18:58:41.240 25916 25916 V GraphicsEnvironment: io.github.danwangshi.eyeguard is not listed in per-application setting
07-08 18:58:41.240 25916 25916 V GraphicsEnvironment: Updatable production driver is not supported on the device.
07-08 18:58:41.247 25916 25916 W libc    : Access denied finding property "qemu.sf.lcd_density"
07-08 18:58:41.246 25916 25916 W angshi.eyeguard: type=1400 audit(0.0:353921): avc:  denied  { read } for  name="u:object_r:qemu_sf_lcd_density_prop:s0" dev="tmpfs" ino=312 scontext=u:r:untrusted_app:s0:c99,c257,c512,c768 tcontext=u:object_r:qemu_sf_lcd_density_prop:s0 tclass=file permissive=0
07-08 18:58:41.247 25916 25916 W libc    : Access denied finding property "qemu.sf.lcd_density"
07-08 18:58:41.246 25916 25916 W angshi.eyeguard: type=1400 audit(0.0:353922): avc:  denied  { read } for  name="u:object_r:qemu_sf_lcd_density_prop:s0" dev="tmpfs" ino=312 scontext=u:r:untrusted_app:s0:c99,c257,c512,c768 tcontext=u:object_r:qemu_sf_lcd_density_prop:s0 tclass=file permissive=0
07-08 18:58:41.307 25916 25916 D LockAccessibilityService: 无障碍服务已连接
07-08 18:58:46.864 25916 26013 D ProfileInstaller: Installing profile for io.github.danwangshi.eyeguard
07-08 18:58:57.391 25916 25916 D AppCompatDelegate: Checking for metadata for AppLocalesMetadataHolderService : Service not found
07-08 18:58:57.471 25916 25916 W angshi.eyeguard: Accessing hidden method Landroid/view/View;->computeFitSystemWindows(Landroid/graphics/Rect;Landroid/graphics/Rect;)Z (unsupported, reflection, allowed)
07-08 18:58:57.471 25916 25916 W angshi.eyeguard: Accessing hidden method Landroid/view/ViewGroup;->makeOptionalFitsSystemWindows()V (unsupported, reflection, allowed)
07-08 18:58:57.479 25916 25916 D CompatibilityChangeReporter: Compat change id reported: 210923482; UID 10355; state: ENABLED
07-08 18:58:57.569 25916 25916 D CompatibilityChangeReporter: Compat change id reported: 171228096; UID 10355; state: ENABLED
07-08 18:58:57.695 25916 25916 D MainActivity: 加载设置: threshold_value=4, debounce_enabled=true
07-08 18:58:57.697 25916 25916 D MainActivity: 防抖开关切换: true
07-08 18:58:57.727 25916 25916 D SensorManager: listenerName:io.github.danwangshi.eyeguard.MainActivity,delayUs:200000,addus:200000
07-08 18:58:57.729 25916 25916 I Instrumentation: SmartScene callActivityOnResume isMonkey = false
07-08 18:58:57.735 25916 25916 D CompatibilityChangeReporter: Compat change id reported: 237531167; UID 10355; state: DISABLED
07-08 18:58:57.819 25916 26141 I AdrenoGLES-0: QUALCOMM build                   : 1a285a84ae, I2991b7e11e
07-08 18:58:57.819 25916 26141 I AdrenoGLES-0: Build Date                       : 06/04/23
07-08 18:58:57.819 25916 26141 I AdrenoGLES-0: OpenGL ES Shader Compiler Version: E031.41.03.36
07-08 18:58:57.819 25916 26141 I AdrenoGLES-0: Local Branch                     :
07-08 18:58:57.819 25916 26141 I AdrenoGLES-0: Remote Branch                    :
07-08 18:58:57.819 25916 26141 I AdrenoGLES-0: Remote Branch                    :
07-08 18:58:57.819 25916 26141 I AdrenoGLES-0: Reconstruct Branch               :
07-08 18:58:57.819 25916 26141 I AdrenoGLES-0: Build Config                     : S P 14.1.4 AArch64
07-08 18:58:57.819 25916 26141 I AdrenoGLES-0: Driver Path                      : /vendor/lib64/egl/libGLESv2_adreno.so
07-08 18:58:57.819 25916 26141 I AdrenoGLES-0: Driver Version                   : 0676.32
07-08 18:58:57.826 25916 26141 I AdrenoGLES-0: PFP: 0x01740158, ME: 0x00000000
07-08 18:58:57.839 25916 26141 I AdrenoUtils: <ReadGpuID:408>: Reading chip ID through GSL
07-08 18:58:57.847 25916 26141 E OpenGLRenderer: Unable to match the desired swap behavior.
07-08 18:58:58.020 25916 25916 D LockAccessibilityService: 窗口变化: io.github.danwangshi.eyeguard / io.github.danwangshi.eyeguard.MainActivity
07-08 18:58:58.973 25916 26141 E OpenGLRenderer: Unable to match the desired swap behavior.
07-08 18:58:58.973 25916 25916 D ContentCapture: ScanScreen
07-08 18:58:58.985 25916 26239 D CompatibilityChangeReporter: Compat change id reported: 247079863; UID 10355; state: ENABLED
07-08 18:58:58.988 25916 26239 D ContentCapture: updateCollectionAppInfoImpl time=3
07-08 18:58:58.989 25916 26239 W ContentCapture: retractPickerResult failed : Permission Denial: not allowed to send broadcast com.meizu.picker.action.service.RETRACT_RESULT_V1 from pid=25916, uid=10355
07-08 18:58:59.028 25916 25916 V ContentCapture: ACTION_UP
07-08 18:58:59.028 25916 25916 D ContentCapture: checkClickAndCapture, voiceRecorder=disable, collection=disable
07-08 18:58:59.049 25916 25916 D CompatibilityChangeReporter: Compat change id reported: 147798919; UID 10355; state: ENABLED
07-08 18:58:59.057 25916 25916 D LightMonitorService: onCreate
07-08 18:58:59.069 25916 25916 W LightMonitorService: 没有READ_PHONE_STATE权限，无法监听通话状态
07-08 18:58:59.069 25916 25916 D LightMonitorService: onStartCommand: io.github.danwangshi.eyeguard.ACTION_START
07-08 18:58:59.069 25916 25916 D LightMonitorService: 开始光线监测，阈值: 4.0 lux
07-08 18:58:59.069 25916 25916 D NotificationService: NotificationChannel (light_monitor_channel,光线监测,2)
07-08 18:58:59.071 25916 25916 D CompatibilityChangeReporter: Compat change id reported: 160794467; UID 10355; state: ENABLED
07-08 18:58:59.090 25916 25916 D LightMonitorService: WakeLock 已获取
07-08 18:58:59.091 25916 25916 D SensorManager: listenerName:io.github.danwangshi.eyeguard.LightMonitorService,delayUs:500000,addus:500000
07-08 18:58:59.094 25916 25916 D LightMonitorService: 屏幕状态广播接收器已注册
07-08 18:58:59.099 25916 25916 D MainActivity: Service connected
07-08 18:58:59.156 25916 25916 D EyeGuard-Sensor: 环境光线变化: 27.405 lux, 阈值: 4.0 lux
07-08 18:58:59.157 25916 25916 D NotificationService: NotificationChannel (light_monitor_channel,光线监测,2)
07-08 18:58:59.161 25916 25916 V NotificationManager: io.github.danwangshi.eyeguard: notifyAsUser(1, Notification(channel=light_monitor_channel shortcut=null contentView=null bigContentView=null extras=Bundle[{android.title=不要关灯玩手机, android.reduced.images=true, android.subText=null, android.showChronometer=false, android.text=正在监测环境光线，当前亮度：27 lux, android.progress=0, android.progressMax=0, android.appInfo=ApplicationInfo{cb4b7aa io.github.danwangshi.eyeguard}, android.showWhen=true, android.largeIcon=null, android.infoText=null, android.progressIndeterminate=false, android.remoteInputHistory=null}] tickerText=null vibrate=null sound=null defaults=0x0 flags=0x2 color=0x00000000 actions=1 vis=PRIVATE))
07-08 18:58:59.336 25916 25916 D EyeGuard-Sensor: 环境光线变化: 27.405 lux, 阈值: 4.0 lux
07-08 18:58:59.516 25916 25916 D EyeGuard-Sensor: 环境光线变化: 27.405 lux, 阈值: 4.0 lux
07-08 18:58:59.697 25916 25916 D EyeGuard-Sensor: 环境光线变化: 27.405 lux, 阈值: 4.0 lux
07-08 18:58:59.876 25916 25916 D EyeGuard-Sensor: 环境光线变化: 27.405 lux, 阈值: 4.0 lux
07-08 18:59:00.058 25916 25916 D EyeGuard-Sensor: 环境光线变化: 15.660001 lux, 阈值: 4.0 lux
07-08 18:59:00.059 25916 25916 D NotificationService: NotificationChannel (light_monitor_channel,光线监测,2)
07-08 18:59:00.062 25916 25916 V NotificationManager: io.github.danwangshi.eyeguard: notifyAsUser(1, Notification(channel=light_monitor_channel shortcut=null contentView=null bigContentView=null extras=Bundle[{android.title=不要关灯玩手机, android.reduced.images=true, android.subText=null, android.showChronometer=false, android.text=正在监测环境光线，当前亮度：15 lux, android.progress=0, android.progressMax=0, android.appInfo=ApplicationInfo{cb4b7aa io.github.danwangshi.eyeguard}, android.showWhen=true, android.largeIcon=null, android.infoText=null, android.progressIndeterminate=false, android.remoteInputHistory=null}] tickerText=null vibrate=null sound=null defaults=0x0 flags=0x2 color=0x00000000 actions=1 vis=PRIVATE))
07-08 18:59:00.236 25916 25916 D EyeGuard-Sensor: 环境光线变化: 13.635 lux, 阈值: 4.0 lux
07-08 18:59:00.418 25916 25916 D EyeGuard-Sensor: 环境光线变化: 26.6625 lux, 阈值: 4.0 lux
07-08 18:59:00.419 25916 25916 D NotificationService: NotificationChannel (light_monitor_channel,光线监测,2)
07-08 18:59:00.425 25916 25916 V NotificationManager: io.github.danwangshi.eyeguard: notifyAsUser(1, Notification(channel=light_monitor_channel shortcut=null contentView=null bigContentView=null extras=Bundle[{android.title=不要关灯玩手机, android.reduced.images=true, android.subText=null, android.showChronometer=false, android.text=正在监测环境光线，当前亮度：26 lux, android.progress=0, android.progressMax=0, android.appInfo=ApplicationInfo{cb4b7aa io.github.danwangshi.eyeguard}, android.showWhen=true, android.largeIcon=null, android.infoText=null, android.progressIndeterminate=false, android.remoteInputHistory=null}] tickerText=null vibrate=null sound=null defaults=0x0 flags=0x2 color=0x00000000 actions=1 vis=PRIVATE))
07-08 18:59:00.600 25916 25916 D EyeGuard-Sensor: 环境光线变化: 28.080002 lux, 阈值: 4.0 lux
07-08 18:59:00.779 25916 25916 D EyeGuard-Sensor: 环境光线变化: 28.080002 lux, 阈值: 4.0 lux
07-08 18:59:00.956 25916 25916 D EyeGuard-Sensor: 环境光线变化: 28.080002 lux, 阈值: 4.0 lux
07-08 18:59:01.136 25916 25916 D EyeGuard-Sensor: 环境光线变化: 28.080002 lux, 阈值: 4.0 lux
07-08 18:59:01.316 25916 25916 D EyeGuard-Sensor: 环境光线变化: 28.080002 lux, 阈值: 4.0 lux
07-08 18:59:01.496 25916 25916 D EyeGuard-Sensor: 环境光线变化: 28.080002 lux, 阈值: 4.0 lux
07-08 18:59:01.676 25916 25916 D EyeGuard-Sensor: 环境光线变化: 28.080002 lux, 阈值: 4.0 lux
07-08 18:59:01.857 25916 25916 D EyeGuard-Sensor: 环境光线变化: 28.080002 lux, 阈值: 4.0 lux
07-08 18:59:02.036 25916 25916 D EyeGuard-Sensor: 环境光线变化: 28.080002 lux, 阈值: 4.0 lux
07-08 18:59:02.220 25916 25916 D EyeGuard-Sensor: 环境光线变化: 28.080002 lux, 阈值: 4.0 lux
07-08 18:59:02.396 25916 25916 D EyeGuard-Sensor: 环境光线变化: 28.080002 lux, 阈值: 4.0 lux
07-08 18:59:02.579 25916 25916 D EyeGuard-Sensor: 环境光线变化: 28.080002 lux, 阈值: 4.0 lux
07-08 18:59:02.756 25916 25916 D EyeGuard-Sensor: 环境光线变化: 28.080002 lux, 阈值: 4.0 lux
07-08 18:59:02.937 25916 25916 D EyeGuard-Sensor: 环境光线变化: 28.080002 lux, 阈值: 4.0 lux
07-08 18:59:03.117 25916 25916 D EyeGuard-Sensor: 环境光线变化: 28.080002 lux, 阈值: 4.0 lux
07-08 18:59:03.297 25916 25916 D EyeGuard-Sensor: 环境光线变化: 28.080002 lux, 阈值: 4.0 lux
07-08 18:59:03.477 25916 25916 D EyeGuard-Sensor: 环境光线变化: 17.7525 lux, 阈值: 4.0 lux
07-08 18:59:03.479 25916 25916 D NotificationService: NotificationChannel (light_monitor_channel,光线监测,2)
07-08 18:59:03.487 25916 25916 V NotificationManager: io.github.danwangshi.eyeguard: notifyAsUser(1, Notification(channel=light_monitor_channel shortcut=null contentView=null bigContentView=null extras=Bundle[{android.title=不要关灯玩手机, android.reduced.images=true, android.subText=null, android.showChronometer=false, android.text=正在监测环境光线，当前亮度：17 lux, android.progress=0, android.progressMax=0, android.appInfo=ApplicationInfo{cb4b7aa io.github.danwangshi.eyeguard}, android.showWhen=true, android.largeIcon=null, android.infoText=null, android.progressIndeterminate=false, android.remoteInputHistory=null}] tickerText=null vibrate=null sound=null defaults=0x0 flags=0x2 color=0x00000000 actions=1 vis=PRIVATE))
07-08 18:59:03.656 25916 25916 D EyeGuard-Sensor: 环境光线变化: 12.217501 lux, 阈值: 4.0 lux
07-08 18:59:03.657 25916 25916 D NotificationService: NotificationChannel (light_monitor_channel,光线监测,2)
07-08 18:59:03.661 25916 25916 V NotificationManager: io.github.danwangshi.eyeguard: notifyAsUser(1, Notification(channel=light_monitor_channel shortcut=null contentView=null bigContentView=null extras=Bundle[{android.title=不要关灯玩手机, android.reduced.images=true, android.subText=null, android.showChronometer=false, android.text=正在监测环境光线，当前亮度：12 lux, android.progress=0, android.progressMax=0, android.appInfo=ApplicationInfo{cb4b7aa io.github.danwangshi.eyeguard}, android.showWhen=true, android.largeIcon=null, android.infoText=null, android.progressIndeterminate=false, android.remoteInputHistory=null}] tickerText=null vibrate=null sound=null defaults=0x0 flags=0x2 color=0x00000000 actions=1 vis=PRIVATE))
07-08 18:59:03.837 25916 25916 D EyeGuard-Sensor: 环境光线变化: 15.660001 lux, 阈值: 4.0 lux
07-08 18:59:04.017 25916 25916 D EyeGuard-Sensor: 环境光线变化: 15.660001 lux, 阈值: 4.0 lux
07-08 18:59:04.197 25916 25916 D EyeGuard-Sensor: 环境光线变化: 15.660001 lux, 阈值: 4.0 lux
07-08 18:59:04.381 25916 25916 D EyeGuard-Sensor: 环境光线变化: 10.8675 lux, 阈值: 4.0 lux
07-08 18:59:04.556 25916 25916 D EyeGuard-Sensor: 环境光线变化: 8.775001 lux, 阈值: 4.0 lux
07-08 18:59:04.737 25916 25916 D EyeGuard-Sensor: 环境光线变化: 11.5425005 lux, 阈值: 4.0 lux
07-08 18:59:04.916 25916 25916 D EyeGuard-Sensor: 环境光线变化: 16.335001 lux, 阈值: 4.0 lux
07-08 18:59:05.096 25916 25916 D EyeGuard-Sensor: 环境光线变化: 15.660001 lux, 阈值: 4.0 lux
07-08 18:59:05.276 25916 25916 D EyeGuard-Sensor: 环境光线变化: 14.985001 lux, 阈值: 4.0 lux
07-08 18:59:05.456 25916 25916 D EyeGuard-Sensor: 环境光线变化: 14.985001 lux, 阈值: 4.0 lux
07-08 18:59:05.638 25916 25916 D EyeGuard-Sensor: 环境光线变化: 14.31 lux, 阈值: 4.0 lux
07-08 18:59:05.816 25916 25916 D EyeGuard-Sensor: 环境光线变化: 10.125 lux, 阈值: 4.0 lux
07-08 18:59:05.997 25916 25916 D EyeGuard-Sensor: 环境光线变化: 8.775001 lux, 阈值: 4.0 lux
07-08 18:59:06.176 25916 25916 D EyeGuard-Sensor: 环境光线变化: 8.775001 lux, 阈值: 4.0 lux
07-08 18:59:06.356 25916 25916 D EyeGuard-Sensor: 环境光线变化: 10.8675 lux, 阈值: 4.0 lux
07-08 18:59:06.538 25916 25916 D EyeGuard-Sensor: 环境光线变化: 8.775001 lux, 阈值: 4.0 lux
07-08 18:59:06.717 25916 25916 D EyeGuard-Sensor: 环境光线变化: 7.425 lux, 阈值: 4.0 lux
07-08 18:59:06.717 25916 25916 D NotificationService: NotificationChannel (light_monitor_channel,光线监测,2)
07-08 18:59:06.721 25916 25916 V NotificationManager: io.github.danwangshi.eyeguard: notifyAsUser(1, Notification(channel=light_monitor_channel shortcut=null contentView=null bigContentView=null extras=Bundle[{android.title=不要关灯玩手机, android.reduced.images=true, android.subText=null, android.showChronometer=false, android.text=正在监测环境光线，当前亮度：7 lux, android.progress=0, android.progressMax=0, android.appInfo=ApplicationInfo{cb4b7aa io.github.danwangshi.eyeguard}, android.showWhen=true, android.largeIcon=null, android.infoText=null, android.progressIndeterminate=false, android.remoteInputHistory=null}] tickerText=null vibrate=null sound=null defaults=0x0 flags=0x2 color=0x00000000 actions=1 vis=PRIVATE))
07-08 18:59:06.898 25916 25916 D EyeGuard-Sensor: 环境光线变化: 7.425 lux, 阈值: 4.0 lux
07-08 18:59:07.076 25916 25916 D EyeGuard-Sensor: 环境光线变化: 10.8675 lux, 阈值: 4.0 lux
07-08 18:59:07.258 25916 25916 D EyeGuard-Sensor: 环境光线变化: 10.125 lux, 阈值: 4.0 lux
07-08 18:59:07.436 25916 25916 D EyeGuard-Sensor: 环境光线变化: 10.125 lux, 阈值: 4.0 lux
07-08 18:59:07.617 25916 25916 D EyeGuard-Sensor: 环境光线变化: 8.775001 lux, 阈值: 4.0 lux
07-08 18:59:07.796 25916 25916 D EyeGuard-Sensor: 环境光线变化: 8.775001 lux, 阈值: 4.0 lux
07-08 18:59:07.979 25916 25916 D EyeGuard-Sensor: 环境光线变化: 12.217501 lux, 阈值: 4.0 lux
07-08 18:59:07.980 25916 25916 D NotificationService: NotificationChannel (light_monitor_channel,光线监测,2)
07-08 18:59:07.988 25916 25916 V NotificationManager: io.github.danwangshi.eyeguard: notifyAsUser(1, Notification(channel=light_monitor_channel shortcut=null contentView=null bigContentView=null extras=Bundle[{android.title=不要关灯玩手机, android.reduced.images=true, android.subText=null, android.showChronometer=false, android.text=正在监测环境光线，当前亮度：12 lux, android.progress=0, android.progressMax=0, android.appInfo=ApplicationInfo{cb4b7aa io.github.danwangshi.eyeguard}, android.showWhen=true, android.largeIcon=null, android.infoText=null, android.progressIndeterminate=false, android.remoteInputHistory=null}] tickerText=null vibrate=null sound=null defaults=0x0 flags=0x2 color=0x00000000 actions=1 vis=PRIVATE))
07-08 18:59:08.160 25916 25916 D EyeGuard-Sensor: 环境光线变化: 8.775001 lux, 阈值: 4.0 lux
07-08 18:59:08.336 25916 25916 D EyeGuard-Sensor: 环境光线变化: 7.425 lux, 阈值: 4.0 lux
07-08 18:59:08.337 25916 25916 D NotificationService: NotificationChannel (light_monitor_channel,光线监测,2)
07-08 18:59:08.344 25916 25916 V NotificationManager: io.github.danwangshi.eyeguard: notifyAsUser(1, Notification(channel=light_monitor_channel shortcut=null contentView=null bigContentView=null extras=Bundle[{android.title=不要关灯玩手机, android.reduced.images=true, android.subText=null, android.showChronometer=false, android.text=正在监测环境光线，当前亮度：7 lux, android.progress=0, android.progressMax=0, android.appInfo=ApplicationInfo{cb4b7aa io.github.danwangshi.eyeguard}, android.showWhen=true, android.largeIcon=null, android.infoText=null, android.progressIndeterminate=false, android.remoteInputHistory=null}] tickerText=null vibrate=null sound=null defaults=0x0 flags=0x2 color=0x00000000 actions=1 vis=PRIVATE))
07-08 18:59:08.516 25916 25916 D EyeGuard-Sensor: 环境光线变化: 6.0075 lux, 阈值: 4.0 lux
07-08 18:59:08.699 25916 25916 D EyeGuard-Sensor: 环境光线变化: 6.0075 lux, 阈值: 4.0 lux
07-08 18:59:08.877 25916 25916 D EyeGuard-Sensor: 环境光线变化: 6.0075 lux, 阈值: 4.0 lux
07-08 18:59:09.056 25916 25916 D EyeGuard-Sensor: 环境光线变化: 5.3325 lux, 阈值: 4.0 lux
07-08 18:59:09.238 25916 25916 D EyeGuard-Sensor: 环境光线变化: 4.6575003 lux, 阈值: 4.0 lux
07-08 18:59:09.417 25916 25916 D EyeGuard-Sensor: 环境光线变化: 4.6575003 lux, 阈值: 4.0 lux
07-08 18:59:09.598 25916 25916 D EyeGuard-Sensor: 环境光线变化: 3.9825 lux, 阈值: 4.0 lux
07-08 18:59:09.599 25916 25916 D EyeGuard-StateMachine: [IDLE] 光线不足，启动锁定倒计时 3000ms
07-08 18:59:09.778 25916 25916 D EyeGuard-Sensor: 环境光线变化: 3.9825 lux, 阈值: 4.0 lux
07-08 18:59:09.957 25916 25916 D EyeGuard-Sensor: 环境光线变化: 3.9825 lux, 阈值: 4.0 lux
07-08 18:59:10.138 25916 25916 D EyeGuard-Sensor: 环境光线变化: 3.9825 lux, 阈值: 4.0 lux
07-08 18:59:10.317 25916 25916 D EyeGuard-Sensor: 环境光线变化: 3.9825 lux, 阈值: 4.0 lux
07-08 18:59:10.496 25916 25916 D EyeGuard-Sensor: 环境光线变化: 3.9825 lux, 阈值: 4.0 lux
07-08 18:59:10.630 25916 26141 E OpenGLRenderer: Unable to match the desired swap behavior.
07-08 18:59:10.677 25916 25916 D EyeGuard-Sensor: 环境光线变化: 3.9825 lux, 阈值: 4.0 lux
07-08 18:59:10.859 25916 25916 D EyeGuard-Sensor: 环境光线变化: 3.9825 lux, 阈值: 4.0 lux
07-08 18:59:10.883 25916 26239 D ContentCapture: checkAgreedPrivayPolicy
07-08 18:59:10.893 25916 26239 D ContentCapture: checkAgreedPrivayPolicy mHasAgreedPirvacyPolicy: true
07-08 18:59:10.896 25916 26239 D ContentCapture: checkLongClickAndCapture.v:2 x:53 y:149
07-08 18:59:10.903 25916 26239 D ContentCapture: findViewOnPointer
07-08 18:59:10.903 25916 26239 V ContentCapture: checkViewBlackList, pkg:io.github.danwangshi.eyeguard act:io.github.danwangshi.eyeguard.MainActivity cls:android.widget.ScrollView self:android.widget.ScrollView id:io.github.danwangshi.eyeguard:id/layout_main_settings term:
07-08 18:59:10.915 25916 25916 D ContentCapture: touchPoint downX: 53, downY: 149
07-08 18:59:10.915 25916 25916 D ContentCapture: setCaptureParams isCollectionEnable = false, isVoiceRecorderEnable = false, rules: []
07-08 18:59:10.915 25916 25916 D ContentCapture: capture clickVersion: 2 ,isAiPicker: false
07-08 18:59:10.916 25916 25916 D ContentCapture: captureBegin 0
07-08 18:59:10.917 25916 26239 V ContentCapture: getSendResultTimeout from settings = 800
07-08 18:59:10.917 25916 26239 V ContentCapture: LongPress delays. capture:250 result:800
07-08 18:59:10.921 25916 25916 V ContentCapture: start pick result = true main:true, mMultiBitmap = false
07-08 18:59:10.921 25916 25916 D ContentCapture: doCapture, delay = 0 ,clickVersion: 2
07-08 18:59:10.922 25916 25916 D ContentCapture: start capture
07-08 18:59:10.922 25916 25916 D ContentCapture: start capture pickerConfigValue: -1
07-08 18:59:10.924 25916 25916 D WebViewInfoPicker: getWebViewUrl com.android.internal.policy.DecorView
07-08 18:59:10.924 25916 25916 W WebViewInfoPicker: com.android.internal.policy.DecorView getMethod failed:  null
07-08 18:59:10.924 25916 25916 D ContentCapture: capture consume time: 3ms
07-08 18:59:10.925 25916 25916 V ContentCapture: start scan
07-08 18:59:10.928 25916 25916 V ContentCapture: scanViewList
07-08 18:59:10.930 25916 25916 V ContentCapture: fillContent
07-08 18:59:10.931 25916 25916 D WebViewInfoPicker: getWebViewUrl com.android.internal.policy.DecorView
07-08 18:59:10.931 25916 25916 V ContentCapture: getBitmapFromDrawable drawable getIntrinsicWidth: -1, getIntrinsicHeight: -1, drawable.getClass().getName(): android.graphics.drawable.ColorDrawable
07-08 18:59:10.931 25916 25916 D FindContentCanvas: drawRect left: 0.0, top: 0.0, right: 1080.0, bottom: 2400.0
07-08 18:59:10.932 25916 25916 V ContentCapture: getBitmapFromDrawable 0
07-08 18:59:10.932 25916 25916 V ContentCapture: getBitmapFromDrawable 0
07-08 18:59:10.933 25916 25916 V ContentCapture: getBitmapFromDrawable 0
07-08 18:59:10.933 25916 25916 V ContentCapture: getBitmapFromDrawable 0
07-08 18:59:10.933 25916 26239 V ContentCapture: sendPickerScreenShotEvent longClickVersion: 2
07-08 18:59:10.933 25916 25916 V ContentCapture: getBitmapFromDrawable drawable getIntrinsicWidth: -1, getIntrinsicHeight: -1, drawable.getClass().getName(): android.graphics.drawable.ColorDrawable
07-08 18:59:10.934 25916 25916 D FindContentCanvas: drawRect left: 0.0, top: 0.0, right: 1080.0, bottom: 2219.0
07-08 18:59:10.934 25916 25916 V ContentCapture: getBitmapFromDrawable 0
07-08 18:59:10.934 25916 25916 V ContentCapture: getBitmapFromDrawable 0
07-08 18:59:10.935 25916 25916 D WebViewInfoPicker: getWebViewUrl androidx.cardview.widget.CardView
07-08 18:59:10.935 25916 25916 W WebViewInfoPicker: androidx.cardview.widget.CardView getMethod failed:  null
07-08 18:59:10.935 25916 25916 V ContentCapture: getBitmapFromDrawable drawable getIntrinsicWidth: -1, getIntrinsicHeight: -1, drawable.getClass().getName(): androidx.cardview.widget.RoundRectDrawable
07-08 18:59:10.935 25916 25916 D FindContentCanvas: drawRoundRect left: 0.0, top: 0.0, right: 956.0, bottom: 1093.0
07-08 18:59:10.936 25916 25916 V ContentCapture: getBitmapFromDrawable 0
07-08 18:59:10.936 25916 26239 V ContentCapture: sendPickerScreenShotEvent result = true
07-08 18:59:10.936 25916 26239 D ContentCapture: doCapture, consume: 14 ms
07-08 18:59:10.936 25916 26239 D ContentCapture: sendPickerResult bitmapSize: 0, bmp: null
07-08 18:59:10.936 25916 25916 V ContentCapture: find text = 锁定阈值
07-08 18:59:10.936 25916 25916 V ContentCapture: find text = 环境亮度低于此值时将锁定手机
07-08 18:59:10.937 25916 25916 V ContentCapture: find text = 4
07-08 18:59:10.937 25916 26239 V ContentCapture: sendPickerResult, pick_fw_version=200708, hasContent=false, x=53, y=149, package=io.github.danwangshi.eyeguard, activity=io.github.danwangshi.eyeguard.MainActivity, uid=10355, pid=25916, window_token=android.view.ViewRootImpl$W@9e6db49, result=ContentInfo {view_class_name=null, view_self_class_name=null, view_id=null, contains_in_list_class=null, contains_in_list_id=null, text=null, hint=null, firstExtraText=null, paragrap=null, url=null, bitmaps.size=0, bitmap_from=0, webview_hit_type=0, webview_hit_extra=null, bound=Rect(0, 0 - 0, 0)}, topMostResult=ContentInfo {view_class_name=android.widget.LinearLayout, view_self_class_name=android.widget.LinearLayout, view_id=null, contains_in_list_class=null, contains_in_list_id=null, text=null, hint=null, firstExtraText=null, paragrap=null, url=null, bitmaps.size=0, bitmap_from=0, webview_hit_type=0, webview_hit_extra=null, bound=Rect(0, 116 - 1080, 2447)}, text=null, firstExtraText=null, bitmapByteSize=0, isJpg=false, imageUriStr=
07-08 18:59:10.937 25916 25916 V ContentCapture: find text = lux
07-08 18:59:10.937 25916 25916 V ContentCapture: find text = 点击数值可手动输入
07-08 18:59:10.938 25916 25916 D FindContentCanvas: drawRoundRect left: 0.0, top: 38.0, right: 748.0, bottom: 86.0
07-08 18:59:10.938 25916 25916 D FindContentCanvas: drawRoundRect left: 0.0, top: 38.0, right: 748.0, bottom: 86.0
07-08 18:59:10.938 25916 25916 D FindContentCanvas: drawOval left: 8.5, top: 33.5, right: 65.5, bottom: 90.5
07-08 18:59:10.938 25916 25916 D FindContentCanvas: drawOval left: 8.5, top: 33.5, right: 65.5, bottom: 90.5
07-08 18:59:10.939 25916 25916 V ContentCapture: find text = 0
07-08 18:59:10.939 25916 25916 V ContentCapture: find text = 150
07-08 18:59:10.939 25916 25916 V ContentCapture: find text = 300
07-08 18:59:10.939 25916 25916 V ContentCapture: find text = 参考值：夜晚关灯(0-10) 昏暗环境(10-50) 夜晚开灯(50-200) 明亮环境(300+)
07-08 18:59:10.939 25916 25916 V ContentCapture: find text = 当前环境亮度：
07-08 18:59:10.939 25916 25916 V ContentCapture: find text = 3
07-08 18:59:10.939 25916 25916 V ContentCapture: find text = lux
07-08 18:59:10.940 25916 25916 D WebViewInfoPicker: getWebViewUrl androidx.cardview.widget.CardView
07-08 18:59:10.940 25916 25916 V ContentCapture: getBitmapFromDrawable drawable getIntrinsicWidth: -1, getIntrinsicHeight: -1, drawable.getClass().getName(): androidx.cardview.widget.RoundRectDrawable
07-08 18:59:10.940 25916 25916 D FindContentCanvas: drawRoundRect left: 0.0, top: 0.0, right: 956.0, bottom: 298.0
07-08 18:59:10.940 25916 25916 V ContentCapture: getBitmapFromDrawable 0
07-08 18:59:10.941 25916 25916 V ContentCapture: find text = 防抖延迟触发
07-08 18:59:10.941 25916 25916 V ContentCapture: find text = 开启后，光线持续低于/高于阈值 3 秒才触发锁定/解锁，避免偶然遮挡频繁触发
07-08 18:59:10.941 25916 25916 V ContentCapture: find text =
07-08 18:59:10.941 25916 25916 V ContentCapture: find text = 停止
07-08 18:59:10.941 25916 25916 V ContentCapture: find text = 使用提示：开启权限后点击「运行」，当环境光线变暗时，手机会自动锁定。
07-08 18:59:10.942 25916 25916 V ContentCapture: find text = ⚙️ 稳定运行设置指引
07-08 18:59:10.942 25916 25916 D WebViewInfoPicker: getWebViewUrl android.view.View
07-08 18:59:10.942 25916 25916 W WebViewInfoPicker: android.view.View getMethod failed:  null
07-08 18:59:10.942 25916 25916 D FindContentCanvas: drawRect left: 0.0, top: 0.0, right: 1080.0, bottom: 65.0
07-08 18:59:10.942 25916 25916 D WebViewInfoPicker: getWebViewUrl android.view.View
07-08 18:59:10.942 25916 25916 D FindContentCanvas: drawRect left: 0.0, top: 0.0, right: 1080.0, bottom: 116.0
07-08 18:59:10.943 25916 25916 V ContentCapture: scan time = 18
07-08 18:59:11.036 25916 25916 D EyeGuard-Sensor: 环境光线变化: 3.9825 lux, 阈值: 4.0 lux
07-08 18:59:11.216 25916 25916 D EyeGuard-Sensor: 环境光线变化: 3.9825 lux, 阈值: 4.0 lux
07-08 18:59:11.396 25916 25916 D EyeGuard-Sensor: 环境光线变化: 3.9825 lux, 阈值: 4.0 lux
07-08 18:59:11.468 25916 26239 D ContentCapture: performLongClick.v:2
07-08 18:59:11.468 25916 26239 D ContentCapture: isHandlingLongClick mClickVersion: 2 ,clickVersion: 2
07-08 18:59:11.472 25916 26239 V ContentCapture: sendPickerLongClickEvent result = true
07-08 18:59:11.472 25916 26239 V ContentCapture: filterImageViews
07-08 18:59:11.472 25916 26239 V ContentCapture: filterImageViews:content://com.meizu.picker.pickerengine.SaveProvider.saveFile/content/0, consume: 0 ms
07-08 18:59:11.472 25916 26239 V ContentCapture: parse time = 1
07-08 18:59:11.474 25916 26239 V ContentCapture: onResultFinished 0:PageInfo{, mRect=Rect(0, 0 - 1080, 2400), mScreenshotUri=content://com.meizu.picker.pickerengine.SaveProvider.saveFile/content/0, pkg='io.github.danwangshi.eyeguard', act='io.github.danwangshi.eyeguard.MainActivity', orientation=1, mTextList=[[text:t=锁定阈值 r=Rect(124, 282 - 416, 391)], [text:t=环境亮度低于此值时将锁定手机 r=Rect(124, 412 - 852, 490)], [text:t=4 r=Rect(124, 552 - 180, 670)], [text:t=lux r=Rect(185, 577 - 248, 645)], [text:t=点击数值可手动输入 r=Rect(279, 584 - 603, 638)], [text:t=0 r=Rect(124, 858 - 401, 926)], [text:t=150 r=Rect(401, 858 - 678, 926)], [text:t=300 r=Rect(678, 858 - 956, 926)], [text:t=参考值：夜晚关灯(0-10) 昏暗环境(10-50) 夜晚开灯(50-200) 明亮环境(300+) r=Rect(124, 957 - 956, 1081)], [text:t=当前环境亮度： r=Rect(124, 1149 - 523, 1235)], [text:t=3 r=Rect(539, 1133 - 594, 1251)], [text:t=lux r=Rect(599, 1158 - 662, 1226)], [text:t=防抖延迟触发 r=Rect(114, 1407 - 426, 1485)], [text:t=开启后，光线持续低于/高于阈值 3 秒才触发锁定/解锁，避免偶然遮挡频繁触发 r=Rect(114, 1495 - 841, 1601)], [text:t=停止 r=Rect(62, 1715 - 1018, 1923)], [text:t=使用提示：开启权限后点击「运行」，当环境光线变暗时，手机会自动锁定。 r=Rect(62, 1985 - 1018, 2125)], [text:t=⚙️ 稳定运行设置指引 r=Rect(62, 2229 - 1018, 2385)]], mImageList=[], mWebList=[], mToken=android.view.ViewRootImpl$W@9e6db49}
07-08 18:59:11.475 25916 26239 V ContentCapture: onResultFinished:PageInfo{, mRect=Rect(0, 0 - 1080, 2400), mScreenshotUri=content://com.meizu.picker.pickerengine.SaveProvider.saveFile/content/0, pkg='io.github.danwangshi.eyeguard', act='io.github.danwangshi.eyeguard.MainActivity', orientation=1, mTextList=[[text:t=锁定阈值 r=Rect(124, 282 - 416, 391)], [text:t=环境亮度低于此值时将锁定手机 r=Rect(124, 412 - 852, 490)], [text:t=4 r=Rect(124, 552 - 180, 670)], [text:t=lux r=Rect(185, 577 - 248, 645)], [text:t=点击数值可手动输入 r=Rect(279, 584 - 603, 638)], [text:t=0 r=Rect(124, 858 - 401, 926)], [text:t=150 r=Rect(401, 858 - 678, 926)], [text:t=300 r=Rect(678, 858 - 956, 926)], [text:t=参考值：夜晚关灯(0-10) 昏暗环境(10-50) 夜晚开灯(50-200) 明亮环境(300+) r=Rect(124, 957 - 956, 1081)], [text:t=当前环境亮度： r=Rect(124, 1149 - 523, 1235)], [text:t=3 r=Rect(539, 1133 - 594, 1251)], [text:t=lux r=Rect(599, 1158 - 662, 1226)], [text:t=防抖延迟触发 r=Rect(114, 1407 - 426, 1485)], [text:t=开启后，光线持续低于/高于阈值 3 秒才触发锁定/解锁，避免偶然遮挡频繁触发 r=Rect(114, 1495 - 841, 1601)], [text:t=停止 r=Rect(62, 1715 - 1018, 1923)], [text:t=使用提示：开启权限后点击「运行」，当环境光线变暗时，手机会自动锁定。 r=Rect(62, 1985 - 1018, 2125)], [text:t=⚙️ 稳定运行设置指引 r=Rect(62, 2229 - 1018, 2385)]], mImageList=[], mWebList=[], mToken=android.view.ViewRootImpl$W@9e6db49}
07-08 18:59:11.577 25916 25916 D EyeGuard-Sensor: 环境光线变化: 3.9825 lux, 阈值: 4.0 lux
07-08 18:59:11.642 25916 25916 D LockAccessibilityService: 窗口变化: com.meizu.picker / android.widget.RelativeLayout
07-08 18:59:11.756 25916 25916 D EyeGuard-Sensor: 环境光线变化: 3.9825 lux, 阈值: 4.0 lux
07-08 18:59:11.937 25916 25916 D EyeGuard-Sensor: 环境光线变化: 3.9825 lux, 阈值: 4.0 lux
07-08 18:59:12.117 25916 25916 D EyeGuard-Sensor: 环境光线变化: 3.9825 lux, 阈值: 4.0 lux
07-08 18:59:12.296 25916 25916 D EyeGuard-Sensor: 环境光线变化: 3.9825 lux, 阈值: 4.0 lux
07-08 18:59:12.476 25916 25916 D EyeGuard-Sensor: 环境光线变化: 3.9825 lux, 阈值: 4.0 lux
07-08 18:59:12.599 25916 25916 D EyeGuard-StateMachine: [IDLE] 锁定倒计时结束，执行锁定
07-08 18:59:12.599 25916 25916 D EyeGuard-StateMachine: 状态转换: IDLE → LOCKED
07-08 18:59:12.600 25916 25916 D LightMonitorService: 锁定设备，当前亮度: 3.9825 lux
07-08 18:59:12.600 25916 25916 D LockAccessibilityService: 锁定状态设置为: true
07-08 18:59:12.609 25916 25916 D NotificationService: NotificationChannel (light_monitor_channel,光线监测,2)
07-08 18:59:12.613 25916 25916 V NotificationManager: io.github.danwangshi.eyeguard: notifyAsUser(1, Notification(channel=light_monitor_channel shortcut=null contentView=null bigContentView=null extras=Bundle[{android.title=不要关灯玩手机, android.reduced.images=true, android.subText=null, android.showChronometer=false, android.text=光线太暗，手机已锁定, android.progress=0, android.progressMax=0, android.appInfo=ApplicationInfo{cb4b7aa io.github.danwangshi.eyeguard}, android.showWhen=true, android.largeIcon=null, android.infoText=null, android.progressIndeterminate=false, android.remoteInputHistory=null}] tickerText=null vibrate=null sound=null defaults=0x0 flags=0x2 color=0x00000000 actions=1 vis=PRIVATE))
07-08 18:59:12.618 25916 25916 D LockOverlayService: onCreate
07-08 18:59:12.619 25916 25916 I CameraManagerGlobal: Connecting to camera service
07-08 18:59:12.627 25916 25916 W libc    : Access denied finding property "vendor.camera.aux.packagelist"
07-08 18:59:12.628 25916 25916 W libc    : Access denied finding property "vendor.camera.aux.packagelist"
07-08 18:59:12.628 25916 25916 W libc    : Access denied finding property "vendor.camera.aux.packagelist"
07-08 18:59:12.628 25916 25916 W CameraManagerGlobal: [soar.cts] ignore the status update of camera: 2
07-08 18:59:12.628 25916 25916 W libc    : Access denied finding property "vendor.camera.aux.packagelist"
07-08 18:59:12.628 25916 25916 W CameraManagerGlobal: [soar.cts] ignore the status update of camera: 3
07-08 18:59:12.628 25916 25916 W libc    : Access denied finding property "vendor.camera.aux.packagelist"
07-08 18:59:12.628 25916 25916 W CameraManagerGlobal: [soar.cts] ignore the status update of camera: 4
07-08 18:59:12.628 25916 25916 W libc    : Access denied finding property "vendor.camera.aux.packagelist"
07-08 18:59:12.628 25916 25933 W libc    : Access denied finding property "vendor.camera.aux.packagelist"
07-08 18:59:12.629 25916 25933 W libc    : Access denied finding property "vendor.camera.aux.packagelist"
07-08 18:59:12.629 25916 25933 W CameraManagerGlobal: ignore the torch status update of camera: 2
07-08 18:59:12.629 25916 25933 W libc    : Access denied finding property "vendor.camera.aux.packagelist"
07-08 18:59:12.629 25916 25933 W CameraManagerGlobal: ignore the torch status update of camera: 3
07-08 18:59:12.629 25916 25933 W libc    : Access denied finding property "vendor.camera.aux.packagelist"
07-08 18:59:12.629 25916 25933 W CameraManagerGlobal: ignore the torch status update of camera: 4
07-08 18:59:12.634 25916 25916 D LockOverlayService: onStartCommand: io.github.danwangshi.eyeguard.ACTION_SHOW_LOCK
07-08 18:59:12.634 25916 25916 D LockOverlayService: 创建锁定覆盖层
07-08 18:59:12.689 25916 25916 D LockOverlayService: 注册手电筒状态回调
07-08 18:59:12.689 25916 25916 D LockOverlayService: 锁定覆盖层显示成功
07-08 18:59:12.690 25916 25916 D EyeGuard-Sensor: 环境光线变化: 3.9825 lux, 阈值: 4.0 lux
07-08 18:59:12.693 25916 25916 D EyeGuard-StateMachine: [LOCKED] 光线仍然低于阈值，保持锁定
07-08 18:59:12.710 25916 26141 E OpenGLRenderer: Unable to match the desired swap behavior.
07-08 18:59:12.726 25916 25916 D LockOverlayService: 手电筒外部状态变化: false
07-08 18:59:12.726 25916 25916 D LockOverlayService: onStartCommand: io.github.danwangshi.eyeguard.ACTION_UPDATE_LUX
07-08 18:59:12.836 25916 25916 D EyeGuard-Sensor: 环境光线变化: 3.2400002 lux, 阈值: 4.0 lux
07-08 18:59:12.839 25916 25916 D EyeGuard-StateMachine: [LOCKED] 光线仍然低于阈值，保持锁定
07-08 18:59:12.841 25916 25916 D LockOverlayService: onStartCommand: io.github.danwangshi.eyeguard.ACTION_UPDATE_LUX
07-08 18:59:12.866 25916 25916 D LockAccessibilityService: 窗口变化: io.github.danwangshi.eyeguard / android.widget.FrameLayout
07-08 18:59:13.018 25916 25916 D EyeGuard-Sensor: 环境光线变化: 0.54 lux, 阈值: 4.0 lux
07-08 18:59:13.020 25916 25916 D EyeGuard-StateMachine: [LOCKED] 光线仍然低于阈值，保持锁定
07-08 18:59:13.021 25916 25916 D LockOverlayService: onStartCommand: io.github.danwangshi.eyeguard.ACTION_UPDATE_LUX
07-08 18:59:13.198 25916 25916 D EyeGuard-Sensor: 环境光线变化: 0.0 lux, 阈值: 4.0 lux
07-08 18:59:13.202 25916 25916 D EyeGuard-StateMachine: [LOCKED] 光线仍然低于阈值，保持锁定
07-08 18:59:13.204 25916 25916 D LockOverlayService: onStartCommand: io.github.danwangshi.eyeguard.ACTION_UPDATE_LUX
07-08 18:59:13.377 25916 25916 D EyeGuard-Sensor: 环境光线变化: 0.0 lux, 阈值: 4.0 lux
07-08 18:59:13.381 25916 25916 D EyeGuard-StateMachine: [LOCKED] 光线仍然低于阈值，保持锁定
07-08 18:59:13.382 25916 25916 D LockOverlayService: onStartCommand: io.github.danwangshi.eyeguard.ACTION_UPDATE_LUX
07-08 18:59:13.557 25916 25916 D EyeGuard-Sensor: 环境光线变化: 0.0 lux, 阈值: 4.0 lux
07-08 18:59:13.561 25916 25916 D EyeGuard-StateMachine: [LOCKED] 光线仍然低于阈值，保持锁定
07-08 18:59:13.577 25916 25916 D LockOverlayService: onStartCommand: io.github.danwangshi.eyeguard.ACTION_UPDATE_LUX
07-08 18:59:13.737 25916 25916 D EyeGuard-Sensor: 环境光线变化: 0.0 lux, 阈值: 4.0 lux
07-08 18:59:13.740 25916 25916 D EyeGuard-StateMachine: [LOCKED] 光线仍然低于阈值，保持锁定
07-08 18:59:13.742 25916 25916 D LockOverlayService: onStartCommand: io.github.danwangshi.eyeguard.ACTION_UPDATE_LUX
07-08 18:59:13.917 25916 25916 D EyeGuard-Sensor: 环境光线变化: 0.54 lux, 阈值: 4.0 lux
07-08 18:59:13.920 25916 25916 D EyeGuard-StateMachine: [LOCKED] 光线仍然低于阈值，保持锁定
07-08 18:59:13.935 25916 25916 D LockOverlayService: onStartCommand: io.github.danwangshi.eyeguard.ACTION_UPDATE_LUX
07-08 18:59:14.091 25916 25916 D EyeGuard-Sensor: 环境光线变化: 0.0 lux, 阈值: 4.0 lux
07-08 18:59:14.093 25916 25916 D EyeGuard-StateMachine: [LOCKED] 光线仍然低于阈值，保持锁定
07-08 18:59:14.099 25916 25916 D LockOverlayService: onStartCommand: io.github.danwangshi.eyeguard.ACTION_UPDATE_LUX
07-08 18:59:14.276 25916 25916 D EyeGuard-Sensor: 环境光线变化: 0.0 lux, 阈值: 4.0 lux
07-08 18:59:14.280 25916 25916 D EyeGuard-StateMachine: [LOCKED] 光线仍然低于阈值，保持锁定
07-08 18:59:14.280 25916 25916 D LockOverlayService: onStartCommand: io.github.danwangshi.eyeguard.ACTION_UPDATE_LUX
07-08 18:59:14.457 25916 25916 D EyeGuard-Sensor: 环境光线变化: 0.0 lux, 阈值: 4.0 lux
07-08 18:59:14.462 25916 25916 D EyeGuard-StateMachine: [LOCKED] 光线仍然低于阈值，保持锁定
07-08 18:59:14.463 25916 25916 D LockOverlayService: onStartCommand: io.github.danwangshi.eyeguard.ACTION_UPDATE_LUX
07-08 18:59:14.472 25916 26239 V ContentCapture: sendPickerBackEvent result = true
07-08 18:59:14.636 25916 25916 D EyeGuard-Sensor: 环境光线变化: 0.0 lux, 阈值: 4.0 lux
07-08 18:59:14.639 25916 25916 D EyeGuard-StateMachine: [LOCKED] 光线仍然低于阈值，保持锁定
07-08 18:59:14.640 25916 25916 D LockOverlayService: onStartCommand: io.github.danwangshi.eyeguard.ACTION_UPDATE_LUX
07-08 18:59:14.816 25916 25916 D EyeGuard-Sensor: 环境光线变化: 0.0 lux, 阈值: 4.0 lux
07-08 18:59:14.819 25916 25916 D EyeGuard-StateMachine: [LOCKED] 光线仍然低于阈值，保持锁定
07-08 18:59:14.821 25916 25916 D LockOverlayService: onStartCommand: io.github.danwangshi.eyeguard.ACTION_UPDATE_LUX
07-08 18:59:14.989 25916 25916 D EyeGuard-Sensor: 环境光线变化: 0.0 lux, 阈值: 4.0 lux
07-08 18:59:14.992 25916 25916 D EyeGuard-StateMachine: [LOCKED] 光线仍然低于阈值，保持锁定
07-08 18:59:14.995 25916 25916 D LockOverlayService: onStartCommand: io.github.danwangshi.eyeguard.ACTION_UPDATE_LUX
07-08 18:59:15.054 25916 25916 V ContentCapture: ACTION_UP
07-08 18:59:15.054 25916 25916 D ContentCapture: giveUpPerformLongClick1 longClickVersion: 2
07-08 18:59:15.054 25916 25916 V ContentCapture: sendPickerGiveUpLongClickEvent longClickVersion = 2
07-08 18:59:15.178 25916 25916 D EyeGuard-Sensor: 环境光线变化: 0.0 lux, 阈值: 4.0 lux
07-08 18:59:15.180 25916 25916 D EyeGuard-StateMachine: [LOCKED] 光线仍然低于阈值，保持锁定
07-08 18:59:15.182 25916 25916 D LockOverlayService: onStartCommand: io.github.danwangshi.eyeguard.ACTION_UPDATE_LUX
07-08 18:59:15.200 25916 26239 V ContentCapture: sendPickerBackEvent result = true
07-08 18:59:15.244 25916 25916 D LockAccessibilityService: 窗口变化: io.github.danwangshi.eyeguard / android.widget.FrameLayout
07-08 18:59:15.356 25916 25916 D EyeGuard-Sensor: 环境光线变化: 0.0 lux, 阈值: 4.0 lux
07-08 18:59:15.360 25916 25916 D EyeGuard-StateMachine: [LOCKED] 光线仍然低于阈值，保持锁定
07-08 18:59:15.361 25916 25916 D LockOverlayService: onStartCommand: io.github.danwangshi.eyeguard.ACTION_UPDATE_LUX
07-08 18:59:15.536 25916 25916 D EyeGuard-Sensor: 环境光线变化: 0.0 lux, 阈值: 4.0 lux
07-08 18:59:15.540 25916 25916 D EyeGuard-StateMachine: [LOCKED] 光线仍然低于阈值，保持锁定
07-08 18:59:15.542 25916 25916 D LockOverlayService: onStartCommand: io.github.danwangshi.eyeguard.ACTION_UPDATE_LUX
07-08 18:59:15.716 25916 25916 D EyeGuard-Sensor: 环境光线变化: 0.0 lux, 阈值: 4.0 lux
07-08 18:59:15.720 25916 25916 D EyeGuard-StateMachine: [LOCKED] 光线仍然低于阈值，保持锁定
07-08 18:59:15.721 25916 25916 D LockOverlayService: onStartCommand: io.github.danwangshi.eyeguard.ACTION_UPDATE_LUX
07-08 18:59:15.761 25916 26141 E OpenGLRenderer: Unable to match the desired swap behavior.
07-08 18:59:15.820 25916 25916 D LockOverlayService: 紧急电话按钮点击
07-08 18:59:15.820 25916 25916 D LockOverlayService: 移除锁定覆盖层
07-08 18:59:15.822 25916 25916 D LockOverlayService: 取消手电筒状态回调
07-08 18:59:15.822 25916 25916 D LockOverlayService: 锁定覆盖层移除成功
07-08 18:59:15.845 25916 25916 D LockOverlayService: 打开紧急拨号器，已移除覆盖层，电话应用激活
07-08 18:59:15.846 25916 25916 W WindowOnBackDispatcher: sendCancelIfRunning: isInProgress=falsecallback=android.view.ViewRootImpl$$ExternalSyntheticLambda17@6ab06e3
07-08 18:59:15.900 25916 25916 D EyeGuard-Sensor: 环境光线变化: 0.0 lux, 阈值: 4.0 lux
07-08 18:59:15.900 25916 25916 D EyeGuard-StateMachine: 通话中或电话应用活跃，保持当前状态 (state=LOCKED, isLocked=true)
07-08 18:59:15.983 25916 25916 D LockAccessibilityService: 窗口变化: io.github.danwangshi.eyeguard / io.github.danwangshi.eyeguard.MainActivity
07-08 18:59:15.984 25916 25916 D LockAccessibilityService: 离开电话应用，重新启用遮罩
07-08 18:59:16.080 25916 25916 D EyeGuard-Sensor: 环境光线变化: 4.7925 lux, 阈值: 4.0 lux
07-08 18:59:16.080 25916 25916 D EyeGuard-StateMachine: [LOCKED] 光线恢复，立即解锁
07-08 18:59:16.080 25916 25916 D EyeGuard-StateMachine: 状态转换: LOCKED → COOLDOWN
07-08 18:59:16.080 25916 25916 D LightMonitorService: 解除锁定，当前亮度: 4.7925 lux
07-08 18:59:16.080 25916 25916 D LockAccessibilityService: 锁定状态设置为: false
07-08 18:59:16.089 25916 25916 D NotificationService: NotificationChannel (light_monitor_channel,光线监测,2)
07-08 18:59:16.113 25916 25916 V NotificationManager: io.github.danwangshi.eyeguard: notifyAsUser(1, Notification(channel=light_monitor_channel shortcut=null contentView=null bigContentView=null extras=Bundle[{android.title=不要关灯玩手机, android.reduced.images=true, android.subText=null, android.showChronometer=false, android.text=正在监测环境光线，当前亮度：4 lux, android.progress=0, android.progressMax=0, android.appInfo=ApplicationInfo{cb4b7aa io.github.danwangshi.eyeguard}, android.showWhen=true, android.largeIcon=null, android.infoText=null, android.progressIndeterminate=false, android.remoteInputHistory=null}] tickerText=null vibrate=null sound=null defaults=0x0 flags=0x2 color=0x00000000 actions=1 vis=PRIVATE))
07-08 18:59:16.153 25916 25916 D EyeGuard-StateMachine: 启动冷却倒计时 3000ms
07-08 18:59:16.156 25916 25916 D LockOverlayService: onStartCommand: io.github.danwangshi.eyeguard.ACTION_REMOVE_LOCK
07-08 18:59:16.256 25916 25916 D EyeGuard-Sensor: 环境光线变化: 7.0875 lux, 阈值: 4.0 lux
07-08 18:59:16.256 25916 25916 D EyeGuard-StateMachine: [COOLDOWN] 冷却中，记录光线状态: 高于阈值
07-08 18:59:16.347 25916 25916 D LockAccessibilityService: 窗口变化: com.android.dialer / com.android.dialer.DialtactsActivity
07-08 18:59:16.437 25916 25916 D EyeGuard-Sensor: 环境光线变化: 6.3450003 lux, 阈值: 4.0 lux
07-08 18:59:16.437 25916 25916 D EyeGuard-StateMachine: [COOLDOWN] 冷却中，记录光线状态: 高于阈值
07-08 18:59:16.480 25916 25916 D LockAccessibilityService: 窗口变化: com.android.dialer / android.widget.FrameLayout
07-08 18:59:16.616 25916 25916 D EyeGuard-Sensor: 环境光线变化: 7.0875 lux, 阈值: 4.0 lux
07-08 18:59:16.616 25916 25916 D EyeGuard-StateMachine: [COOLDOWN] 冷却中，记录光线状态: 高于阈值
07-08 18:59:16.797 25916 25916 D EyeGuard-Sensor: 环境光线变化: 6.3450003 lux, 阈值: 4.0 lux
07-08 18:59:16.797 25916 25916 D EyeGuard-StateMachine: [COOLDOWN] 冷却中，记录光线状态: 高于阈值
07-08 18:59:16.976 25916 25916 D EyeGuard-Sensor: 环境光线变化: 5.67 lux, 阈值: 4.0 lux
07-08 18:59:16.976 25916 25916 D EyeGuard-StateMachine: [COOLDOWN] 冷却中，记录光线状态: 高于阈值
07-08 18:59:17.156 25916 25916 D EyeGuard-Sensor: 环境光线变化: 5.3325 lux, 阈值: 4.0 lux
07-08 18:59:17.156 25916 25916 D EyeGuard-StateMachine: [COOLDOWN] 冷却中，记录光线状态: 高于阈值
07-08 18:59:17.338 25916 25916 D EyeGuard-Sensor: 环境光线变化: 5.5350003 lux, 阈值: 4.0 lux
07-08 18:59:17.338 25916 25916 D EyeGuard-StateMachine: [COOLDOWN] 冷却中，记录光线状态: 高于阈值
07-08 18:59:17.516 25916 25916 D EyeGuard-Sensor: 环境光线变化: 5.3325 lux, 阈值: 4.0 lux
07-08 18:59:17.516 25916 25916 D EyeGuard-StateMachine: [COOLDOWN] 冷却中，记录光线状态: 高于阈值
07-08 18:59:17.697 25916 25916 D EyeGuard-Sensor: 环境光线变化: 4.7925 lux, 阈值: 4.0 lux
07-08 18:59:17.697 25916 25916 D EyeGuard-StateMachine: [COOLDOWN] 冷却中，记录光线状态: 高于阈值
07-08 18:59:17.876 25916 25916 D EyeGuard-Sensor: 环境光线变化: 4.32 lux, 阈值: 4.0 lux
07-08 18:59:17.876 25916 25916 D EyeGuard-StateMachine: [COOLDOWN] 冷却中，记录光线状态: 高于阈值
07-08 18:59:18.056 25916 25916 D EyeGuard-Sensor: 环境光线变化: 4.32 lux, 阈值: 4.0 lux
07-08 18:59:18.056 25916 25916 D EyeGuard-StateMachine: [COOLDOWN] 冷却中，记录光线状态: 高于阈值
07-08 18:59:18.236 25916 25916 D EyeGuard-Sensor: 环境光线变化: 4.6575003 lux, 阈值: 4.0 lux
07-08 18:59:18.236 25916 25916 D EyeGuard-StateMachine: [COOLDOWN] 冷却中，记录光线状态: 高于阈值
07-08 18:59:18.417 25916 25916 D EyeGuard-Sensor: 环境光线变化: 3.4425 lux, 阈值: 4.0 lux
07-08 18:59:18.417 25916 25916 D EyeGuard-StateMachine: [COOLDOWN] 冷却中，记录光线状态: 低于阈值
07-08 18:59:18.599 25916 25916 D EyeGuard-Sensor: 环境光线变化: 3.6450002 lux, 阈值: 4.0 lux
07-08 18:59:18.599 25916 25916 D EyeGuard-StateMachine: [COOLDOWN] 冷却中，记录光线状态: 低于阈值
07-08 18:59:18.620 25916 25916 D LockAccessibilityService: 窗口变化: com.android.systemui / android.view.View
07-08 18:59:18.767 25916 25916 D EyeGuard-Sensor: 环境光线变化: 3.4425 lux, 阈值: 4.0 lux
07-08 18:59:18.767 25916 25916 D EyeGuard-StateMachine: [COOLDOWN] 冷却中，记录光线状态: 低于阈值
07-08 18:59:18.956 25916 25916 D EyeGuard-Sensor: 环境光线变化: 3.2400002 lux, 阈值: 4.0 lux
07-08 18:59:18.956 25916 25916 D EyeGuard-StateMachine: [COOLDOWN] 冷却中，记录光线状态: 低于阈值
07-08 18:59:19.009 25916 25916 D SensorManager: listenerName:io.github.danwangshi.eyeguard.MainActivity,delayUs:200000,addus:200000
07-08 18:59:19.015 25916 25916 I Instrumentation: SmartScene callActivityOnResume isMonkey = false
07-08 18:59:19.028 25916 26141 E OpenGLRenderer: Unable to match the desired swap behavior.
07-08 18:59:19.136 25916 25916 D EyeGuard-Sensor: 环境光线变化: 3.2400002 lux, 阈值: 4.0 lux
07-08 18:59:19.136 25916 25916 D EyeGuard-StateMachine: [COOLDOWN] 冷却中，记录光线状态: 低于阈值
07-08 18:59:19.166 25916 25916 D EyeGuard-StateMachine: [COOLDOWN] 冷却期结束，状态转换: COOLDOWN → IDLE
07-08 18:59:19.166 25916 25916 D EyeGuard-StateMachine: [COOLDOWN] 冷却期间光线低于阈值，立即启动锁定倒计时
07-08 18:59:19.191 25916 25916 D LockAccessibilityService: 窗口变化: io.github.danwangshi.eyeguard / io.github.danwangshi.eyeguard.MainActivity
07-08 18:59:19.319 25916 25916 D EyeGuard-Sensor: 环境光线变化: 1.0125 lux, 阈值: 4.0 lux
07-08 18:59:19.497 25916 25916 D EyeGuard-Sensor: 环境光线变化: 1.7550001 lux, 阈值: 4.0 lux
07-08 18:59:19.676 25916 25916 D EyeGuard-Sensor: 环境光线变化: 1.7550001 lux, 阈值: 4.0 lux
07-08 18:59:19.856 25916 25916 D EyeGuard-Sensor: 环境光线变化: 1.7550001 lux, 阈值: 4.0 lux
07-08 18:59:20.036 25916 25916 D EyeGuard-Sensor: 环境光线变化: 1.7550001 lux, 阈值: 4.0 lux
07-08 18:59:20.218 25916 25916 D EyeGuard-Sensor: 环境光线变化: 1.0125 lux, 阈值: 4.0 lux
07-08 18:59:20.397 25916 25916 D EyeGuard-Sensor: 环境光线变化: 1.0125 lux, 阈值: 4.0 lux
07-08 18:59:20.576 25916 25916 D EyeGuard-Sensor: 环境光线变化: 1.0125 lux, 阈值: 4.0 lux
07-08 18:59:20.757 25916 25916 D EyeGuard-Sensor: 环境光线变化: 1.0125 lux, 阈值: 4.0 lux
07-08 18:59:20.936 25916 25916 D LightMonitorService: [安全网] 屏幕已关闭但状态未同步，主动暂停传感器检测
07-08 18:59:20.937 25916 25916 D LightMonitorService: 传感器监听已暂停
07-08 18:59:20.937 25916 25916 D LightMonitorService: WakeLock 已释放
07-08 18:59:20.989 25916 25916 D LockAccessibilityService: 窗口变化: com.android.systemui / android.widget.FrameLayout
07-08 18:59:21.275 25916 25916 D LockAccessibilityService: 窗口变化: com.android.systemui / android.widget.FrameLayout
07-08 18:59:21.425 25916 25916 D LockAccessibilityService: 窗口变化: com.android.systemui / android.widget.FrameLayout
07-08 18:59:21.545 25916 25916 D LockAccessibilityService: 窗口变化: com.android.systemui / android.widget.FrameLayout
07-08 18:59:21.964 25916 25916 D LockAccessibilityService: 窗口变化: com.android.systemui / android.widget.FrameLayout
07-08 18:59:22.006 25916 27033 W libc    : Access denied finding property "vendor.camera.aux.packagelist"
07-08 18:59:22.166 25916 25916 D EyeGuard-StateMachine: [IDLE] 锁定倒计时结束，执行锁定
07-08 18:59:22.166 25916 25916 D EyeGuard-StateMachine: 状态转换: IDLE → LOCKED
07-08 18:59:22.166 25916 25916 D LightMonitorService: 息屏状态，跳过锁定
07-08 18:59:23.205 25916 25916 D SensorManager: listenerName:io.github.danwangshi.eyeguard.MainActivity,delayUs:200000,addus:200000
07-08 18:59:23.261 25916 25916 I Instrumentation: SmartScene callActivityOnResume isMonkey = false
07-08 18:59:23.327 25916 26141 E OpenGLRenderer: Unable to match the desired swap behavior.
07-08 18:59:23.651 25916 25932 W libc    : Access denied finding property "vendor.camera.aux.packagelist"
07-08 18:59:23.744 25916 25916 D LockAccessibilityService: 窗口变化: io.github.danwangshi.eyeguard / io.github.danwangshi.eyeguard.MainActivity
07-08 18:59:24.154 25916 26141 E OpenGLRenderer: Unable to match the desired swap behavior.
07-08 18:59:24.159 25916 26239 W ContentCapture: retractPickerResult failed : Permission Denial: not allowed to send broadcast com.meizu.picker.action.service.RETRACT_RESULT_V1 from pid=25916, uid=10355
