07-08 18:59:24.254 25916 25916 D LightMonitorService: [屏幕] 用户解锁确认
07-08 18:59:24.261 25916 25916 D LightMonitorService: WakeLock 已重新获取
07-08 18:59:24.262 25916 25916 D SensorManager: listenerName:io.github.danwangshi.eyeguard.LightMonitorService,delayUs:500000,addus:500000
07-08 18:59:24.262 25916 25916 D LightMonitorService: 传感器监听已恢复
07-08 18:59:24.263 25916 25916 D LightMonitorService: [恢复监测] isLocked=false, currentState=LOCKED, currentLux=1.0125, threshold=4.0
07-08 18:59:24.263 25916 25916 D LightMonitorService: 锁定设备，当前亮度: 1.0125 lux
07-08 18:59:24.263 25916 25916 D LockAccessibilityService: 锁定状态设置为: true
07-08 18:59:24.287 25916 25916 D NotificationService: NotificationChannel (light_monitor_channel,光线监测,2)
07-08 18:59:24.291 25916 25916 V NotificationManager: io.github.danwangshi.eyeguard: notifyAsUser(1, Notification(channel=light_monitor_channel shortcut=null contentView=null bigContentView=null extras=Bundle[{android.title=不要关灯玩手机, android.reduced.images=true, android.subText=null, android.showChronometer=false, android.text=光线太暗，手机已锁定, android.progress=0, android.progressMax=0, android.appInfo=ApplicationInfo{cb4b7aa io.github.danwangshi.eyeguard}, android.showWhen=true, android.largeIcon=null, android.infoText=null, android.progressIndeterminate=false, android.remoteInputHistory=null}] tickerText=null vibrate=null sound=null defaults=0x0 flags=0x2 color=0x00000000 actions=1 vis=PRIVATE))
07-08 18:59:24.295 25916 25916 D EyeGuard-Sensor: 环境光线变化: 0.0 lux, 阈值: 4.0 lux
07-08 18:59:24.296 25916 25916 D EyeGuard-StateMachine: [LOCKED] 光线仍然低于阈值，保持锁定
07-08 18:59:24.305 25916 25916 D LockOverlayService: onStartCommand: io.github.danwangshi.eyeguard.ACTION_SHOW_LOCK
07-08 18:59:24.306 25916 25916 D LockOverlayService: 复用已缓存的锁定覆盖层
07-08 18:59:24.355 25916 25916 D LockOverlayService: 注册手电筒状态回调
07-08 18:59:24.355 25916 25916 D LockOverlayService: 锁定覆盖层显示成功
07-08 18:59:24.385 25916 26141 E OpenGLRenderer: Unable to match the desired swap behavior.
07-08 18:59:24.401 25916 25916 D LockOverlayService: 手电筒外部状态变化: false
07-08 18:59:24.452 25916 25916 D EyeGuard-Sensor: 环境光线变化: 0.0 lux, 阈值: 4.0 lux
07-08 18:59:24.454 25916 25916 D EyeGuard-StateMachine: [LOCKED] 光线仍然低于阈值，保持锁定
07-08 18:59:24.469 25916 25916 D LockOverlayService: onStartCommand: io.github.danwangshi.eyeguard.ACTION_UPDATE_LUX
07-08 18:59:24.529 25916 25916 V ContentCapture: ACTION_UP
07-08 18:59:24.572 25916 25916 D LockAccessibilityService: 窗口变化: io.github.danwangshi.eyeguard / android.widget.FrameLayout
07-08 18:59:24.631 25916 25916 D EyeGuard-Sensor: 环境光线变化: 0.0 lux, 阈值: 4.0 lux
07-08 18:59:24.637 25916 25916 D EyeGuard-StateMachine: [LOCKED] 光线仍然低于阈值，保持锁定
07-08 18:59:24.643 25916 25916 D LockOverlayService: onStartCommand: io.github.danwangshi.eyeguard.ACTION_UPDATE_LUX
07-08 18:59:24.812 25916 25916 D EyeGuard-Sensor: 环境光线变化: 0.0 lux, 阈值: 4.0 lux
07-08 18:59:24.813 25916 25916 D EyeGuard-StateMachine: [LOCKED] 光线仍然低于阈值，保持锁定
07-08 18:59:24.822 25916 25916 D LockOverlayService: onStartCommand: io.github.danwangshi.eyeguard.ACTION_UPDATE_LUX
07-08 18:59:24.996 25916 25916 D EyeGuard-Sensor: 环境光线变化: 0.0 lux, 阈值: 4.0 lux
07-08 18:59:24.998 25916 25916 D EyeGuard-StateMachine: [LOCKED] 光线仍然低于阈值，保持锁定
07-08 18:59:25.004 25916 25916 D LockOverlayService: onStartCommand: io.github.danwangshi.eyeguard.ACTION_UPDATE_LUX
07-08 18:59:25.171 25916 25916 D EyeGuard-Sensor: 环境光线变化: 0.0 lux, 阈值: 4.0 lux
07-08 18:59:25.173 25916 25916 D EyeGuard-StateMachine: [LOCKED] 光线仍然低于阈值，保持锁定
07-08 18:59:25.181 25916 25916 D LockOverlayService: onStartCommand: io.github.danwangshi.eyeguard.ACTION_UPDATE_LUX
07-08 18:59:25.373 25916 25916 D EyeGuard-Sensor: 环境光线变化: 0.0 lux, 阈值: 4.0 lux
07-08 18:59:25.397 25916 25916 D EyeGuard-StateMachine: [LOCKED] 光线仍然低于阈值，保持锁定
07-08 18:59:25.411 25916 25916 D LockOverlayService: onStartCommand: io.github.danwangshi.eyeguard.ACTION_UPDATE_LUX
07-08 18:59:25.533 25916 25916 D EyeGuard-Sensor: 环境光线变化: 0.0 lux, 阈值: 4.0 lux
07-08 18:59:25.535 25916 25916 D EyeGuard-StateMachine: [LOCKED] 光线仍然低于阈值，保持锁定
07-08 18:59:25.539 25916 25916 D LockOverlayService: onStartCommand: io.github.danwangshi.eyeguard.ACTION_UPDATE_LUX
07-08 18:59:25.716 25916 25916 D EyeGuard-Sensor: 环境光线变化: 0.0 lux, 阈值: 4.0 lux
07-08 18:59:25.721 25916 25916 D EyeGuard-StateMachine: [LOCKED] 光线仍然低于阈值，保持锁定
07-08 18:59:25.728 25916 25916 D LockOverlayService: onStartCommand: io.github.danwangshi.eyeguard.ACTION_UPDATE_LUX
07-08 18:59:25.895 25916 25916 D EyeGuard-Sensor: 环境光线变化: 0.0 lux, 阈值: 4.0 lux
07-08 18:59:25.898 25916 25916 D EyeGuard-StateMachine: [LOCKED] 光线仍然低于阈值，保持锁定
07-08 18:59:25.919 25916 25916 D LockOverlayService: onStartCommand: io.github.danwangshi.eyeguard.ACTION_UPDATE_LUX
07-08 18:59:26.020 25916 25916 D LockAccessibilityService: 窗口变化: com.meizu.flyme.launcher / com.android.launcher3.uioverrides.QuickstepLauncher
07-08 18:59:26.020 25916 25916 D LockAccessibilityService: 检测到桌面，保持锁定
07-08 18:59:26.023 25916 25916 D LockOverlayService: onStartCommand: io.github.danwangshi.eyeguard.ACTION_SHOW_LOCK
07-08 18:59:26.023 25916 25916 D LockOverlayService: 强制刷新遮罩层
07-08 18:59:26.023 25916 25916 D LockOverlayService: 取消手电筒状态回调
07-08 18:59:26.023 25916 25916 D LockOverlayService: 注册手电筒状态回调
07-08 18:59:26.023 25916 25916 D LockOverlayService: 手电筒外部状态变化: false
07-08 18:59:26.077 25916 25916 D EyeGuard-Sensor: 环境光线变化: 0.0 lux, 阈值: 4.0 lux
07-08 18:59:26.084 25916 25916 D EyeGuard-StateMachine: [LOCKED] 光线仍然低于阈值，保持锁定
07-08 18:59:26.115 25916 25916 D LockOverlayService: onStartCommand: io.github.danwangshi.eyeguard.ACTION_UPDATE_LUX
07-08 18:59:26.253 25916 25916 D EyeGuard-Sensor: 环境光线变化: 0.0 lux, 阈值: 4.0 lux
07-08 18:59:26.256 25916 25916 D EyeGuard-StateMachine: [LOCKED] 光线仍然低于阈值，保持锁定
07-08 18:59:26.257 25916 25916 D LockOverlayService: onStartCommand: io.github.danwangshi.eyeguard.ACTION_UPDATE_LUX
07-08 18:59:26.432 25916 25916 D EyeGuard-Sensor: 环境光线变化: 0.0 lux, 阈值: 4.0 lux
07-08 18:59:26.437 25916 25916 D EyeGuard-StateMachine: [LOCKED] 光线仍然低于阈值，保持锁定
07-08 18:59:26.437 25916 25916 D LockOverlayService: onStartCommand: io.github.danwangshi.eyeguard.ACTION_UPDATE_LUX
07-08 18:59:26.612 25916 25916 D EyeGuard-Sensor: 环境光线变化: 0.0 lux, 阈值: 4.0 lux
07-08 18:59:26.614 25916 25916 D EyeGuard-StateMachine: [LOCKED] 光线仍然低于阈值，保持锁定
07-08 18:59:26.614 25916 25916 D LockOverlayService: onStartCommand: io.github.danwangshi.eyeguard.ACTION_UPDATE_LUX
07-08 18:59:26.631 25916 25916 D LockAccessibilityService: 窗口变化: com.meizu.flyme.launcher / com.android.launcher3.uioverrides.QuickstepLauncher
07-08 18:59:26.631 25916 25916 D LockAccessibilityService: 检测到桌面，保持锁定
07-08 18:59:26.643 25916 25916 D LockOverlayService: onStartCommand: io.github.danwangshi.eyeguard.ACTION_SHOW_LOCK
07-08 18:59:26.643 25916 25916 D LockOverlayService: 强制刷新遮罩层
07-08 18:59:26.643 25916 25916 D LockOverlayService: 取消手电筒状态回调
07-08 18:59:26.643 25916 25916 D LockOverlayService: 注册手电筒状态回调
07-08 18:59:26.644 25916 25916 D LockOverlayService: 手电筒外部状态变化: false
07-08 18:59:26.792 25916 25916 D EyeGuard-Sensor: 环境光线变化: 0.0 lux, 阈值: 4.0 lux
07-08 18:59:26.795 25916 25916 D EyeGuard-StateMachine: [LOCKED] 光线仍然低于阈值，保持锁定
07-08 18:59:26.796 25916 25916 D LockOverlayService: onStartCommand: io.github.danwangshi.eyeguard.ACTION_UPDATE_LUX
07-08 18:59:26.972 25916 25916 D EyeGuard-Sensor: 环境光线变化: 0.0 lux, 阈值: 4.0 lux
07-08 18:59:26.974 25916 25916 D EyeGuard-StateMachine: [LOCKED] 光线仍然低于阈值，保持锁定
07-08 18:59:26.975 25916 25916 D LockOverlayService: onStartCommand: io.github.danwangshi.eyeguard.ACTION_UPDATE_LUX
07-08 18:59:27.245 25916 25916 D LockAccessibilityService: 窗口变化: com.android.systemui / android.widget.FrameLayout
07-08 18:59:27.245 25916 25916 D LockAccessibilityService: 尝试切换到非白名单应用: com.android.systemui，若光线不足将恢复锁定
07-08 18:59:27.405 25916 25916 D LightMonitorService: [安全网] 屏幕已关闭但状态未同步，主动暂停传感器检测
07-08 18:59:27.406 25916 25916 D LightMonitorService: 传感器监听已暂停
07-08 18:59:27.407 25916 25916 D LightMonitorService: WakeLock 已释放
07-08 18:59:27.467 25916 25916 D LockAccessibilityService: 窗口变化: com.android.systemui / android.widget.FrameLayout
07-08 18:59:27.588 25916 25916 D LockAccessibilityService: 窗口变化: com.android.systemui / android.widget.FrameLayout
07-08 18:59:28.062 25916 25916 D LockAccessibilityService: 窗口变化: com.android.systemui / android.widget.FrameLayout
07-08 18:59:29.100 25916 27033 W libc    : Access denied finding property "vendor.camera.aux.packagelist"
07-08 18:59:30.642 25916 25916 D LockAccessibilityService: 窗口变化: com.android.systemui / android.widget.FrameLayout
07-08 18:59:30.764 25916 25916 D LockAccessibilityService: 窗口变化: com.flyme.systemuitools / android.widget.FrameLayout
07-08 18:59:30.764 25916 25916 D LockAccessibilityService: 尝试切换到非白名单应用: com.flyme.systemuitools，若光线不足将恢复锁定
07-08 18:59:30.942 25916 27033 W libc    : Access denied finding property "vendor.camera.aux.packagelist"
07-08 18:59:31.213 25916 25916 D LightMonitorService: [屏幕] 用户解锁确认
07-08 18:59:31.225 25916 25916 D LightMonitorService: WakeLock 已重新获取
07-08 18:59:31.226 25916 25916 D SensorManager: listenerName:io.github.danwangshi.eyeguard.LightMonitorService,delayUs:500000,addus:500000
07-08 18:59:31.228 25916 25916 D LightMonitorService: 传感器监听已恢复
07-08 18:59:31.229 25916 25916 D LightMonitorService: [恢复监测] isLocked=true, currentState=LOCKED, currentLux=0.0, threshold=4.0
07-08 18:59:31.298 25916 25916 D LockAccessibilityService: 窗口变化: io.github.danwangshi.eyeguard / android.widget.FrameLayout
07-08 18:59:31.420 25916 25916 D EyeGuard-Sensor: 环境光线变化: 0.0 lux, 阈值: 4.0 lux
07-08 18:59:31.422 25916 25916 D EyeGuard-StateMachine: [LOCKED] 光线仍然低于阈值，保持锁定
07-08 18:59:31.434 25916 25916 D LockOverlayService: onStartCommand: io.github.danwangshi.eyeguard.ACTION_UPDATE_LUX
07-08 18:59:31.578 25916 25916 D EyeGuard-Sensor: 环境光线变化: 0.0 lux, 阈值: 4.0 lux
07-08 18:59:31.581 25916 25916 D EyeGuard-StateMachine: [LOCKED] 光线仍然低于阈值，保持锁定
07-08 18:59:31.581 25916 25916 D LockOverlayService: onStartCommand: io.github.danwangshi.eyeguard.ACTION_UPDATE_LUX
07-08 18:59:31.758 25916 25916 D EyeGuard-Sensor: 环境光线变化: 0.0 lux, 阈值: 4.0 lux
07-08 18:59:31.760 25916 25916 D EyeGuard-StateMachine: [LOCKED] 光线仍然低于阈值，保持锁定
07-08 18:59:31.761 25916 25916 D LockOverlayService: onStartCommand: io.github.danwangshi.eyeguard.ACTION_UPDATE_LUX
07-08 18:59:31.938 25916 25916 D EyeGuard-Sensor: 环境光线变化: 0.0 lux, 阈值: 4.0 lux
07-08 18:59:31.940 25916 25916 D EyeGuard-StateMachine: [LOCKED] 光线仍然低于阈值，保持锁定
07-08 18:59:31.941 25916 25916 D LockOverlayService: onStartCommand: io.github.danwangshi.eyeguard.ACTION_UPDATE_LUX
07-08 18:59:32.118 25916 25916 D EyeGuard-Sensor: 环境光线变化: 0.0 lux, 阈值: 4.0 lux
07-08 18:59:32.120 25916 25916 D EyeGuard-StateMachine: [LOCKED] 光线仍然低于阈值，保持锁定
07-08 18:59:32.121 25916 25916 D LockOverlayService: onStartCommand: io.github.danwangshi.eyeguard.ACTION_UPDATE_LUX
07-08 18:59:32.298 25916 25916 D EyeGuard-Sensor: 环境光线变化: 0.0 lux, 阈值: 4.0 lux
07-08 18:59:32.300 25916 25916 D EyeGuard-StateMachine: [LOCKED] 光线仍然低于阈值，保持锁定
07-08 18:59:32.301 25916 25916 D LockOverlayService: onStartCommand: io.github.danwangshi.eyeguard.ACTION_UPDATE_LUX
07-08 18:59:32.517 25916 25916 D LockAccessibilityService: 窗口变化: com.android.systemui / android.widget.FrameLayout
07-08 18:59:32.517 25916 25916 D LockAccessibilityService: 尝试切换到非白名单应用: com.android.systemui，若光线不足将恢复锁定
07-08 18:59:32.644 25916 25916 D LightMonitorService: [安全网] 屏幕已关闭但状态未同步，主动暂停传感器检测
07-08 18:59:32.645 25916 25916 D LightMonitorService: 传感器监听已暂停
07-08 18:59:32.646 25916 25916 D LightMonitorService: WakeLock 已释放
07-08 18:59:32.684 25916 25916 D LockAccessibilityService: 窗口变化: com.android.systemui / android.widget.FrameLayout
07-08 18:59:32.856 25916 25916 D LockAccessibilityService: 窗口变化: com.android.systemui / android.widget.FrameLayout
07-08 18:59:33.241 25916 25916 D LockAccessibilityService: 窗口变化: com.android.systemui / android.widget.FrameLayout
07-08 18:59:33.676 25916 25916 D LockAccessibilityService: 窗口变化: com.android.systemui / android.widget.FrameLayout
07-08 18:59:34.808 25916 27033 W libc    : Access denied finding property "vendor.camera.aux.packagelist"
07-08 18:59:36.561 25916 25916 D LockAccessibilityService: 窗口变化: com.android.systemui / android.widget.FrameLayout
07-08 18:59:36.712 25916 25916 D LockAccessibilityService: 窗口变化: com.android.systemui / android.widget.FrameLayout
07-08 18:59:36.892 25916 25933 W libc    : Access denied finding property "vendor.camera.aux.packagelist"
07-08 18:59:36.932 25916 25916 D LockAccessibilityService: 窗口变化: com.android.systemui / android.widget.FrameLayout
07-08 18:59:37.029 25916 25916 D LightMonitorService: [屏幕] 用户解锁确认
07-08 18:59:37.031 25916 25916 D LightMonitorService: WakeLock 已重新获取
07-08 18:59:37.032 25916 25916 D SensorManager: listenerName:io.github.danwangshi.eyeguard.LightMonitorService,delayUs:500000,addus:500000
07-08 18:59:37.035 25916 25916 D LightMonitorService: 传感器监听已恢复
07-08 18:59:37.035 25916 25916 D LightMonitorService: [恢复监测] isLocked=true, currentState=LOCKED, currentLux=0.0, threshold=4.0
07-08 18:59:37.076 25916 25916 D EyeGuard-Sensor: 环境光线变化: 26.325 lux, 阈值: 4.0 lux
07-08 18:59:37.084 25916 25916 D EyeGuard-StateMachine: [LOCKED] 光线恢复，立即解锁
07-08 18:59:37.084 25916 25916 D EyeGuard-StateMachine: 状态转换: LOCKED → COOLDOWN
07-08 18:59:37.085 25916 25916 D LightMonitorService: 解除锁定，当前亮度: 26.325 lux
07-08 18:59:37.085 25916 25916 D LockAccessibilityService: 锁定状态设置为: false
07-08 18:59:37.094 25916 25916 D NotificationService: NotificationChannel (light_monitor_channel,光线监测,2)
07-08 18:59:37.112 25916 25916 V NotificationManager: io.github.danwangshi.eyeguard: notifyAsUser(1, Notification(channel=light_monitor_channel shortcut=null contentView=null bigContentView=null extras=Bundle[{android.title=不要关灯玩手机, android.reduced.images=true, android.subText=null, android.showChronometer=false, android.text=正在监测环境光线，当前亮度：26 lux, android.progress=0, android.progressMax=0, android.appInfo=ApplicationInfo{cb4b7aa io.github.danwangshi.eyeguard}, android.showWhen=true, android.largeIcon=null, android.infoText=null, android.progressIndeterminate=false, android.remoteInputHistory=null}] tickerText=null vibrate=null sound=null defaults=0x0 flags=0x2 color=0x00000000 actions=1 vis=PRIVATE))
07-08 18:59:37.115 25916 25916 D EyeGuard-StateMachine: 启动冷却倒计时 3000ms
07-08 18:59:37.116 25916 25916 D LockOverlayService: onStartCommand: io.github.danwangshi.eyeguard.ACTION_UPDATE_LUX
07-08 18:59:37.116 25916 25916 D LockOverlayService: onStartCommand: io.github.danwangshi.eyeguard.ACTION_REMOVE_LOCK
07-08 18:59:37.116 25916 25916 D LockOverlayService: 移除锁定覆盖层
07-08 18:59:37.118 25916 25916 D LockOverlayService: 取消手电筒状态回调
07-08 18:59:37.118 25916 25916 D LockOverlayService: 锁定覆盖层移除成功
07-08 18:59:37.120 25916 25916 W WindowOnBackDispatcher: sendCancelIfRunning: isInProgress=falsecallback=android.view.ViewRootImpl$$ExternalSyntheticLambda17@74bf318
07-08 18:59:37.247 25916 25916 D EyeGuard-Sensor: 环境光线变化: 26.325 lux, 阈值: 4.0 lux
07-08 18:59:37.248 25916 25916 D EyeGuard-StateMachine: [COOLDOWN] 冷却中，记录光线状态: 高于阈值
07-08 18:59:37.276 25916 25916 D LockAccessibilityService: 窗口变化: com.meizu.flyme.launcher / com.android.launcher3.uioverrides.QuickstepLauncher
07-08 18:59:37.428 25916 25916 D EyeGuard-Sensor: 环境光线变化: 26.5275 lux, 阈值: 4.0 lux
07-08 18:59:37.428 25916 25916 D EyeGuard-StateMachine: [COOLDOWN] 冷却中，记录光线状态: 高于阈值
07-08 18:59:37.607 25916 25916 D EyeGuard-Sensor: 环境光线变化: 25.987501 lux, 阈值: 4.0 lux
07-08 18:59:37.607 25916 25916 D EyeGuard-StateMachine: [COOLDOWN] 冷却中，记录光线状态: 高于阈值
07-08 18:59:37.787 25916 25916 D EyeGuard-Sensor: 环境光线变化: 25.987501 lux, 阈值: 4.0 lux
07-08 18:59:37.787 25916 25916 D EyeGuard-StateMachine: [COOLDOWN] 冷却中，记录光线状态: 高于阈值
07-08 18:59:37.967 25916 25916 D EyeGuard-Sensor: 环境光线变化: 12.217501 lux, 阈值: 4.0 lux
07-08 18:59:37.968 25916 25916 D NotificationService: NotificationChannel (light_monitor_channel,光线监测,2)
07-08 18:59:37.972 25916 25916 V NotificationManager: io.github.danwangshi.eyeguard: notifyAsUser(1, Notification(channel=light_monitor_channel shortcut=null contentView=null bigContentView=null extras=Bundle[{android.title=不要关灯玩手机, android.reduced.images=true, android.subText=null, android.showChronometer=false, android.text=正在监测环境光线，当前亮度：12 lux, android.progress=0, android.progressMax=0, android.appInfo=ApplicationInfo{cb4b7aa io.github.danwangshi.eyeguard}, android.showWhen=true, android.largeIcon=null, android.infoText=null, android.progressIndeterminate=false, android.remoteInputHistory=null}] tickerText=null vibrate=null sound=null defaults=0x0 flags=0x2 color=0x00000000 actions=1 vis=PRIVATE))
07-08 18:59:37.975 25916 25916 D EyeGuard-StateMachine: [COOLDOWN] 冷却中，记录光线状态: 高于阈值
07-08 18:59:38.147 25916 25916 D EyeGuard-Sensor: 环境光线变化: 2.565 lux, 阈值: 4.0 lux
07-08 18:59:38.148 25916 25916 D NotificationService: NotificationChannel (light_monitor_channel,光线监测,2)
07-08 18:59:38.151 25916 25916 V NotificationManager: io.github.danwangshi.eyeguard: notifyAsUser(1, Notification(channel=light_monitor_channel shortcut=null contentView=null bigContentView=null extras=Bundle[{android.title=不要关灯玩手机, android.reduced.images=true, android.subText=null, android.showChronometer=false, android.text=正在监测环境光线，当前亮度：2 lux, android.progress=0, android.progressMax=0, android.appInfo=ApplicationInfo{cb4b7aa io.github.danwangshi.eyeguard}, android.showWhen=true, android.largeIcon=null, android.infoText=null, android.progressIndeterminate=false, android.remoteInputHistory=null}] tickerText=null vibrate=null sound=null defaults=0x0 flags=0x2 color=0x00000000 actions=1 vis=PRIVATE))
07-08 18:59:38.154 25916 25916 D EyeGuard-StateMachine: [COOLDOWN] 冷却中，记录光线状态: 低于阈值
07-08 18:59:38.327 25916 25916 D EyeGuard-Sensor: 环境光线变化: 2.565 lux, 阈值: 4.0 lux
07-08 18:59:38.327 25916 25916 D EyeGuard-StateMachine: [COOLDOWN] 冷却中，记录光线状态: 低于阈值
07-08 18:59:38.507 25916 25916 D EyeGuard-Sensor: 环境光线变化: 10.8675 lux, 阈值: 4.0 lux
07-08 18:59:38.508 25916 25916 D NotificationService: NotificationChannel (light_monitor_channel,光线监测,2)
07-08 18:59:38.511 25916 25916 V NotificationManager: io.github.danwangshi.eyeguard: notifyAsUser(1, Notification(channel=light_monitor_channel shortcut=null contentView=null bigContentView=null extras=Bundle[{android.title=不要关灯玩手机, android.reduced.images=true, android.subText=null, android.showChronometer=false, android.text=正在监测环境光线，当前亮度：10 lux, android.progress=0, android.progressMax=0, android.appInfo=ApplicationInfo{cb4b7aa io.github.danwangshi.eyeguard}, android.showWhen=true, android.largeIcon=null, android.infoText=null, android.progressIndeterminate=false, android.remoteInputHistory=null}] tickerText=null vibrate=null sound=null defaults=0x0 flags=0x2 color=0x00000000 actions=1 vis=PRIVATE))
07-08 18:59:38.514 25916 25916 D EyeGuard-StateMachine: [COOLDOWN] 冷却中，记录光线状态: 高于阈值
07-08 18:59:38.687 25916 25916 D EyeGuard-Sensor: 环境光线变化: 25.987501 lux, 阈值: 4.0 lux
07-08 18:59:38.688 25916 25916 D NotificationService: NotificationChannel (light_monitor_channel,光线监测,2)
07-08 18:59:38.692 25916 25916 V NotificationManager: io.github.danwangshi.eyeguard: notifyAsUser(1, Notification(channel=light_monitor_channel shortcut=null contentView=null bigContentView=null extras=Bundle[{android.title=不要关灯玩手机, android.reduced.images=true, android.subText=null, android.showChronometer=false, android.text=正在监测环境光线，当前亮度：25 lux, android.progress=0, android.progressMax=0, android.appInfo=ApplicationInfo{cb4b7aa io.github.danwangshi.eyeguard}, android.showWhen=true, android.largeIcon=null, android.infoText=null, android.progressIndeterminate=false, android.remoteInputHistory=null}] tickerText=null vibrate=null sound=null defaults=0x0 flags=0x2 color=0x00000000 actions=1 vis=PRIVATE))
07-08 18:59:38.695 25916 25916 D EyeGuard-StateMachine: [COOLDOWN] 冷却中，记录光线状态: 高于阈值
07-08 18:59:38.867 25916 25916 D EyeGuard-Sensor: 环境光线变化: 26.6625 lux, 阈值: 4.0 lux
07-08 18:59:38.867 25916 25916 D EyeGuard-StateMachine: [COOLDOWN] 冷却中，记录光线状态: 高于阈值
07-08 18:59:39.049 25916 25916 D EyeGuard-Sensor: 环境光线变化: 25.312502 lux, 阈值: 4.0 lux
07-08 18:59:39.049 25916 25916 D EyeGuard-StateMachine: [COOLDOWN] 冷却中，记录光线状态: 高于阈值
07-08 18:59:39.229 25916 25916 D EyeGuard-Sensor: 环境光线变化: 25.312502 lux, 阈值: 4.0 lux
07-08 18:59:39.230 25916 25916 D EyeGuard-StateMachine: [COOLDOWN] 冷却中，记录光线状态: 高于阈值
07-08 18:59:39.408 25916 25916 D EyeGuard-Sensor: 环境光线变化: 24.6375 lux, 阈值: 4.0 lux
07-08 18:59:39.408 25916 25916 D EyeGuard-StateMachine: [COOLDOWN] 冷却中，记录光线状态: 高于阈值
07-08 18:59:39.589 25916 25916 D EyeGuard-Sensor: 环境光线变化: 23.962502 lux, 阈值: 4.0 lux
07-08 18:59:39.589 25916 25916 D EyeGuard-StateMachine: [COOLDOWN] 冷却中，记录光线状态: 高于阈值
07-08 18:59:39.770 25916 25916 D LightMonitorService: [安全网] 屏幕已关闭但状态未同步，主动暂停传感器检测
07-08 18:59:39.772 25916 25916 D LightMonitorService: 传感器监听已暂停
07-08 18:59:39.777 25916 25916 D LightMonitorService: WakeLock 已释放
07-08 18:59:39.915 25916 25916 D LockAccessibilityService: 窗口变化: com.android.systemui / android.widget.FrameLayout
07-08 18:59:40.116 25916 25916 D EyeGuard-StateMachine: [COOLDOWN] 冷却期结束，状态转换: COOLDOWN → IDLE
07-08 18:59:40.116 25916 25916 D EyeGuard-StateMachine: [COOLDOWN] 冷却期间光线正常，重新检测当前状态
07-08 18:59:40.144 25916 25916 D LockAccessibilityService: 窗口变化: com.android.systemui / android.widget.FrameLayout
07-08 18:59:40.352 25916 25916 D LockAccessibilityService: 窗口变化: com.android.systemui / android.widget.FrameLayout
07-08 18:59:40.823 25916 25916 D LockAccessibilityService: 窗口变化: com.android.systemui / android.widget.FrameLayout
07-08 18:59:42.456 25916 25932 W libc    : Access denied finding property "vendor.camera.aux.packagelist"
07-08 18:59:48.313 25916 25916 D LockAccessibilityService: 窗口变化: com.android.systemui / com.android.systemui.volume.VolumePanel$7
07-08 18:59:48.905 25916 25916 D LockAccessibilityService: 窗口变化: com.android.systemui / android.widget.FrameLayout
07-08 18:59:49.706 25916 25916 D LockAccessibilityService: 窗口变化: com.android.systemui / android.widget.FrameLayout
07-08 18:59:49.927 25916 25916 D LockAccessibilityService: 窗口变化: com.flyme.systemuitools / android.widget.FrameLayout
07-08 18:59:50.107 25916 25933 W libc    : Access denied finding property "vendor.camera.aux.packagelist"
07-08 18:59:50.141 25916 25916 D LockAccessibilityService: 窗口变化: com.meizu.assistant / android.widget.FrameLayout
07-08 18:59:50.283 25916 25916 D LightMonitorService: [屏幕] 用户解锁确认
07-08 18:59:50.292 25916 25916 D LightMonitorService: WakeLock 已重新获取
07-08 18:59:50.293 25916 25916 D SensorManager: listenerName:io.github.danwangshi.eyeguard.LightMonitorService,delayUs:500000,addus:500000
07-08 18:59:50.294 25916 25916 D LightMonitorService: 传感器监听已恢复
07-08 18:59:50.295 25916 25916 D LightMonitorService: [恢复监测] isLocked=false, currentState=IDLE, currentLux=24.6375, threshold=4.0
07-08 18:59:50.347 25916 25916 D EyeGuard-Sensor: 环境光线变化: 0.0 lux, 阈值: 4.0 lux
07-08 18:59:50.348 25916 25916 D NotificationService: NotificationChannel (light_monitor_channel,光线监测,2)
07-08 18:59:50.351 25916 25916 V NotificationManager: io.github.danwangshi.eyeguard: notifyAsUser(1, Notification(channel=light_monitor_channel shortcut=null contentView=null bigContentView=null extras=Bundle[{android.title=不要关灯玩手机, android.reduced.images=true, android.subText=null, android.showChronometer=false, android.text=正在监测环境光线，当前亮度：0 lux, android.progress=0, android.progressMax=0, android.appInfo=ApplicationInfo{cb4b7aa io.github.danwangshi.eyeguard}, android.showWhen=true, android.largeIcon=null, android.infoText=null, android.progressIndeterminate=false, android.remoteInputHistory=null}] tickerText=null vibrate=null sound=null defaults=0x0 flags=0x2 color=0x00000000 actions=1 vis=PRIVATE))
07-08 18:59:50.355 25916 25916 D EyeGuard-StateMachine: [IDLE] 光线不足，启动锁定倒计时 3000ms
07-08 18:59:50.526 25916 25916 D EyeGuard-Sensor: 环境光线变化: 0.0 lux, 阈值: 4.0 lux
07-08 18:59:50.706 25916 25916 D EyeGuard-Sensor: 环境光线变化: 0.0 lux, 阈值: 4.0 lux
07-08 18:59:50.886 25916 25916 D EyeGuard-Sensor: 环境光线变化: 0.0 lux, 阈值: 4.0 lux
07-08 18:59:51.066 25916 25916 D EyeGuard-Sensor: 环境光线变化: 0.0 lux, 阈值: 4.0 lux
07-08 18:59:51.246 25916 25916 D EyeGuard-Sensor: 环境光线变化: 0.0 lux, 阈值: 4.0 lux
07-08 18:59:51.426 25916 25916 D EyeGuard-Sensor: 环境光线变化: 0.0 lux, 阈值: 4.0 lux
07-08 18:59:51.606 25916 25916 D EyeGuard-Sensor: 环境光线变化: 0.0 lux, 阈值: 4.0 lux
07-08 18:59:51.786 25916 25916 D EyeGuard-Sensor: 环境光线变化: 0.0 lux, 阈值: 4.0 lux
07-08 18:59:51.966 25916 25916 D EyeGuard-Sensor: 环境光线变化: 0.0 lux, 阈值: 4.0 lux
07-08 18:59:52.146 25916 25916 D EyeGuard-Sensor: 环境光线变化: 0.0 lux, 阈值: 4.0 lux
07-08 18:59:52.328 25916 25916 D EyeGuard-Sensor: 环境光线变化: 0.0 lux, 阈值: 4.0 lux
07-08 18:59:52.511 25916 25916 D EyeGuard-Sensor: 环境光线变化: 0.0 lux, 阈值: 4.0 lux
07-08 18:59:52.687 25916 25916 D EyeGuard-Sensor: 环境光线变化: 0.0 lux, 阈值: 4.0 lux
07-08 18:59:52.871 25916 25916 D EyeGuard-Sensor: 环境光线变化: 0.0 lux, 阈值: 4.0 lux
07-08 18:59:53.047 25916 25916 D EyeGuard-Sensor: 环境光线变化: 0.0 lux, 阈值: 4.0 lux
07-08 18:59:53.227 25916 25916 D EyeGuard-Sensor: 环境光线变化: 0.0 lux, 阈值: 4.0 lux
07-08 18:59:53.356 25916 25916 D EyeGuard-StateMachine: [IDLE] 锁定倒计时结束，执行锁定
07-08 18:59:53.356 25916 25916 D EyeGuard-StateMachine: 状态转换: IDLE → LOCKED
07-08 18:59:53.358 25916 25916 D LightMonitorService: 锁定设备，当前亮度: 0.0 lux
07-08 18:59:53.359 25916 25916 D LockAccessibilityService: 锁定状态设置为: true
07-08 18:59:53.368 25916 25916 D NotificationService: NotificationChannel (light_monitor_channel,光线监测,2)
07-08 18:59:53.371 25916 25916 V NotificationManager: io.github.danwangshi.eyeguard: notifyAsUser(1, Notification(channel=light_monitor_channel shortcut=null contentView=null bigContentView=null extras=Bundle[{android.title=不要关灯玩手机, android.reduced.images=true, android.subText=null, android.showChronometer=false, android.text=光线太暗，手机已锁定, android.progress=0, android.progressMax=0, android.appInfo=ApplicationInfo{cb4b7aa io.github.danwangshi.eyeguard}, android.showWhen=true, android.largeIcon=null, android.infoText=null, android.progressIndeterminate=false, android.remoteInputHistory=null}] tickerText=null vibrate=null sound=null defaults=0x0 flags=0x2 color=0x00000000 actions=1 vis=PRIVATE))
07-08 18:59:53.375 25916 25916 D LockOverlayService: onStartCommand: io.github.danwangshi.eyeguard.ACTION_SHOW_LOCK
07-08 18:59:53.375 25916 25916 D LockOverlayService: 复用已缓存的锁定覆盖层
07-08 18:59:53.394 25916 25916 D LockOverlayService: 注册手电筒状态回调
07-08 18:59:53.394 25916 25916 D LockOverlayService: 锁定覆盖层显示成功
07-08 18:59:53.410 25916 26141 E OpenGLRenderer: Unable to match the desired swap behavior.
07-08 18:59:53.422 25916 25916 D EyeGuard-Sensor: 环境光线变化: 0.0 lux, 阈值: 4.0 lux
07-08 18:59:53.426 25916 25916 D EyeGuard-StateMachine: [LOCKED] 光线仍然低于阈值，保持锁定
07-08 18:59:53.427 25916 25916 D LockOverlayService: 手电筒外部状态变化: false
07-08 18:59:53.436 25916 25916 D LockOverlayService: onStartCommand: io.github.danwangshi.eyeguard.ACTION_UPDATE_LUX
07-08 18:59:53.563 25916 25916 D LockAccessibilityService: 窗口变化: io.github.danwangshi.eyeguard / android.widget.FrameLayout
07-08 18:59:53.586 25916 25916 D EyeGuard-Sensor: 环境光线变化: 0.0 lux, 阈值: 4.0 lux
07-08 18:59:53.589 25916 25916 D EyeGuard-StateMachine: [LOCKED] 光线仍然低于阈值，保持锁定
07-08 18:59:53.589 25916 25916 D LockOverlayService: onStartCommand: io.github.danwangshi.eyeguard.ACTION_UPDATE_LUX
07-08 18:59:53.767 25916 25916 D EyeGuard-Sensor: 环境光线变化: 0.0 lux, 阈值: 4.0 lux
07-08 18:59:53.770 25916 25916 D EyeGuard-StateMachine: [LOCKED] 光线仍然低于阈值，保持锁定
07-08 18:59:53.773 25916 25916 D LockOverlayService: onStartCommand: io.github.danwangshi.eyeguard.ACTION_UPDATE_LUX
07-08 18:59:53.947 25916 25916 D EyeGuard-Sensor: 环境光线变化: 0.0 lux, 阈值: 4.0 lux
07-08 18:59:53.951 25916 25916 D EyeGuard-StateMachine: [LOCKED] 光线仍然低于阈值，保持锁定
07-08 18:59:53.955 25916 25916 D LockOverlayService: onStartCommand: io.github.danwangshi.eyeguard.ACTION_UPDATE_LUX
07-08 18:59:54.130 25916 25916 D EyeGuard-Sensor: 环境光线变化: 0.0 lux, 阈值: 4.0 lux
07-08 18:59:54.133 25916 25916 D EyeGuard-StateMachine: [LOCKED] 光线仍然低于阈值，保持锁定
07-08 18:59:54.135 25916 25916 D LockOverlayService: onStartCommand: io.github.danwangshi.eyeguard.ACTION_UPDATE_LUX
07-08 18:59:54.306 25916 25916 D EyeGuard-Sensor: 环境光线变化: 0.0 lux, 阈值: 4.0 lux
07-08 18:59:54.309 25916 25916 D EyeGuard-StateMachine: [LOCKED] 光线仍然低于阈值，保持锁定
07-08 18:59:54.316 25916 25916 D LockOverlayService: onStartCommand: io.github.danwangshi.eyeguard.ACTION_UPDATE_LUX
07-08 18:59:54.487 25916 25916 D EyeGuard-Sensor: 环境光线变化: 0.0 lux, 阈值: 4.0 lux
07-08 18:59:54.489 25916 25916 D EyeGuard-StateMachine: [LOCKED] 光线仍然低于阈值，保持锁定
07-08 18:59:54.490 25916 25916 D LockOverlayService: onStartCommand: io.github.danwangshi.eyeguard.ACTION_UPDATE_LUX
07-08 18:59:54.670 25916 25916 D EyeGuard-Sensor: 环境光线变化: 0.0 lux, 阈值: 4.0 lux
07-08 18:59:54.674 25916 25916 D EyeGuard-StateMachine: [LOCKED] 光线仍然低于阈值，保持锁定
07-08 18:59:54.676 25916 25916 D LockOverlayService: onStartCommand: io.github.danwangshi.eyeguard.ACTION_UPDATE_LUX
07-08 18:59:54.848 25916 25916 D EyeGuard-Sensor: 环境光线变化: 0.0 lux, 阈值: 4.0 lux
07-08 18:59:54.852 25916 25916 D EyeGuard-StateMachine: [LOCKED] 光线仍然低于阈值，保持锁定
07-08 18:59:54.855 25916 25916 D LockOverlayService: onStartCommand: io.github.danwangshi.eyeguard.ACTION_UPDATE_LUX
07-08 18:59:55.027 25916 25916 D EyeGuard-Sensor: 环境光线变化: 0.0 lux, 阈值: 4.0 lux
07-08 18:59:55.032 25916 25916 D EyeGuard-StateMachine: [LOCKED] 光线仍然低于阈值，保持锁定
07-08 18:59:55.033 25916 25916 D LockOverlayService: onStartCommand: io.github.danwangshi.eyeguard.ACTION_UPDATE_LUX
07-08 18:59:55.207 25916 25916 D EyeGuard-Sensor: 环境光线变化: 0.0 lux, 阈值: 4.0 lux
07-08 18:59:55.211 25916 25916 D EyeGuard-StateMachine: [LOCKED] 光线仍然低于阈值，保持锁定
07-08 18:59:55.216 25916 25916 D LockOverlayService: onStartCommand: io.github.danwangshi.eyeguard.ACTION_UPDATE_LUX
07-08 18:59:55.386 25916 25916 D EyeGuard-Sensor: 环境光线变化: 0.0 lux, 阈值: 4.0 lux
07-08 18:59:55.391 25916 25916 D EyeGuard-StateMachine: [LOCKED] 光线仍然低于阈值，保持锁定
07-08 18:59:55.392 25916 25916 D LockOverlayService: onStartCommand: io.github.danwangshi.eyeguard.ACTION_UPDATE_LUX
07-08 18:59:55.566 25916 25916 D EyeGuard-Sensor: 环境光线变化: 3.2400002 lux, 阈值: 4.0 lux
07-08 18:59:55.570 25916 25916 D EyeGuard-StateMachine: [LOCKED] 光线仍然低于阈值，保持锁定
07-08 18:59:55.572 25916 25916 D LockOverlayService: onStartCommand: io.github.danwangshi.eyeguard.ACTION_UPDATE_LUX
07-08 18:59:55.747 25916 25916 D EyeGuard-Sensor: 环境光线变化: 23.962502 lux, 阈值: 4.0 lux
07-08 18:59:55.752 25916 25916 D EyeGuard-StateMachine: [LOCKED] 光线恢复，立即解锁
07-08 18:59:55.753 25916 25916 D EyeGuard-StateMachine: 状态转换: LOCKED → COOLDOWN
07-08 18:59:55.753 25916 25916 D LightMonitorService: 解除锁定，当前亮度: 23.962502 lux
07-08 18:59:55.753 25916 25916 D LockAccessibilityService: 锁定状态设置为: false
07-08 18:59:55.756 25916 25916 D NotificationService: NotificationChannel (light_monitor_channel,光线监测,2)
07-08 18:59:55.760 25916 25916 V NotificationManager: io.github.danwangshi.eyeguard: notifyAsUser(1, Notification(channel=light_monitor_channel shortcut=null contentView=null bigContentView=null extras=Bundle[{android.title=不要关灯玩手机, android.reduced.images=true, android.subText=null, android.showChronometer=false, android.text=正在监测环境光线，当前亮度：23 lux, android.progress=0, android.progressMax=0, android.appInfo=ApplicationInfo{cb4b7aa io.github.danwangshi.eyeguard}, android.showWhen=true, android.largeIcon=null, android.infoText=null, android.progressIndeterminate=false, android.remoteInputHistory=null}] tickerText=null vibrate=null sound=null defaults=0x0 flags=0x2 color=0x00000000 actions=1 vis=PRIVATE))
07-08 18:59:55.764 25916 25916 D EyeGuard-StateMachine: 启动冷却倒计时 3000ms
07-08 18:59:55.764 25916 25916 D LockOverlayService: onStartCommand: io.github.danwangshi.eyeguard.ACTION_UPDATE_LUX
07-08 18:59:55.764 25916 25916 D LockOverlayService: onStartCommand: io.github.danwangshi.eyeguard.ACTION_REMOVE_LOCK
07-08 18:59:55.764 25916 25916 D LockOverlayService: 移除锁定覆盖层
07-08 18:59:55.768 25916 25916 D LockOverlayService: 取消手电筒状态回调
07-08 18:59:55.768 25916 25916 D LockOverlayService: 锁定覆盖层移除成功
07-08 18:59:55.770 25916 25916 W WindowOnBackDispatcher: sendCancelIfRunning: isInProgress=falsecallback=android.view.ViewRootImpl$$ExternalSyntheticLambda17@7e71c8d
07-08 18:59:55.903 25916 25916 D LockAccessibilityService: 窗口变化: com.meizu.flyme.launcher / com.android.launcher3.uioverrides.QuickstepLauncher
07-08 18:59:55.926 25916 25916 D EyeGuard-Sensor: 环境光线变化: 25.987501 lux, 阈值: 4.0 lux
07-08 18:59:55.926 25916 25916 D EyeGuard-StateMachine: [COOLDOWN] 冷却中，记录光线状态: 高于阈值
07-08 18:59:56.107 25916 25916 D EyeGuard-Sensor: 环境光线变化: 25.987501 lux, 阈值: 4.0 lux
07-08 18:59:56.107 25916 25916 D EyeGuard-StateMachine: [COOLDOWN] 冷却中，记录光线状态: 高于阈值
07-08 18:59:56.288 25916 25916 D EyeGuard-Sensor: 环境光线变化: 25.987501 lux, 阈值: 4.0 lux
07-08 18:59:56.289 25916 25916 D EyeGuard-StateMachine: [COOLDOWN] 冷却中，记录光线状态: 高于阈值
07-08 18:59:56.468 25916 25916 D EyeGuard-Sensor: 环境光线变化: 25.987501 lux, 阈值: 4.0 lux
07-08 18:59:56.468 25916 25916 D EyeGuard-StateMachine: [COOLDOWN] 冷却中，记录光线状态: 高于阈值
07-08 18:59:56.647 25916 25916 D EyeGuard-Sensor: 环境光线变化: 25.987501 lux, 阈值: 4.0 lux
07-08 18:59:56.647 25916 25916 D EyeGuard-StateMachine: [COOLDOWN] 冷却中，记录光线状态: 高于阈值
07-08 18:59:56.834 25916 25916 D EyeGuard-Sensor: 环境光线变化: 25.987501 lux, 阈值: 4.0 lux
07-08 18:59:56.834 25916 25916 D EyeGuard-StateMachine: [COOLDOWN] 冷却中，记录光线状态: 高于阈值
07-08 18:59:57.006 25916 25916 D EyeGuard-Sensor: 环境光线变化: 26.325 lux, 阈值: 4.0 lux
07-08 18:59:57.006 25916 25916 D EyeGuard-StateMachine: [COOLDOWN] 冷却中，记录光线状态: 高于阈值
07-08 18:59:57.187 25916 25916 D EyeGuard-Sensor: 环境光线变化: 25.650002 lux, 阈值: 4.0 lux
07-08 18:59:57.187 25916 25916 D EyeGuard-StateMachine: [COOLDOWN] 冷却中，记录光线状态: 高于阈值
07-08 18:59:57.367 25916 25916 D EyeGuard-Sensor: 环境光线变化: 22.2075 lux, 阈值: 4.0 lux
07-08 18:59:57.367 25916 25916 D EyeGuard-StateMachine: [COOLDOWN] 冷却中，记录光线状态: 高于阈值
07-08 18:59:57.547 25916 25916 D EyeGuard-Sensor: 环境光线变化: 13.2300005 lux, 阈值: 4.0 lux
07-08 18:59:57.548 25916 25916 D NotificationService: NotificationChannel (light_monitor_channel,光线监测,2)
07-08 18:59:57.553 25916 25916 V NotificationManager: io.github.danwangshi.eyeguard: notifyAsUser(1, Notification(channel=light_monitor_channel shortcut=null contentView=null bigContentView=null extras=Bundle[{android.title=不要关灯玩手机, android.reduced.images=true, android.subText=null, android.showChronometer=false, android.text=正在监测环境光线，当前亮度：13 lux, android.progress=0, android.progressMax=0, android.appInfo=ApplicationInfo{cb4b7aa io.github.danwangshi.eyeguard}, android.showWhen=true, android.largeIcon=null, android.infoText=null, android.progressIndeterminate=false, android.remoteInputHistory=null}] tickerText=null vibrate=null sound=null defaults=0x0 flags=0x2 color=0x00000000 actions=1 vis=PRIVATE))
07-08 18:59:57.557 25916 25916 D EyeGuard-StateMachine: [COOLDOWN] 冷却中，记录光线状态: 高于阈值
07-08 18:59:57.727 25916 25916 D EyeGuard-Sensor: 环境光线变化: 16.6725 lux, 阈值: 4.0 lux
07-08 18:59:57.727 25916 25916 D EyeGuard-StateMachine: [COOLDOWN] 冷却中，记录光线状态: 高于阈值
07-08 18:59:57.907 25916 25916 D EyeGuard-Sensor: 环境光线变化: 25.650002 lux, 阈值: 4.0 lux
07-08 18:59:57.908 25916 25916 D NotificationService: NotificationChannel (light_monitor_channel,光线监测,2)
07-08 18:59:57.912 25916 25916 V NotificationManager: io.github.danwangshi.eyeguard: notifyAsUser(1, Notification(channel=light_monitor_channel shortcut=null contentView=null bigContentView=null extras=Bundle[{android.title=不要关灯玩手机, android.reduced.images=true, android.subText=null, android.showChronometer=false, android.text=正在监测环境光线，当前亮度：25 lux, android.progress=0, android.progressMax=0, android.appInfo=ApplicationInfo{cb4b7aa io.github.danwangshi.eyeguard}, android.showWhen=true, android.largeIcon=null, android.infoText=null, android.progressIndeterminate=false, android.remoteInputHistory=null}] tickerText=null vibrate=null sound=null defaults=0x0 flags=0x2 color=0x00000000 actions=1 vis=PRIVATE))
07-08 18:59:57.916 25916 25916 D EyeGuard-StateMachine: [COOLDOWN] 冷却中，记录光线状态: 高于阈值
07-08 18:59:58.087 25916 25916 D EyeGuard-Sensor: 环境光线变化: 26.325 lux, 阈值: 4.0 lux
07-08 18:59:58.087 25916 25916 D EyeGuard-StateMachine: [COOLDOWN] 冷却中，记录光线状态: 高于阈值
07-08 18:59:58.267 25916 25916 D EyeGuard-Sensor: 环境光线变化: 26.325 lux, 阈值: 4.0 lux
07-08 18:59:58.267 25916 25916 D EyeGuard-StateMachine: [COOLDOWN] 冷却中，记录光线状态: 高于阈值
07-08 18:59:58.446 25916 25916 D EyeGuard-Sensor: 环境光线变化: 12.555 lux, 阈值: 4.0 lux
07-08 18:59:58.447 25916 25916 D NotificationService: NotificationChannel (light_monitor_channel,光线监测,2)
07-08 18:59:58.451 25916 25916 V NotificationManager: io.github.danwangshi.eyeguard: notifyAsUser(1, Notification(channel=light_monitor_channel shortcut=null contentView=null bigContentView=null extras=Bundle[{android.title=不要关灯玩手机, android.reduced.images=true, android.subText=null, android.showChronometer=false, android.text=正在监测环境光线，当前亮度：12 lux, android.progress=0, android.progressMax=0, android.appInfo=ApplicationInfo{cb4b7aa io.github.danwangshi.eyeguard}, android.showWhen=true, android.largeIcon=null, android.infoText=null, android.progressIndeterminate=false, android.remoteInputHistory=null}] tickerText=null vibrate=null sound=null defaults=0x0 flags=0x2 color=0x00000000 actions=1 vis=PRIVATE))
07-08 18:59:58.454 25916 25916 D EyeGuard-StateMachine: [COOLDOWN] 冷却中，记录光线状态: 高于阈值
07-08 18:59:58.627 25916 25916 D EyeGuard-Sensor: 环境光线变化: 2.9025002 lux, 阈值: 4.0 lux
07-08 18:59:58.628 25916 25916 D NotificationService: NotificationChannel (light_monitor_channel,光线监测,2)
07-08 18:59:58.636 25916 25916 V NotificationManager: io.github.danwangshi.eyeguard: notifyAsUser(1, Notification(channel=light_monitor_channel shortcut=null contentView=null bigContentView=null extras=Bundle[{android.title=不要关灯玩手机, android.reduced.images=true, android.subText=null, android.showChronometer=false, android.text=正在监测环境光线，当前亮度：2 lux, android.progress=0, android.progressMax=0, android.appInfo=ApplicationInfo{cb4b7aa io.github.danwangshi.eyeguard}, android.showWhen=true, android.largeIcon=null, android.infoText=null, android.progressIndeterminate=false, android.remoteInputHistory=null}] tickerText=null vibrate=null sound=null defaults=0x0 flags=0x2 color=0x00000000 actions=1 vis=PRIVATE))
07-08 18:59:58.641 25916 25916 D EyeGuard-StateMachine: [COOLDOWN] 冷却中，记录光线状态: 低于阈值
07-08 18:59:58.764 25916 25916 D EyeGuard-StateMachine: [COOLDOWN] 冷却期结束，状态转换: COOLDOWN → IDLE
07-08 18:59:58.764 25916 25916 D EyeGuard-StateMachine: [COOLDOWN] 冷却期间光线低于阈值，立即启动锁定倒计时
07-08 18:59:58.807 25916 25916 D EyeGuard-Sensor: 环境光线变化: 0.20250002 lux, 阈值: 4.0 lux
07-08 18:59:58.988 25916 25916 D EyeGuard-Sensor: 环境光线变化: 0.20250002 lux, 阈值: 4.0 lux
07-08 18:59:59.168 25916 25916 D EyeGuard-Sensor: 环境光线变化: 0.20250002 lux, 阈值: 4.0 lux
07-08 18:59:59.347 25916 25916 D EyeGuard-Sensor: 环境光线变化: 0.20250002 lux, 阈值: 4.0 lux
07-08 18:59:59.528 25916 25916 D EyeGuard-Sensor: 环境光线变化: 0.20250002 lux, 阈值: 4.0 lux
07-08 18:59:59.708 25916 25916 D EyeGuard-Sensor: 环境光线变化: 0.20250002 lux, 阈值: 4.0 lux
07-08 18:59:59.887 25916 25916 D EyeGuard-Sensor: 环境光线变化: 0.20250002 lux, 阈值: 4.0 lux
07-08 19:00:00.067 25916 25916 D EyeGuard-Sensor: 环境光线变化: 0.20250002 lux, 阈值: 4.0 lux
07-08 19:00:00.247 25916 25916 D EyeGuard-Sensor: 环境光线变化: 0.20250002 lux, 阈值: 4.0 lux
07-08 19:00:00.426 25916 25916 D EyeGuard-Sensor: 环境光线变化: 0.20250002 lux, 阈值: 4.0 lux
07-08 19:00:00.606 25916 25916 D EyeGuard-Sensor: 环境光线变化: 0.20250002 lux, 阈值: 4.0 lux
07-08 19:00:00.787 25916 25916 D EyeGuard-Sensor: 环境光线变化: 0.20250002 lux, 阈值: 4.0 lux
07-08 19:00:00.966 25916 25916 D EyeGuard-Sensor: 环境光线变化: 0.20250002 lux, 阈值: 4.0 lux
07-08 19:00:01.149 25916 25916 D EyeGuard-Sensor: 环境光线变化: 0.20250002 lux, 阈值: 4.0 lux
07-08 19:00:01.326 25916 25916 D EyeGuard-Sensor: 环境光线变化: 0.20250002 lux, 阈值: 4.0 lux
07-08 19:00:01.506 25916 25916 D EyeGuard-Sensor: 环境光线变化: 0.20250002 lux, 阈值: 4.0 lux
07-08 19:00:01.686 25916 25916 D EyeGuard-Sensor: 环境光线变化: 0.20250002 lux, 阈值: 4.0 lux
07-08 19:00:01.765 25916 25916 D EyeGuard-StateMachine: [IDLE] 锁定倒计时结束，执行锁定
07-08 19:00:01.765 25916 25916 D EyeGuard-StateMachine: 状态转换: IDLE → LOCKED
07-08 19:00:01.765 25916 25916 D LightMonitorService: 锁定设备，当前亮度: 0.20250002 lux
07-08 19:00:01.766 25916 25916 D LockAccessibilityService: 锁定状态设置为: true
07-08 19:00:01.771 25916 25916 D NotificationService: NotificationChannel (light_monitor_channel,光线监测,2)
07-08 19:00:01.776 25916 25916 V NotificationManager: io.github.danwangshi.eyeguard: notifyAsUser(1, Notification(channel=light_monitor_channel shortcut=null contentView=null bigContentView=null extras=Bundle[{android.title=不要关灯玩手机, android.reduced.images=true, android.subText=null, android.showChronometer=false, android.text=光线太暗，手机已锁定, android.progress=0, android.progressMax=0, android.appInfo=ApplicationInfo{cb4b7aa io.github.danwangshi.eyeguard}, android.showWhen=true, android.largeIcon=null, android.infoText=null, android.progressIndeterminate=false, android.remoteInputHistory=null}] tickerText=null vibrate=null sound=null defaults=0x0 flags=0x2 color=0x00000000 actions=1 vis=PRIVATE))
07-08 19:00:01.782 25916 25916 D LockOverlayService: onStartCommand: io.github.danwangshi.eyeguard.ACTION_SHOW_LOCK
07-08 19:00:01.783 25916 25916 D LockOverlayService: 复用已缓存的锁定覆盖层
07-08 19:00:01.803 25916 25916 D LockOverlayService: 注册手电筒状态回调
07-08 19:00:01.803 25916 25916 D LockOverlayService: 锁定覆盖层显示成功
07-08 19:00:01.831 25916 26141 E OpenGLRenderer: Unable to match the desired swap behavior.
07-08 19:00:01.854 25916 25916 D LockOverlayService: 手电筒外部状态变化: false
07-08 19:00:01.876 25916 25916 D EyeGuard-Sensor: 环境光线变化: 0.20250002 lux, 阈值: 4.0 lux
07-08 19:00:01.880 25916 25916 D EyeGuard-StateMachine: [LOCKED] 光线仍然低于阈值，保持锁定
07-08 19:00:01.909 25916 25916 D LockOverlayService: onStartCommand: io.github.danwangshi.eyeguard.ACTION_UPDATE_LUX
07-08 19:00:02.026 25916 25916 D LockAccessibilityService: 窗口变化: io.github.danwangshi.eyeguard / android.widget.FrameLayout
07-08 19:00:02.046 25916 25916 D EyeGuard-Sensor: 环境光线变化: 0.0 lux, 阈值: 4.0 lux
07-08 19:00:02.048 25916 25916 D EyeGuard-StateMachine: [LOCKED] 光线仍然低于阈值，保持锁定
07-08 19:00:02.049 25916 25916 D LockOverlayService: onStartCommand: io.github.danwangshi.eyeguard.ACTION_UPDATE_LUX
07-08 19:00:02.226 25916 25916 D EyeGuard-Sensor: 环境光线变化: 0.0 lux, 阈值: 4.0 lux
07-08 19:00:02.228 25916 25916 D EyeGuard-StateMachine: [LOCKED] 光线仍然低于阈值，保持锁定
07-08 19:00:02.236 25916 25916 D LockOverlayService: onStartCommand: io.github.danwangshi.eyeguard.ACTION_UPDATE_LUX
07-08 19:00:02.406 25916 25916 D EyeGuard-Sensor: 环境光线变化: 0.0 lux, 阈值: 4.0 lux
07-08 19:00:02.409 25916 25916 D EyeGuard-StateMachine: [LOCKED] 光线仍然低于阈值，保持锁定
07-08 19:00:02.410 25916 25916 D LockOverlayService: onStartCommand: io.github.danwangshi.eyeguard.ACTION_UPDATE_LUX
07-08 19:00:02.524 25916 26141 E OpenGLRenderer: Unable to match the desired swap behavior.
07-08 19:00:02.586 25916 25916 D EyeGuard-Sensor: 环境光线变化: 0.0 lux, 阈值: 4.0 lux
07-08 19:00:02.596 25916 25916 D EyeGuard-StateMachine: [LOCKED] 光线仍然低于阈值，保持锁定
07-08 19:00:02.598 25916 25916 D LockOverlayService: onStartCommand: io.github.danwangshi.eyeguard.ACTION_UPDATE_LUX
07-08 19:00:02.610 25916 25916 D LockOverlayService: 手电筒按钮点击
07-08 19:00:02.610 25916 25916 W libc    : Access denied finding property "vendor.camera.aux.packagelist"
07-08 19:00:02.657 25916 25916 D LockOverlayService: 手电筒状态: true
07-08 19:00:02.658 25916 25933 W libc    : Access denied finding property "vendor.camera.aux.packagelist"
07-08 19:00:02.661 25916 25916 D LockOverlayService: 手电筒外部状态变化: true
07-08 19:00:02.766 25916 25916 D EyeGuard-Sensor: 环境光线变化: 0.87750006 lux, 阈值: 4.0 lux
07-08 19:00:02.768 25916 25916 D EyeGuard-StateMachine: [LOCKED] 光线仍然低于阈值，保持锁定
07-08 19:00:02.769 25916 25916 D LockOverlayService: onStartCommand: io.github.danwangshi.eyeguard.ACTION_UPDATE_LUX
07-08 19:00:02.947 25916 25916 D EyeGuard-Sensor: 环境光线变化: 0.87750006 lux, 阈值: 4.0 lux
07-08 19:00:02.951 25916 25916 D EyeGuard-StateMachine: [LOCKED] 光线仍然低于阈值，保持锁定
07-08 19:00:02.953 25916 25916 D LockOverlayService: onStartCommand: io.github.danwangshi.eyeguard.ACTION_UPDATE_LUX
07-08 19:00:03.127 25916 25916 D EyeGuard-Sensor: 环境光线变化: 0.87750006 lux, 阈值: 4.0 lux
07-08 19:00:03.129 25916 25916 D EyeGuard-StateMachine: [LOCKED] 光线仍然低于阈值，保持锁定
07-08 19:00:03.131 25916 25916 D LockOverlayService: onStartCommand: io.github.danwangshi.eyeguard.ACTION_UPDATE_LUX
07-08 19:00:03.311 25916 25916 D EyeGuard-Sensor: 环境光线变化: 0.87750006 lux, 阈值: 4.0 lux
07-08 19:00:03.316 25916 25916 D EyeGuard-StateMachine: [LOCKED] 光线仍然低于阈值，保持锁定
07-08 19:00:03.317 25916 26141 E OpenGLRenderer: Unable to match the desired swap behavior.
07-08 19:00:03.318 25916 25916 D LockOverlayService: onStartCommand: io.github.danwangshi.eyeguard.ACTION_UPDATE_LUX
07-08 19:00:03.385 25916 25916 D LockOverlayService: 手电筒按钮点击
07-08 19:00:03.385 25916 25916 W libc    : Access denied finding property "vendor.camera.aux.packagelist"
07-08 19:00:03.408 25916 25916 D LockOverlayService: 手电筒状态: false
07-08 19:00:03.408 25916 25932 W libc    : Access denied finding property "vendor.camera.aux.packagelist"
07-08 19:00:03.412 25916 25916 D LockOverlayService: 手电筒外部状态变化: false
07-08 19:00:03.486 25916 25916 D EyeGuard-Sensor: 环境光线变化: 0.0 lux, 阈值: 4.0 lux
07-08 19:00:03.488 25916 25916 D EyeGuard-StateMachine: [LOCKED] 光线仍然低于阈值，保持锁定
07-08 19:00:03.489 25916 25916 D LockOverlayService: onStartCommand: io.github.danwangshi.eyeguard.ACTION_UPDATE_LUX
07-08 19:00:03.667 25916 25916 D EyeGuard-Sensor: 环境光线变化: 0.0 lux, 阈值: 4.0 lux
07-08 19:00:03.672 25916 25916 D EyeGuard-StateMachine: [LOCKED] 光线仍然低于阈值，保持锁定
07-08 19:00:03.673 25916 25916 D LockOverlayService: onStartCommand: io.github.danwangshi.eyeguard.ACTION_UPDATE_LUX
07-08 19:00:03.847 25916 25916 D EyeGuard-Sensor: 环境光线变化: 0.0 lux, 阈值: 4.0 lux
07-08 19:00:03.851 25916 25916 D EyeGuard-StateMachine: [LOCKED] 光线仍然低于阈值，保持锁定
07-08 19:00:03.852 25916 25916 D LockOverlayService: onStartCommand: io.github.danwangshi.eyeguard.ACTION_UPDATE_LUX
07-08 19:00:04.027 25916 25916 D EyeGuard-Sensor: 环境光线变化: 0.0 lux, 阈值: 4.0 lux
07-08 19:00:04.033 25916 25916 D EyeGuard-StateMachine: [LOCKED] 光线仍然低于阈值，保持锁定
07-08 19:00:04.034 25916 25916 D LockOverlayService: onStartCommand: io.github.danwangshi.eyeguard.ACTION_UPDATE_LUX
07-08 19:00:04.207 25916 25916 D EyeGuard-Sensor: 环境光线变化: 0.0 lux, 阈值: 4.0 lux
07-08 19:00:04.209 25916 25916 D EyeGuard-StateMachine: [LOCKED] 光线仍然低于阈值，保持锁定
07-08 19:00:04.209 25916 25916 D LockOverlayService: onStartCommand: io.github.danwangshi.eyeguard.ACTION_UPDATE_LUX
07-08 19:00:04.387 25916 25916 D EyeGuard-Sensor: 环境光线变化: 0.0 lux, 阈值: 4.0 lux
07-08 19:00:04.391 25916 25916 D EyeGuard-StateMachine: [LOCKED] 光线仍然低于阈值，保持锁定
07-08 19:00:04.393 25916 25916 D LockOverlayService: onStartCommand: io.github.danwangshi.eyeguard.ACTION_UPDATE_LUX
07-08 19:00:04.567 25916 25916 D EyeGuard-Sensor: 环境光线变化: 0.20250002 lux, 阈值: 4.0 lux
07-08 19:00:04.571 25916 25916 D EyeGuard-StateMachine: [LOCKED] 光线仍然低于阈值，保持锁定
07-08 19:00:04.572 25916 25916 D LockOverlayService: onStartCommand: io.github.danwangshi.eyeguard.ACTION_UPDATE_LUX
07-08 19:00:04.752 25916 25916 D EyeGuard-Sensor: 环境光线变化: 0.20250002 lux, 阈值: 4.0 lux
07-08 19:00:04.754 25916 25916 D EyeGuard-StateMachine: [LOCKED] 光线仍然低于阈值，保持锁定
07-08 19:00:04.756 25916 25916 D LockOverlayService: onStartCommand: io.github.danwangshi.eyeguard.ACTION_UPDATE_LUX
07-08 19:00:04.927 25916 25916 D EyeGuard-Sensor: 环境光线变化: 0.20250002 lux, 阈值: 4.0 lux
07-08 19:00:04.933 25916 25916 D EyeGuard-StateMachine: [LOCKED] 光线仍然低于阈值，保持锁定
07-08 19:00:04.935 25916 25916 D LockOverlayService: onStartCommand: io.github.danwangshi.eyeguard.ACTION_UPDATE_LUX
07-08 19:00:05.106 25916 25916 D EyeGuard-Sensor: 环境光线变化: 1.0125 lux, 阈值: 4.0 lux
07-08 19:00:05.110 25916 25916 D EyeGuard-StateMachine: [LOCKED] 光线仍然低于阈值，保持锁定
07-08 19:00:05.112 25916 25916 D LockOverlayService: onStartCommand: io.github.danwangshi.eyeguard.ACTION_UPDATE_LUX
07-08 19:00:05.291 25916 25916 D EyeGuard-Sensor: 环境光线变化: 1.0125 lux, 阈值: 4.0 lux
07-08 19:00:05.295 25916 25916 D EyeGuard-StateMachine: [LOCKED] 光线仍然低于阈值，保持锁定
07-08 19:00:05.296 25916 25916 D LockOverlayService: onStartCommand: io.github.danwangshi.eyeguard.ACTION_UPDATE_LUX
07-08 19:00:05.470 25916 25916 D EyeGuard-Sensor: 环境光线变化: 1.7550001 lux, 阈值: 4.0 lux
07-08 19:00:05.475 25916 25916 D EyeGuard-StateMachine: [LOCKED] 光线仍然低于阈值，保持锁定
07-08 19:00:05.475 25916 25916 D LockOverlayService: onStartCommand: io.github.danwangshi.eyeguard.ACTION_UPDATE_LUX
07-08 19:00:05.646 25916 25916 D EyeGuard-Sensor: 环境光线变化: 1.0125 lux, 阈值: 4.0 lux
07-08 19:00:05.648 25916 25916 D EyeGuard-StateMachine: [LOCKED] 光线仍然低于阈值，保持锁定
07-08 19:00:05.650 25916 25916 D LockOverlayService: onStartCommand: io.github.danwangshi.eyeguard.ACTION_UPDATE_LUX
07-08 19:00:05.782 25916 26141 E OpenGLRenderer: Unable to match the desired swap behavior.
07-08 19:00:05.826 25916 25916 D EyeGuard-Sensor: 环境光线变化: 1.0125 lux, 阈值: 4.0 lux
07-08 19:00:05.831 25916 25916 D EyeGuard-StateMachine: [LOCKED] 光线仍然低于阈值，保持锁定
07-08 19:00:05.832 25916 25916 D LockOverlayService: onStartCommand: io.github.danwangshi.eyeguard.ACTION_UPDATE_LUX
07-08 19:00:05.841 25916 25916 D LockOverlayService: 紧急电话按钮点击
07-08 19:00:05.841 25916 25916 D LockOverlayService: 移除锁定覆盖层
07-08 19:00:05.845 25916 25916 D LockOverlayService: 取消手电筒状态回调
07-08 19:00:05.846 25916 25916 D LockOverlayService: 锁定覆盖层移除成功
07-08 19:00:05.868 25916 25916 D LockOverlayService: 打开紧急拨号器，已移除覆盖层，电话应用激活
07-08 19:00:05.869 25916 25916 W WindowOnBackDispatcher: sendCancelIfRunning: isInProgress=falsecallback=android.view.ViewRootImpl$$ExternalSyntheticLambda17@62542fd
07-08 19:00:06.006 25916 25916 D LockAccessibilityService: 窗口变化: com.meizu.flyme.launcher / com.android.launcher3.uioverrides.QuickstepLauncher
07-08 19:00:06.006 25916 25916 D LockAccessibilityService: 离开电话应用，重新启用遮罩
07-08 19:00:06.006 25916 25916 D LockAccessibilityService: 检测到桌面，保持锁定
07-08 19:00:06.020 25916 25916 D EyeGuard-Sensor: 环境光线变化: 1.215 lux, 阈值: 4.0 lux
07-08 19:00:06.020 25916 25916 D EyeGuard-StateMachine: [LOCKED] 光线仍然低于阈值，保持锁定
