07-08 19:00:06.033 25916 25916 D LockOverlayService: onStartCommand: io.github.danwangshi.eyeguard.ACTION_SHOW_LOCK
07-08 19:00:06.033 25916 25916 D LockOverlayService: 复用已缓存的锁定覆盖层
07-08 19:00:06.081 25916 25916 D LockOverlayService: 注册手电筒状态回调
07-08 19:00:06.081 25916 25916 D LockOverlayService: 锁定覆盖层显示成功
07-08 19:00:06.098 25916 26141 E OpenGLRenderer: Unable to match the desired swap behavior.
07-08 19:00:06.116 25916 25916 D LockOverlayService: 手电筒外部状态变化: false
07-08 19:00:06.191 25916 25916 D EyeGuard-Sensor: 环境光线变化: 1.215 lux, 阈值: 4.0 lux
07-08 19:00:06.195 25916 25916 D EyeGuard-StateMachine: [LOCKED] 光线仍然低于阈值，保持锁定
07-08 19:00:06.209 25916 25916 D LockOverlayService: onStartCommand: io.github.danwangshi.eyeguard.ACTION_UPDATE_LUX
07-08 19:00:06.253 25916 25916 W WindowOnBackDispatcher: sendCancelIfRunning: isInProgress=falsecallback=android.view.ViewRootImpl$$ExternalSyntheticLambda17@318a95c
07-08 19:00:06.269 25916 25916 D LockAccessibilityService: 窗口变化: io.github.danwangshi.eyeguard / android.widget.FrameLayout
07-08 19:00:06.362 25916 25916 D EyeGuard-Sensor: 环境光线变化: 1.215 lux, 阈值: 4.0 lux
07-08 19:00:06.368 25916 25916 D EyeGuard-StateMachine: [LOCKED] 光线仍然低于阈值，保持锁定
07-08 19:00:06.368 25916 25916 D LockOverlayService: onStartCommand: io.github.danwangshi.eyeguard.ACTION_UPDATE_LUX
07-08 19:00:06.546 25916 25916 D EyeGuard-Sensor: 环境光线变化: 1.35 lux, 阈值: 4.0 lux
07-08 19:00:06.549 25916 25916 D EyeGuard-StateMachine: [LOCKED] 光线仍然低于阈值，保持锁定
07-08 19:00:06.549 25916 25916 D LockOverlayService: onStartCommand: io.github.danwangshi.eyeguard.ACTION_UPDATE_LUX
07-08 19:00:06.686 25916 25916 D LockAccessibilityService: 窗口变化: android / android.app.Dialog
07-08 19:00:06.687 25916 25916 D LockAccessibilityService: 尝试切换到非白名单应用: android，若光线不足将恢复锁定
07-08 19:00:06.727 25916 25916 D EyeGuard-Sensor: 环境光线变化: 1.35 lux, 阈值: 4.0 lux
07-08 19:00:06.730 25916 25916 D EyeGuard-StateMachine: [LOCKED] 光线仍然低于阈值，保持锁定
07-08 19:00:06.734 25916 25916 D LockOverlayService: onStartCommand: io.github.danwangshi.eyeguard.ACTION_UPDATE_LUX
07-08 19:00:06.907 25916 25916 D EyeGuard-Sensor: 环境光线变化: 0.675 lux, 阈值: 4.0 lux
07-08 19:00:06.910 25916 25916 D EyeGuard-StateMachine: [LOCKED] 光线仍然低于阈值，保持锁定
07-08 19:00:06.913 25916 25916 D LockOverlayService: onStartCommand: io.github.danwangshi.eyeguard.ACTION_UPDATE_LUX
07-08 19:00:07.086 25916 25916 D EyeGuard-Sensor: 环境光线变化: 0.675 lux, 阈值: 4.0 lux
07-08 19:00:07.089 25916 25916 D EyeGuard-StateMachine: [LOCKED] 光线仍然低于阈值，保持锁定
07-08 19:00:07.091 25916 25916 D LockOverlayService: onStartCommand: io.github.danwangshi.eyeguard.ACTION_UPDATE_LUX
07-08 19:00:07.266 25916 25916 D EyeGuard-Sensor: 环境光线变化: 0.675 lux, 阈值: 4.0 lux
07-08 19:00:07.269 25916 25916 D EyeGuard-StateMachine: [LOCKED] 光线仍然低于阈值，保持锁定
07-08 19:00:07.270 25916 25916 D LockOverlayService: onStartCommand: io.github.danwangshi.eyeguard.ACTION_UPDATE_LUX
07-08 19:00:07.447 25916 25916 D EyeGuard-Sensor: 环境光线变化: 0.675 lux, 阈值: 4.0 lux
07-08 19:00:07.449 25916 25916 D EyeGuard-StateMachine: [LOCKED] 光线仍然低于阈值，保持锁定
07-08 19:00:07.450 25916 25916 D LockOverlayService: onStartCommand: io.github.danwangshi.eyeguard.ACTION_UPDATE_LUX
07-08 19:00:07.629 25916 25916 D EyeGuard-Sensor: 环境光线变化: 0.675 lux, 阈值: 4.0 lux
07-08 19:00:07.631 25916 25916 D EyeGuard-StateMachine: [LOCKED] 光线仍然低于阈值，保持锁定
07-08 19:00:07.633 25916 25916 D LockOverlayService: onStartCommand: io.github.danwangshi.eyeguard.ACTION_UPDATE_LUX
07-08 19:00:07.807 25916 25916 D EyeGuard-Sensor: 环境光线变化: 0.675 lux, 阈值: 4.0 lux
07-08 19:00:07.809 25916 25916 D EyeGuard-StateMachine: [LOCKED] 光线仍然低于阈值，保持锁定
07-08 19:00:07.811 25916 25916 D LockOverlayService: onStartCommand: io.github.danwangshi.eyeguard.ACTION_UPDATE_LUX
07-08 19:00:07.982 25916 25916 D EyeGuard-Sensor: 环境光线变化: 0.87750006 lux, 阈值: 4.0 lux
07-08 19:00:07.985 25916 25916 D EyeGuard-StateMachine: [LOCKED] 光线仍然低于阈值，保持锁定
07-08 19:00:07.988 25916 25916 D LockOverlayService: onStartCommand: io.github.danwangshi.eyeguard.ACTION_UPDATE_LUX
07-08 19:00:08.167 25916 25916 D EyeGuard-Sensor: 环境光线变化: 0.87750006 lux, 阈值: 4.0 lux
07-08 19:00:08.171 25916 25916 D EyeGuard-StateMachine: [LOCKED] 光线仍然低于阈值，保持锁定
07-08 19:00:08.172 25916 25916 D LockOverlayService: onStartCommand: io.github.danwangshi.eyeguard.ACTION_UPDATE_LUX
07-08 19:00:08.346 25916 25916 D EyeGuard-Sensor: 环境光线变化: 0.87750006 lux, 阈值: 4.0 lux
07-08 19:00:08.349 25916 25916 D EyeGuard-StateMachine: [LOCKED] 光线仍然低于阈值，保持锁定
07-08 19:00:08.351 25916 25916 D LockOverlayService: onStartCommand: io.github.danwangshi.eyeguard.ACTION_UPDATE_LUX
07-08 19:00:08.429 25916 26141 E OpenGLRenderer: Unable to match the desired swap behavior.
07-08 19:00:08.482 25916 25916 D LockOverlayService: 紧急电话按钮点击
07-08 19:00:08.482 25916 25916 D LockOverlayService: 移除锁定覆盖层
07-08 19:00:08.484 25916 25916 D LockOverlayService: 取消手电筒状态回调
07-08 19:00:08.484 25916 25916 D LockOverlayService: 锁定覆盖层移除成功
07-08 19:00:08.494 25916 25916 D LockOverlayService: 打开紧急拨号器，已移除覆盖层，电话应用激活
07-08 19:00:08.494 25916 25916 W WindowOnBackDispatcher: sendCancelIfRunning: isInProgress=falsecallback=android.view.ViewRootImpl$$ExternalSyntheticLambda17@e7415a2
07-08 19:00:08.529 25916 25916 D EyeGuard-Sensor: 环境光线变化: 0.87750006 lux, 阈值: 4.0 lux
07-08 19:00:08.529 25916 25916 D EyeGuard-StateMachine: 通话中或电话应用活跃，保持当前状态 (state=LOCKED, isLocked=true)
07-08 19:00:08.625 25916 25916 D LockAccessibilityService: 窗口变化: android / android.app.Dialog
07-08 19:00:08.626 25916 25916 D LockAccessibilityService: 离开电话应用，重新启用遮罩
07-08 19:00:08.706 25916 25916 D EyeGuard-Sensor: 环境光线变化: 0.87750006 lux, 阈值: 4.0 lux
07-08 19:00:08.706 25916 25916 D EyeGuard-StateMachine: [LOCKED] 光线仍然低于阈值，保持锁定
07-08 19:00:08.890 25916 25916 D EyeGuard-Sensor: 环境光线变化: 0.87750006 lux, 阈值: 4.0 lux
07-08 19:00:08.890 25916 25916 D EyeGuard-StateMachine: [LOCKED] 光线仍然低于阈值，保持锁定
07-08 19:00:09.066 25916 25916 D EyeGuard-Sensor: 环境光线变化: 0.87750006 lux, 阈值: 4.0 lux
07-08 19:00:09.066 25916 25916 D EyeGuard-StateMachine: [LOCKED] 光线仍然低于阈值，保持锁定
07-08 19:00:09.249 25916 25916 D EyeGuard-Sensor: 环境光线变化: 0.87750006 lux, 阈值: 4.0 lux
07-08 19:00:09.249 25916 25916 D EyeGuard-StateMachine: [LOCKED] 光线仍然低于阈值，保持锁定
07-08 19:00:09.430 25916 25916 D EyeGuard-Sensor: 环境光线变化: 4.1175003 lux, 阈值: 4.0 lux
07-08 19:00:09.430 25916 25916 D EyeGuard-StateMachine: [LOCKED] 光线恢复，立即解锁
07-08 19:00:09.430 25916 25916 D EyeGuard-StateMachine: 状态转换: LOCKED → COOLDOWN
07-08 19:00:09.430 25916 25916 D LightMonitorService: 解除锁定，当前亮度: 4.1175003 lux
07-08 19:00:09.430 25916 25916 D LockAccessibilityService: 锁定状态设置为: false
07-08 19:00:09.453 25916 25916 D NotificationService: NotificationChannel (light_monitor_channel,光线监测,2)
07-08 19:00:09.504 25916 25916 V NotificationManager: io.github.danwangshi.eyeguard: notifyAsUser(1, Notification(channel=light_monitor_channel shortcut=null contentView=null bigContentView=null extras=Bundle[{android.title=不要关灯玩手机, android.reduced.images=true, android.subText=null, android.showChronometer=false, android.text=正在监测环境光线，当前亮度：4 lux, android.progress=0, android.progressMax=0, android.appInfo=ApplicationInfo{cb4b7aa io.github.danwangshi.eyeguard}, android.showWhen=true, android.largeIcon=null, android.infoText=null, android.progressIndeterminate=false, android.remoteInputHistory=null}] tickerText=null vibrate=null sound=null defaults=0x0 flags=0x2 color=0x00000000 actions=1 vis=PRIVATE))
07-08 19:00:09.512 25916 25916 D EyeGuard-StateMachine: 启动冷却倒计时 3000ms
07-08 19:00:09.512 25916 25916 D LockOverlayService: onStartCommand: io.github.danwangshi.eyeguard.ACTION_REMOVE_LOCK
07-08 19:00:09.529 25916 25916 D LockAccessibilityService: 窗口变化: com.android.dialer / com.android.dialer.DialtactsActivity
07-08 19:00:09.607 25916 25916 D EyeGuard-Sensor: 环境光线变化: 1.35 lux, 阈值: 4.0 lux
07-08 19:00:09.607 25916 25916 D EyeGuard-StateMachine: [COOLDOWN] 冷却中，记录光线状态: 低于阈值
07-08 19:00:09.792 25916 25916 D EyeGuard-Sensor: 环境光线变化: 1.0125 lux, 阈值: 4.0 lux
07-08 19:00:09.792 25916 25916 D EyeGuard-StateMachine: [COOLDOWN] 冷却中，记录光线状态: 低于阈值
07-08 19:00:09.969 25916 25916 D EyeGuard-Sensor: 环境光线变化: 1.35 lux, 阈值: 4.0 lux
07-08 19:00:09.971 25916 25916 D EyeGuard-StateMachine: [COOLDOWN] 冷却中，记录光线状态: 低于阈值
07-08 19:00:10.147 25916 25916 D EyeGuard-Sensor: 环境光线变化: 1.0125 lux, 阈值: 4.0 lux
07-08 19:00:10.148 25916 25916 D EyeGuard-StateMachine: [COOLDOWN] 冷却中，记录光线状态: 低于阈值
07-08 19:00:10.335 25916 25916 D EyeGuard-Sensor: 环境光线变化: 1.215 lux, 阈值: 4.0 lux
07-08 19:00:10.335 25916 25916 D EyeGuard-StateMachine: [COOLDOWN] 冷却中，记录光线状态: 低于阈值
07-08 19:00:10.507 25916 25916 D EyeGuard-Sensor: 环境光线变化: 1.0125 lux, 阈值: 4.0 lux
07-08 19:00:10.507 25916 25916 D EyeGuard-StateMachine: [COOLDOWN] 冷却中，记录光线状态: 低于阈值
07-08 19:00:10.691 25916 25916 D EyeGuard-Sensor: 环境光线变化: 1.35 lux, 阈值: 4.0 lux
07-08 19:00:10.692 25916 25916 D EyeGuard-StateMachine: [COOLDOWN] 冷却中，记录光线状态: 低于阈值
07-08 19:00:10.869 25916 25916 D EyeGuard-Sensor: 环境光线变化: 1.0125 lux, 阈值: 4.0 lux
07-08 19:00:10.869 25916 25916 D EyeGuard-StateMachine: [COOLDOWN] 冷却中，记录光线状态: 低于阈值
07-08 19:00:11.044 25916 25916 D EyeGuard-Sensor: 环境光线变化: 1.215 lux, 阈值: 4.0 lux
07-08 19:00:11.044 25916 25916 D EyeGuard-StateMachine: [COOLDOWN] 冷却中，记录光线状态: 低于阈值
07-08 19:00:11.227 25916 25916 D EyeGuard-Sensor: 环境光线变化: 1.0125 lux, 阈值: 4.0 lux
07-08 19:00:11.227 25916 25916 D EyeGuard-StateMachine: [COOLDOWN] 冷却中，记录光线状态: 低于阈值
07-08 19:00:11.401 25916 25916 D EyeGuard-Sensor: 环境光线变化: 1.215 lux, 阈值: 4.0 lux
07-08 19:00:11.402 25916 25916 D EyeGuard-StateMachine: [COOLDOWN] 冷却中，记录光线状态: 低于阈值
07-08 19:00:11.588 25916 25916 D EyeGuard-Sensor: 环境光线变化: 1.215 lux, 阈值: 4.0 lux
07-08 19:00:11.588 25916 25916 D EyeGuard-StateMachine: [COOLDOWN] 冷却中，记录光线状态: 低于阈值
07-08 19:00:11.767 25916 25916 D EyeGuard-Sensor: 环境光线变化: 1.5525 lux, 阈值: 4.0 lux
07-08 19:00:11.768 25916 25916 D EyeGuard-StateMachine: [COOLDOWN] 冷却中，记录光线状态: 低于阈值
07-08 19:00:11.950 25916 25916 D EyeGuard-Sensor: 环境光线变化: 1.215 lux, 阈值: 4.0 lux
07-08 19:00:11.950 25916 25916 D EyeGuard-StateMachine: [COOLDOWN] 冷却中，记录光线状态: 低于阈值
07-08 19:00:12.128 25916 25916 D EyeGuard-Sensor: 环境光线变化: 1.5525 lux, 阈值: 4.0 lux
07-08 19:00:12.128 25916 25916 D EyeGuard-StateMachine: [COOLDOWN] 冷却中，记录光线状态: 低于阈值
07-08 19:00:12.320 25916 25916 D EyeGuard-Sensor: 环境光线变化: 1.215 lux, 阈值: 4.0 lux
07-08 19:00:12.320 25916 25916 D EyeGuard-StateMachine: [COOLDOWN] 冷却中，记录光线状态: 低于阈值
07-08 19:00:12.492 25916 25916 D EyeGuard-Sensor: 环境光线变化: 1.5525 lux, 阈值: 4.0 lux
07-08 19:00:12.495 25916 25916 D EyeGuard-StateMachine: [COOLDOWN] 冷却中，记录光线状态: 低于阈值
07-08 19:00:12.515 25916 25916 D EyeGuard-StateMachine: [COOLDOWN] 冷却期结束，状态转换: COOLDOWN → IDLE
07-08 19:00:12.515 25916 25916 D EyeGuard-StateMachine: [COOLDOWN] 冷却期间光线低于阈值，立即启动锁定倒计时
07-08 19:00:12.660 25916 25916 D EyeGuard-Sensor: 环境光线变化: 1.8900001 lux, 阈值: 4.0 lux
07-08 19:00:12.837 25916 25916 D EyeGuard-Sensor: 环境光线变化: 0.54 lux, 阈值: 4.0 lux
07-08 19:00:12.868 25916 25916 D LockAccessibilityService: 窗口变化: com.android.incallui / com.android.incallui.InCallActivity
07-08 19:00:13.017 25916 25916 D EyeGuard-Sensor: 环境光线变化: 0.54 lux, 阈值: 4.0 lux
07-08 19:00:13.197 25916 25916 D EyeGuard-Sensor: 环境光线变化: 0.54 lux, 阈值: 4.0 lux
07-08 19:00:13.377 25916 25916 D EyeGuard-Sensor: 环境光线变化: 0.54 lux, 阈值: 4.0 lux
07-08 19:00:13.556 25916 25916 D EyeGuard-Sensor: 环境光线变化: 0.54 lux, 阈值: 4.0 lux
07-08 19:00:13.736 25916 25916 D EyeGuard-Sensor: 环境光线变化: 0.675 lux, 阈值: 4.0 lux
07-08 19:00:13.917 25916 25916 D EyeGuard-Sensor: 环境光线变化: 0.675 lux, 阈值: 4.0 lux
07-08 19:00:14.106 25916 25916 D EyeGuard-Sensor: 环境光线变化: 0.675 lux, 阈值: 4.0 lux
07-08 19:00:14.278 25916 25916 D EyeGuard-Sensor: 环境光线变化: 0.675 lux, 阈值: 4.0 lux
07-08 19:00:14.456 25916 25916 D EyeGuard-Sensor: 环境光线变化: 0.675 lux, 阈值: 4.0 lux
07-08 19:00:14.637 25916 25916 D EyeGuard-Sensor: 环境光线变化: 0.675 lux, 阈值: 4.0 lux
07-08 19:00:14.826 25916 25916 D EyeGuard-Sensor: 环境光线变化: 0.675 lux, 阈值: 4.0 lux
07-08 19:00:15.007 25916 25916 D EyeGuard-Sensor: 环境光线变化: 0.675 lux, 阈值: 4.0 lux
07-08 19:00:15.186 25916 25916 D EyeGuard-Sensor: 环境光线变化: 0.675 lux, 阈值: 4.0 lux
07-08 19:00:15.357 25916 25916 D EyeGuard-Sensor: 环境光线变化: 0.0 lux, 阈值: 4.0 lux
07-08 19:00:15.515 25916 25916 D EyeGuard-StateMachine: [IDLE] 锁定倒计时结束，执行锁定
07-08 19:00:15.515 25916 25916 D EyeGuard-StateMachine: 状态转换: IDLE → LOCKED
07-08 19:00:15.516 25916 25916 D LightMonitorService: 锁定设备，当前亮度: 0.0 lux
07-08 19:00:15.516 25916 25916 D LockAccessibilityService: 锁定状态设置为: true
07-08 19:00:15.523 25916 25916 D NotificationService: NotificationChannel (light_monitor_channel,光线监测,2)
07-08 19:00:15.529 25916 25916 V NotificationManager: io.github.danwangshi.eyeguard: notifyAsUser(1, Notification(channel=light_monitor_channel shortcut=null contentView=null bigContentView=null extras=Bundle[{android.title=不要关灯玩手机, android.reduced.images=true, android.subText=null, android.showChronometer=false, android.text=光线太暗，手机已锁定, android.progress=0, android.progressMax=0, android.appInfo=ApplicationInfo{cb4b7aa io.github.danwangshi.eyeguard}, android.showWhen=true, android.largeIcon=null, android.infoText=null, android.progressIndeterminate=false, android.remoteInputHistory=null}] tickerText=null vibrate=null sound=null defaults=0x0 flags=0x2 color=0x00000000 actions=1 vis=PRIVATE))
07-08 19:00:15.537 25916 25916 D LockOverlayService: onStartCommand: io.github.danwangshi.eyeguard.ACTION_SHOW_LOCK
07-08 19:00:15.538 25916 25916 D LockOverlayService: 复用已缓存的锁定覆盖层
07-08 19:00:15.565 25916 25916 D LockOverlayService: 注册手电筒状态回调
07-08 19:00:15.565 25916 25916 D LockOverlayService: 锁定覆盖层显示成功
07-08 19:00:15.566 25916 25916 D EyeGuard-Sensor: 环境光线变化: 0.675 lux, 阈值: 4.0 lux
07-08 19:00:15.568 25916 25916 D EyeGuard-StateMachine: [LOCKED] 光线仍然低于阈值，保持锁定
07-08 19:00:15.583 25916 26141 E OpenGLRenderer: Unable to match the desired swap behavior.
07-08 19:00:15.600 25916 25916 D LockOverlayService: 手电筒外部状态变化: false
07-08 19:00:15.600 25916 25916 D LockOverlayService: onStartCommand: io.github.danwangshi.eyeguard.ACTION_UPDATE_LUX
07-08 19:00:15.726 25916 25916 D EyeGuard-Sensor: 环境光线变化: 0.675 lux, 阈值: 4.0 lux
07-08 19:00:15.729 25916 25916 D EyeGuard-StateMachine: [LOCKED] 光线仍然低于阈值，保持锁定
07-08 19:00:15.729 25916 25916 D LockOverlayService: onStartCommand: io.github.danwangshi.eyeguard.ACTION_UPDATE_LUX
07-08 19:00:15.740 25916 25916 D LockAccessibilityService: 窗口变化: io.github.danwangshi.eyeguard / android.widget.FrameLayout
07-08 19:00:15.906 25916 25916 D EyeGuard-Sensor: 环境光线变化: 0.0 lux, 阈值: 4.0 lux
07-08 19:00:15.909 25916 25916 D EyeGuard-StateMachine: [LOCKED] 光线仍然低于阈值，保持锁定
07-08 19:00:15.912 25916 25916 D LockOverlayService: onStartCommand: io.github.danwangshi.eyeguard.ACTION_UPDATE_LUX
07-08 19:00:16.086 25916 25916 D EyeGuard-Sensor: 环境光线变化: 0.0 lux, 阈值: 4.0 lux
07-08 19:00:16.090 25916 25916 D EyeGuard-StateMachine: [LOCKED] 光线仍然低于阈值，保持锁定
07-08 19:00:16.091 25916 25916 D LockOverlayService: onStartCommand: io.github.danwangshi.eyeguard.ACTION_UPDATE_LUX
07-08 19:00:16.268 25916 25916 D EyeGuard-Sensor: 环境光线变化: 0.0 lux, 阈值: 4.0 lux
07-08 19:00:16.270 25916 25916 D EyeGuard-StateMachine: [LOCKED] 光线仍然低于阈值，保持锁定
07-08 19:00:16.272 25916 25916 D LockOverlayService: onStartCommand: io.github.danwangshi.eyeguard.ACTION_UPDATE_LUX
07-08 19:00:16.447 25916 25916 D EyeGuard-Sensor: 环境光线变化: 0.0 lux, 阈值: 4.0 lux
07-08 19:00:16.449 25916 25916 D EyeGuard-StateMachine: [LOCKED] 光线仍然低于阈值，保持锁定
07-08 19:00:16.451 25916 25916 D LockOverlayService: onStartCommand: io.github.danwangshi.eyeguard.ACTION_UPDATE_LUX
07-08 19:00:16.627 25916 25916 D EyeGuard-Sensor: 环境光线变化: 0.0 lux, 阈值: 4.0 lux
07-08 19:00:16.630 25916 25916 D EyeGuard-StateMachine: [LOCKED] 光线仍然低于阈值，保持锁定
07-08 19:00:16.631 25916 25916 D LockOverlayService: onStartCommand: io.github.danwangshi.eyeguard.ACTION_UPDATE_LUX
07-08 19:00:16.806 25916 25916 D EyeGuard-Sensor: 环境光线变化: 0.0 lux, 阈值: 4.0 lux
07-08 19:00:16.809 25916 25916 D EyeGuard-StateMachine: [LOCKED] 光线仍然低于阈值，保持锁定
07-08 19:00:16.811 25916 25916 D LockOverlayService: onStartCommand: io.github.danwangshi.eyeguard.ACTION_UPDATE_LUX
07-08 19:00:16.987 25916 25916 D EyeGuard-Sensor: 环境光线变化: 0.0 lux, 阈值: 4.0 lux
07-08 19:00:16.992 25916 25916 D EyeGuard-StateMachine: [LOCKED] 光线仍然低于阈值，保持锁定
07-08 19:00:16.993 25916 25916 D LockOverlayService: onStartCommand: io.github.danwangshi.eyeguard.ACTION_UPDATE_LUX
07-08 19:00:17.166 25916 25916 D EyeGuard-Sensor: 环境光线变化: 0.0 lux, 阈值: 4.0 lux
07-08 19:00:17.169 25916 25916 D EyeGuard-StateMachine: [LOCKED] 光线仍然低于阈值，保持锁定
07-08 19:00:17.171 25916 25916 D LockOverlayService: onStartCommand: io.github.danwangshi.eyeguard.ACTION_UPDATE_LUX
07-08 19:00:17.347 25916 25916 D EyeGuard-Sensor: 环境光线变化: 0.0 lux, 阈值: 4.0 lux
07-08 19:00:17.350 25916 25916 D EyeGuard-StateMachine: [LOCKED] 光线仍然低于阈值，保持锁定
07-08 19:00:17.353 25916 25916 D LockOverlayService: onStartCommand: io.github.danwangshi.eyeguard.ACTION_UPDATE_LUX
07-08 19:00:17.526 25916 25916 D EyeGuard-Sensor: 环境光线变化: 0.0 lux, 阈值: 4.0 lux
07-08 19:00:17.529 25916 25916 D EyeGuard-StateMachine: [LOCKED] 光线仍然低于阈值，保持锁定
07-08 19:00:17.530 25916 25916 D LockOverlayService: onStartCommand: io.github.danwangshi.eyeguard.ACTION_UPDATE_LUX
07-08 19:00:17.706 25916 25916 D EyeGuard-Sensor: 环境光线变化: 0.0 lux, 阈值: 4.0 lux
07-08 19:00:17.709 25916 25916 D EyeGuard-StateMachine: [LOCKED] 光线仍然低于阈值，保持锁定
07-08 19:00:17.710 25916 25916 D LockOverlayService: onStartCommand: io.github.danwangshi.eyeguard.ACTION_UPDATE_LUX
07-08 19:00:17.886 25916 25916 D EyeGuard-Sensor: 环境光线变化: 0.0 lux, 阈值: 4.0 lux
07-08 19:00:17.888 25916 25916 D EyeGuard-StateMachine: [LOCKED] 光线仍然低于阈值，保持锁定
07-08 19:00:17.889 25916 25916 D LockOverlayService: onStartCommand: io.github.danwangshi.eyeguard.ACTION_UPDATE_LUX
07-08 19:00:18.068 25916 25916 D EyeGuard-Sensor: 环境光线变化: 0.0 lux, 阈值: 4.0 lux
07-08 19:00:18.073 25916 25916 D EyeGuard-StateMachine: [LOCKED] 光线仍然低于阈值，保持锁定
07-08 19:00:18.074 25916 25916 D LockOverlayService: onStartCommand: io.github.danwangshi.eyeguard.ACTION_UPDATE_LUX
07-08 19:00:18.247 25916 25916 D EyeGuard-Sensor: 环境光线变化: 0.0 lux, 阈值: 4.0 lux
07-08 19:00:18.253 25916 25916 D EyeGuard-StateMachine: [LOCKED] 光线仍然低于阈值，保持锁定
07-08 19:00:18.253 25916 25916 D LockOverlayService: onStartCommand: io.github.danwangshi.eyeguard.ACTION_UPDATE_LUX
07-08 19:00:18.427 25916 25916 D EyeGuard-Sensor: 环境光线变化: 0.0 lux, 阈值: 4.0 lux
07-08 19:00:18.429 25916 25916 D EyeGuard-StateMachine: [LOCKED] 光线仍然低于阈值，保持锁定
07-08 19:00:18.431 25916 25916 D LockOverlayService: onStartCommand: io.github.danwangshi.eyeguard.ACTION_UPDATE_LUX
07-08 19:00:18.606 25916 25916 D EyeGuard-Sensor: 环境光线变化: 0.0 lux, 阈值: 4.0 lux
07-08 19:00:18.609 25916 25916 D EyeGuard-StateMachine: [LOCKED] 光线仍然低于阈值，保持锁定
07-08 19:00:18.610 25916 25916 D LockOverlayService: onStartCommand: io.github.danwangshi.eyeguard.ACTION_UPDATE_LUX
07-08 19:00:18.730 25916 26141 E OpenGLRenderer: Unable to match the desired swap behavior.
07-08 19:00:18.781 25916 25916 D LockOverlayService: 紧急电话按钮点击
07-08 19:00:18.781 25916 25916 D LockOverlayService: 移除锁定覆盖层
07-08 19:00:18.783 25916 25916 D LockOverlayService: 取消手电筒状态回调
07-08 19:00:18.783 25916 25916 D LockOverlayService: 锁定覆盖层移除成功
07-08 19:00:18.808 25916 25916 D LockOverlayService: 打开紧急拨号器，已移除覆盖层，电话应用激活
07-08 19:00:18.809 25916 25916 D EyeGuard-Sensor: 环境光线变化: 0.0 lux, 阈值: 4.0 lux
07-08 19:00:18.812 25916 25916 D EyeGuard-StateMachine: 通话中或电话应用活跃，保持当前状态 (state=LOCKED, isLocked=true)
07-08 19:00:18.813 25916 25916 W WindowOnBackDispatcher: sendCancelIfRunning: isInProgress=falsecallback=android.view.ViewRootImpl$$ExternalSyntheticLambda17@b4e9e23
07-08 19:00:18.966 25916 25916 D EyeGuard-Sensor: 环境光线变化: 0.0 lux, 阈值: 4.0 lux
07-08 19:00:18.966 25916 25916 D EyeGuard-StateMachine: 通话中或电话应用活跃，保持当前状态 (state=LOCKED, isLocked=true)
07-08 19:00:19.042 25916 25916 D LockAccessibilityService: 窗口变化: android / android.app.Dialog
07-08 19:00:19.043 25916 25916 D LockAccessibilityService: 离开电话应用，重新启用遮罩
07-08 19:00:19.044 25916 25916 D LockAccessibilityService: 尝试切换到非白名单应用: android，若光线不足将恢复锁定
07-08 19:00:19.137 25916 25916 D EyeGuard-Sensor: 环境光线变化: 0.0 lux, 阈值: 4.0 lux
07-08 19:00:19.137 25916 25916 D EyeGuard-StateMachine: [LOCKED] 光线仍然低于阈值，保持锁定
07-08 19:00:19.318 25916 25916 D EyeGuard-Sensor: 环境光线变化: 0.0 lux, 阈值: 4.0 lux
07-08 19:00:19.318 25916 25916 D EyeGuard-StateMachine: [LOCKED] 光线仍然低于阈值，保持锁定
07-08 19:00:19.507 25916 25916 D EyeGuard-Sensor: 环境光线变化: 0.0 lux, 阈值: 4.0 lux
07-08 19:00:19.508 25916 25916 D EyeGuard-StateMachine: [LOCKED] 光线仍然低于阈值，保持锁定
07-08 19:00:19.688 25916 25916 D EyeGuard-Sensor: 环境光线变化: 0.0 lux, 阈值: 4.0 lux
07-08 19:00:19.688 25916 25916 D EyeGuard-StateMachine: [LOCKED] 光线仍然低于阈值，保持锁定
07-08 19:00:19.868 25916 25916 D EyeGuard-Sensor: 环境光线变化: 0.0 lux, 阈值: 4.0 lux
07-08 19:00:19.869 25916 25916 D EyeGuard-StateMachine: [LOCKED] 光线仍然低于阈值，保持锁定
07-08 19:00:20.053 25916 25916 D EyeGuard-Sensor: 环境光线变化: 0.0 lux, 阈值: 4.0 lux
07-08 19:00:20.053 25916 25916 D EyeGuard-StateMachine: [LOCKED] 光线仍然低于阈值，保持锁定
07-08 19:00:20.217 25916 25916 D EyeGuard-Sensor: 环境光线变化: 0.0 lux, 阈值: 4.0 lux
07-08 19:00:20.217 25916 25916 D EyeGuard-StateMachine: [LOCKED] 光线仍然低于阈值，保持锁定
07-08 19:00:20.259 25916 25916 D LockAccessibilityService: 窗口变化: com.android.dialer / com.android.dialer.DialtactsActivity
07-08 19:00:20.259 25916 25916 D LockAccessibilityService: 电话应用在前台: com.android.dialer，隐藏遮罩层
07-08 19:00:20.407 25916 25916 D EyeGuard-Sensor: 环境光线变化: 3.105 lux, 阈值: 4.0 lux
07-08 19:00:20.408 25916 25916 D EyeGuard-StateMachine: 通话中或电话应用活跃，保持当前状态 (state=LOCKED, isLocked=true)
07-08 19:00:20.519 25916 25916 D LockAccessibilityService: 窗口变化: com.android.incallui / android.widget.LinearLayout
07-08 19:00:20.592 25916 25916 D EyeGuard-Sensor: 环境光线变化: 3.105 lux, 阈值: 4.0 lux
07-08 19:00:20.593 25916 25916 D EyeGuard-StateMachine: 通话中或电话应用活跃，保持当前状态 (state=LOCKED, isLocked=true)
07-08 19:00:20.766 25916 25916 D EyeGuard-Sensor: 环境光线变化: 3.105 lux, 阈值: 4.0 lux
07-08 19:00:20.766 25916 25916 D EyeGuard-StateMachine: 通话中或电话应用活跃，保持当前状态 (state=LOCKED, isLocked=true)
07-08 19:00:20.948 25916 25916 D EyeGuard-Sensor: 环境光线变化: 3.7800002 lux, 阈值: 4.0 lux
07-08 19:00:20.949 25916 25916 D EyeGuard-StateMachine: 通话中或电话应用活跃，保持当前状态 (state=LOCKED, isLocked=true)
07-08 19:00:21.126 25916 25916 D EyeGuard-Sensor: 环境光线变化: 3.7800002 lux, 阈值: 4.0 lux
07-08 19:00:21.126 25916 25916 D EyeGuard-StateMachine: 通话中或电话应用活跃，保持当前状态 (state=LOCKED, isLocked=true)
07-08 19:00:21.307 25916 25916 D EyeGuard-Sensor: 环境光线变化: 5.1975 lux, 阈值: 4.0 lux
07-08 19:00:21.307 25916 25916 D EyeGuard-StateMachine: 通话中或电话应用活跃，保持当前状态 (state=LOCKED, isLocked=true)
07-08 19:00:21.488 25916 25916 D EyeGuard-Sensor: 环境光线变化: 5.1975 lux, 阈值: 4.0 lux
07-08 19:00:21.488 25916 25916 D EyeGuard-StateMachine: 通话中或电话应用活跃，保持当前状态 (state=LOCKED, isLocked=true)
07-08 19:00:21.666 25916 25916 D EyeGuard-Sensor: 环境光线变化: 5.1975 lux, 阈值: 4.0 lux
07-08 19:00:21.667 25916 25916 D EyeGuard-StateMachine: 通话中或电话应用活跃，保持当前状态 (state=LOCKED, isLocked=true)
07-08 19:00:21.846 25916 25916 D EyeGuard-Sensor: 环境光线变化: 5.1975 lux, 阈值: 4.0 lux
07-08 19:00:21.847 25916 25916 D EyeGuard-StateMachine: 通话中或电话应用活跃，保持当前状态 (state=LOCKED, isLocked=true)
07-08 19:00:22.026 25916 25916 D EyeGuard-Sensor: 环境光线变化: 8.1 lux, 阈值: 4.0 lux
07-08 19:00:22.027 25916 25916 D EyeGuard-StateMachine: 通话中或电话应用活跃，保持当前状态 (state=LOCKED, isLocked=true)
07-08 19:00:22.056 25916 25916 D LockAccessibilityService: 窗口变化: com.android.systemui / android.widget.FrameLayout
07-08 19:00:22.056 25916 25916 D LockAccessibilityService: 离开电话应用，重新启用遮罩
07-08 19:00:22.056 25916 25916 D LockAccessibilityService: 尝试切换到非白名单应用: com.android.systemui，若光线不足将恢复锁定
07-08 19:00:22.175 25916 25916 D LockAccessibilityService: 窗口变化: com.android.systemui / android.widget.FrameLayout
07-08 19:00:22.206 25916 25916 D EyeGuard-Sensor: 环境光线变化: 3.9825 lux, 阈值: 4.0 lux
07-08 19:00:22.206 25916 25916 D EyeGuard-StateMachine: [LOCKED] 光线仍然低于阈值，保持锁定
07-08 19:00:22.386 25916 25916 D EyeGuard-Sensor: 环境光线变化: 3.2400002 lux, 阈值: 4.0 lux
07-08 19:00:22.386 25916 25916 D EyeGuard-StateMachine: [LOCKED] 光线仍然低于阈值，保持锁定
07-08 19:00:22.566 25916 25916 D EyeGuard-Sensor: 环境光线变化: 2.565 lux, 阈值: 4.0 lux
07-08 19:00:22.566 25916 25916 D EyeGuard-StateMachine: [LOCKED] 光线仍然低于阈值，保持锁定
07-08 19:00:22.755 25916 25916 D EyeGuard-Sensor: 环境光线变化: 1.8900001 lux, 阈值: 4.0 lux
07-08 19:00:22.755 25916 25916 D EyeGuard-StateMachine: [LOCKED] 光线仍然低于阈值，保持锁定
07-08 19:00:22.882 25916 25916 D LockAccessibilityService: 检测到窗口内容变化且锁定界面未显示，重新显示
07-08 19:00:22.896 25916 25916 D LockOverlayService: onStartCommand: io.github.danwangshi.eyeguard.ACTION_SHOW_LOCK
07-08 19:00:22.904 25916 25916 D LockOverlayService: 复用已缓存的锁定覆盖层
07-08 19:00:22.992 25916 25916 D LockOverlayService: 注册手电筒状态回调
07-08 19:00:22.992 25916 25916 D LockOverlayService: 锁定覆盖层显示成功
07-08 19:00:22.997 25916 25916 D EyeGuard-Sensor: 环境光线变化: 1.215 lux, 阈值: 4.0 lux
07-08 19:00:23.004 25916 25916 D EyeGuard-StateMachine: [LOCKED] 光线仍然低于阈值，保持锁定
07-08 19:00:23.034 25916 26141 E OpenGLRenderer: Unable to match the desired swap behavior.
07-08 19:00:23.044 25916 25916 D LockOverlayService: 手电筒外部状态变化: false
07-08 19:00:23.044 25916 25916 D LockOverlayService: onStartCommand: io.github.danwangshi.eyeguard.ACTION_UPDATE_LUX
07-08 19:00:23.108 25916 25916 D EyeGuard-Sensor: 环境光线变化: 1.215 lux, 阈值: 4.0 lux
07-08 19:00:23.112 25916 25916 D EyeGuard-StateMachine: [LOCKED] 光线仍然低于阈值，保持锁定
07-08 19:00:23.113 25916 25916 D LockOverlayService: onStartCommand: io.github.danwangshi.eyeguard.ACTION_UPDATE_LUX
07-08 19:00:23.290 25916 25916 D EyeGuard-Sensor: 环境光线变化: 1.215 lux, 阈值: 4.0 lux
07-08 19:00:23.296 25916 25916 D EyeGuard-StateMachine: [LOCKED] 光线仍然低于阈值，保持锁定
07-08 19:00:23.301 25916 25916 D LockOverlayService: onStartCommand: io.github.danwangshi.eyeguard.ACTION_UPDATE_LUX
07-08 19:00:23.397 25916 25916 D LockAccessibilityService: 窗口变化: io.github.danwangshi.eyeguard / android.widget.FrameLayout
07-08 19:00:23.473 25916 25916 D EyeGuard-Sensor: 环境光线变化: 0.54 lux, 阈值: 4.0 lux
07-08 19:00:23.500 25916 25916 D EyeGuard-StateMachine: [LOCKED] 光线仍然低于阈值，保持锁定
07-08 19:00:23.503 25916 25916 D LockAccessibilityService: 窗口变化: com.android.incallui / com.android.incallui.InCallActivity
07-08 19:00:23.503 25916 25916 D LockAccessibilityService: 电话应用在前台: com.android.incallui，隐藏遮罩层
07-08 19:00:23.511 25916 25916 D LockOverlayService: onStartCommand: io.github.danwangshi.eyeguard.ACTION_UPDATE_LUX
07-08 19:00:23.532 25916 25916 D LockOverlayService: onStartCommand: io.github.danwangshi.eyeguard.ACTION_REMOVE_LOCK
07-08 19:00:23.532 25916 25916 D LockOverlayService: 移除锁定覆盖层
07-08 19:00:23.545 25916 25916 D LockOverlayService: 取消手电筒状态回调
07-08 19:00:23.545 25916 25916 D LockOverlayService: 锁定覆盖层移除成功
07-08 19:00:23.580 25916 25916 W WindowOnBackDispatcher: sendCancelIfRunning: isInProgress=falsecallback=android.view.ViewRootImpl$$ExternalSyntheticLambda17@9d29e4d
07-08 19:00:23.602 25916 25916 I ImeTracker: io.github.danwangshi.eyeguard:cf547d67: onRequestHide at ORIGIN_CLIENT_HIDE_SOFT_INPUT reason HIDE_SOFT_INPUT
07-08 19:00:23.609 25916 25916 I ImeTracker: io.github.danwangshi.eyeguard:cf547d67: onFailed at PHASE_CLIENT_VIEW_SERVED
07-08 19:00:23.609 25916 25916 W InputMethodManager: No current root view, ignoring closeCurrentInput()
07-08 19:00:23.637 25916 25916 D EyeGuard-Sensor: 环境光线变化: 0.675 lux, 阈值: 4.0 lux
07-08 19:00:23.637 25916 25916 D EyeGuard-StateMachine: 通话中或电话应用活跃，保持当前状态 (state=LOCKED, isLocked=true)
07-08 19:00:23.737 25916 25916 D LockAccessibilityService: 窗口变化: com.android.systemui / android.widget.FrameLayout
07-08 19:00:23.737 25916 25916 D LockAccessibilityService: 离开电话应用，重新启用遮罩
07-08 19:00:23.737 25916 25916 D LockAccessibilityService: 尝试切换到非白名单应用: com.android.systemui，若光线不足将恢复锁定
07-08 19:00:23.826 25916 25916 D EyeGuard-Sensor: 环境光线变化: 0.675 lux, 阈值: 4.0 lux
07-08 19:00:23.827 25916 25916 D EyeGuard-StateMachine: [LOCKED] 光线仍然低于阈值，保持锁定
07-08 19:00:24.006 25916 25916 D EyeGuard-Sensor: 环境光线变化: 0.675 lux, 阈值: 4.0 lux
07-08 19:00:24.007 25916 25916 D EyeGuard-StateMachine: [LOCKED] 光线仍然低于阈值，保持锁定
07-08 19:00:24.186 25916 25916 D EyeGuard-Sensor: 环境光线变化: 0.675 lux, 阈值: 4.0 lux
07-08 19:00:24.186 25916 25916 D EyeGuard-StateMachine: [LOCKED] 光线仍然低于阈值，保持锁定
07-08 19:00:24.366 25916 25916 D EyeGuard-Sensor: 环境光线变化: 0.675 lux, 阈值: 4.0 lux
07-08 19:00:24.366 25916 25916 D EyeGuard-StateMachine: [LOCKED] 光线仍然低于阈值，保持锁定
07-08 19:00:24.549 25916 25916 D EyeGuard-Sensor: 环境光线变化: 0.675 lux, 阈值: 4.0 lux
07-08 19:00:24.549 25916 25916 D EyeGuard-StateMachine: [LOCKED] 光线仍然低于阈值，保持锁定
07-08 19:00:24.727 25916 25916 D EyeGuard-Sensor: 环境光线变化: 0.0 lux, 阈值: 4.0 lux
07-08 19:00:24.727 25916 25916 D EyeGuard-StateMachine: [LOCKED] 光线仍然低于阈值，保持锁定
07-08 19:00:24.902 25916 25916 D EyeGuard-Sensor: 环境光线变化: 0.0 lux, 阈值: 4.0 lux
07-08 19:00:24.902 25916 25916 D EyeGuard-StateMachine: [LOCKED] 光线仍然低于阈值，保持锁定
07-08 19:00:25.089 25916 25916 D EyeGuard-Sensor: 环境光线变化: 0.0 lux, 阈值: 4.0 lux
07-08 19:00:25.089 25916 25916 D EyeGuard-StateMachine: [LOCKED] 光线仍然低于阈值，保持锁定
07-08 19:00:25.410 25916 25916 D LockAccessibilityService: 检测到窗口内容变化且锁定界面未显示，重新显示
07-08 19:00:25.420 25916 25916 D LockOverlayService: onStartCommand: io.github.danwangshi.eyeguard.ACTION_SHOW_LOCK
07-08 19:00:25.421 25916 25916 D LockOverlayService: 复用已缓存的锁定覆盖层
07-08 19:00:25.444 25916 25916 D LockOverlayService: 注册手电筒状态回调
07-08 19:00:25.444 25916 25916 D LockOverlayService: 锁定覆盖层显示成功
07-08 19:00:25.459 25916 26141 E OpenGLRenderer: Unable to match the desired swap behavior.
07-08 19:00:25.471 25916 25916 D LockOverlayService: 手电筒外部状态变化: false
07-08 19:00:25.625 25916 25916 D LockAccessibilityService: 窗口变化: io.github.danwangshi.eyeguard / android.widget.FrameLayout
07-08 19:00:26.394 25916 25916 D EyeGuard-Sensor: 环境光线变化: 1.35 lux, 阈值: 4.0 lux
07-08 19:00:26.404 25916 25916 D EyeGuard-StateMachine: [LOCKED] 光线仍然低于阈值，保持锁定
07-08 19:00:26.420 25916 25916 D LockOverlayService: onStartCommand: io.github.danwangshi.eyeguard.ACTION_UPDATE_LUX
07-08 19:00:26.572 25916 25916 D EyeGuard-Sensor: 环境光线变化: 2.7675002 lux, 阈值: 4.0 lux
07-08 19:00:26.575 25916 25916 D EyeGuard-StateMachine: [LOCKED] 光线仍然低于阈值，保持锁定
07-08 19:00:26.575 25916 25916 D LockOverlayService: onStartCommand: io.github.danwangshi.eyeguard.ACTION_UPDATE_LUX
07-08 19:00:26.764 25916 25916 D EyeGuard-Sensor: 环境光线变化: 2.0925 lux, 阈值: 4.0 lux
07-08 19:00:26.769 25916 25916 D EyeGuard-StateMachine: [LOCKED] 光线仍然低于阈值，保持锁定
07-08 19:00:26.770 25916 25916 D LockOverlayService: onStartCommand: io.github.danwangshi.eyeguard.ACTION_UPDATE_LUX
07-08 19:00:26.944 25916 25916 D EyeGuard-Sensor: 环境光线变化: 2.0925 lux, 阈值: 4.0 lux
07-08 19:00:26.946 25916 25916 D EyeGuard-StateMachine: [LOCKED] 光线仍然低于阈值，保持锁定
07-08 19:00:26.946 25916 25916 D LockOverlayService: onStartCommand: io.github.danwangshi.eyeguard.ACTION_UPDATE_LUX
07-08 19:00:27.122 25916 25916 D EyeGuard-Sensor: 环境光线变化: 2.0925 lux, 阈值: 4.0 lux
07-08 19:00:27.124 25916 25916 D EyeGuard-StateMachine: [LOCKED] 光线仍然低于阈值，保持锁定
07-08 19:00:27.124 25916 25916 D LockOverlayService: onStartCommand: io.github.danwangshi.eyeguard.ACTION_UPDATE_LUX
07-08 19:00:27.303 25916 25916 D EyeGuard-Sensor: 环境光线变化: 2.0925 lux, 阈值: 4.0 lux
07-08 19:00:27.306 25916 25916 D EyeGuard-StateMachine: [LOCKED] 光线仍然低于阈值，保持锁定
07-08 19:00:27.311 25916 25916 D LockOverlayService: onStartCommand: io.github.danwangshi.eyeguard.ACTION_UPDATE_LUX
07-08 19:00:27.483 25916 25916 D EyeGuard-Sensor: 环境光线变化: 2.0925 lux, 阈值: 4.0 lux
07-08 19:00:27.488 25916 25916 D EyeGuard-StateMachine: [LOCKED] 光线仍然低于阈值，保持锁定
07-08 19:00:27.493 25916 25916 D LockOverlayService: onStartCommand: io.github.danwangshi.eyeguard.ACTION_UPDATE_LUX
07-08 19:00:27.662 25916 25916 D EyeGuard-Sensor: 环境光线变化: 2.0925 lux, 阈值: 4.0 lux
07-08 19:00:27.664 25916 25916 D EyeGuard-StateMachine: [LOCKED] 光线仍然低于阈值，保持锁定
07-08 19:00:27.664 25916 25916 D LockOverlayService: onStartCommand: io.github.danwangshi.eyeguard.ACTION_UPDATE_LUX
07-08 19:00:27.842 25916 25916 D EyeGuard-Sensor: 环境光线变化: 1.35 lux, 阈值: 4.0 lux
07-08 19:00:27.845 25916 25916 D EyeGuard-StateMachine: [LOCKED] 光线仍然低于阈值，保持锁定
07-08 19:00:27.846 25916 25916 D LockOverlayService: onStartCommand: io.github.danwangshi.eyeguard.ACTION_UPDATE_LUX
07-08 19:00:28.022 25916 25916 D EyeGuard-Sensor: 环境光线变化: 1.35 lux, 阈值: 4.0 lux
07-08 19:00:28.026 25916 25916 D EyeGuard-StateMachine: [LOCKED] 光线仍然低于阈值，保持锁定
07-08 19:00:28.029 25916 25916 D LockOverlayService: onStartCommand: io.github.danwangshi.eyeguard.ACTION_UPDATE_LUX
07-08 19:00:28.204 25916 25916 D EyeGuard-Sensor: 环境光线变化: 1.35 lux, 阈值: 4.0 lux
07-08 19:00:28.206 25916 25916 D EyeGuard-StateMachine: [LOCKED] 光线仍然低于阈值，保持锁定
07-08 19:00:28.208 25916 25916 D LockOverlayService: onStartCommand: io.github.danwangshi.eyeguard.ACTION_UPDATE_LUX
07-08 19:00:28.383 25916 25916 D EyeGuard-Sensor: 环境光线变化: 1.35 lux, 阈值: 4.0 lux
07-08 19:00:28.385 25916 25916 D EyeGuard-StateMachine: [LOCKED] 光线仍然低于阈值，保持锁定
07-08 19:00:28.387 25916 25916 D LockOverlayService: onStartCommand: io.github.danwangshi.eyeguard.ACTION_UPDATE_LUX
07-08 19:00:28.562 25916 25916 D EyeGuard-Sensor: 环境光线变化: 1.35 lux, 阈值: 4.0 lux
07-08 19:00:28.567 25916 25916 D EyeGuard-StateMachine: [LOCKED] 光线仍然低于阈值，保持锁定
07-08 19:00:28.568 25916 25916 D LockOverlayService: onStartCommand: io.github.danwangshi.eyeguard.ACTION_UPDATE_LUX
07-08 19:00:28.742 25916 25916 D EyeGuard-Sensor: 环境光线变化: 1.35 lux, 阈值: 4.0 lux
07-08 19:00:28.744 25916 25916 D EyeGuard-StateMachine: [LOCKED] 光线仍然低于阈值，保持锁定
07-08 19:00:28.745 25916 25916 D LockOverlayService: onStartCommand: io.github.danwangshi.eyeguard.ACTION_UPDATE_LUX
07-08 19:00:28.922 25916 25916 D EyeGuard-Sensor: 环境光线变化: 1.35 lux, 阈值: 4.0 lux
07-08 19:00:28.928 25916 25916 D EyeGuard-StateMachine: [LOCKED] 光线仍然低于阈值，保持锁定
07-08 19:00:28.928 25916 25916 D LockOverlayService: onStartCommand: io.github.danwangshi.eyeguard.ACTION_UPDATE_LUX
07-08 19:00:29.106 25916 25916 D EyeGuard-Sensor: 环境光线变化: 0.675 lux, 阈值: 4.0 lux
07-08 19:00:29.110 25916 25916 D EyeGuard-StateMachine: [LOCKED] 光线仍然低于阈值，保持锁定
07-08 19:00:29.112 25916 25916 D LockOverlayService: onStartCommand: io.github.danwangshi.eyeguard.ACTION_UPDATE_LUX
07-08 19:00:29.273 25916 25916 D EyeGuard-Sensor: 环境光线变化: 0.675 lux, 阈值: 4.0 lux
07-08 19:00:29.276 25916 25916 D EyeGuard-StateMachine: [LOCKED] 光线仍然低于阈值，保持锁定
07-08 19:00:29.277 25916 25916 D LockOverlayService: onStartCommand: io.github.danwangshi.eyeguard.ACTION_UPDATE_LUX
07-08 19:00:30.504 25916 25916 D EyeGuard-Sensor: 环境光线变化: 1.35 lux, 阈值: 4.0 lux
07-08 19:00:30.512 25916 25916 D EyeGuard-StateMachine: [LOCKED] 光线仍然低于阈值，保持锁定
07-08 19:00:30.538 25916 25916 D LockOverlayService: onStartCommand: io.github.danwangshi.eyeguard.ACTION_UPDATE_LUX
07-08 19:00:30.682 25916 25916 D EyeGuard-Sensor: 环境光线变化: 0.0 lux, 阈值: 4.0 lux
07-08 19:00:30.685 25916 25916 D EyeGuard-StateMachine: [LOCKED] 光线仍然低于阈值，保持锁定
07-08 19:00:30.686 25916 25916 D LockOverlayService: onStartCommand: io.github.danwangshi.eyeguard.ACTION_UPDATE_LUX
07-08 19:00:30.873 25916 25916 D EyeGuard-Sensor: 环境光线变化: 0.0 lux, 阈值: 4.0 lux
07-08 19:00:30.880 25916 25916 D EyeGuard-StateMachine: [LOCKED] 光线仍然低于阈值，保持锁定
07-08 19:00:30.881 25916 25916 D LockOverlayService: onStartCommand: io.github.danwangshi.eyeguard.ACTION_UPDATE_LUX
07-08 19:00:31.589 25916 25916 D EyeGuard-Sensor: 环境光线变化: 3.4425 lux, 阈值: 4.0 lux
07-08 19:00:31.618 25916 25916 D EyeGuard-StateMachine: [LOCKED] 光线仍然低于阈值，保持锁定
07-08 19:00:31.619 25916 25916 D LockOverlayService: onStartCommand: io.github.danwangshi.eyeguard.ACTION_UPDATE_LUX
07-08 19:00:31.766 25916 25916 D EyeGuard-Sensor: 环境光线变化: 4.6575003 lux, 阈值: 4.0 lux
07-08 19:00:31.768 25916 25916 D EyeGuard-StateMachine: [LOCKED] 光线恢复，立即解锁
07-08 19:00:31.768 25916 25916 D EyeGuard-StateMachine: 状态转换: LOCKED → COOLDOWN
07-08 19:00:31.768 25916 25916 D LightMonitorService: 解除锁定，当前亮度: 4.6575003 lux
07-08 19:00:31.768 25916 25916 D LockAccessibilityService: 锁定状态设置为: false
07-08 19:00:31.770 25916 25916 D NotificationService: NotificationChannel (light_monitor_channel,光线监测,2)
07-08 19:00:31.773 25916 25916 V NotificationManager: io.github.danwangshi.eyeguard: notifyAsUser(1, Notification(channel=light_monitor_channel shortcut=null contentView=null bigContentView=null extras=Bundle[{android.title=不要关灯玩手机, android.reduced.images=true, android.subText=null, android.showChronometer=false, android.text=正在监测环境光线，当前亮度：4 lux, android.progress=0, android.progressMax=0, android.appInfo=ApplicationInfo{cb4b7aa io.github.danwangshi.eyeguard}, android.showWhen=true, android.largeIcon=null, android.infoText=null, android.progressIndeterminate=false, android.remoteInputHistory=null}] tickerText=null vibrate=null sound=null defaults=0x0 flags=0x2 color=0x00000000 actions=1 vis=PRIVATE))
07-08 19:00:31.777 25916 25916 D EyeGuard-StateMachine: 启动冷却倒计时 3000ms
07-08 19:00:31.777 25916 25916 D LockOverlayService: onStartCommand: io.github.danwangshi.eyeguard.ACTION_UPDATE_LUX
07-08 19:00:31.777 25916 25916 D LockOverlayService: onStartCommand: io.github.danwangshi.eyeguard.ACTION_REMOVE_LOCK
07-08 19:00:31.777 25916 25916 D LockOverlayService: 移除锁定覆盖层
07-08 19:00:31.779 25916 25916 D LockOverlayService: 取消手电筒状态回调
07-08 19:00:31.779 25916 25916 D LockOverlayService: 锁定覆盖层移除成功
07-08 19:00:31.781 25916 25916 W WindowOnBackDispatcher: sendCancelIfRunning: isInProgress=falsecallback=android.view.ViewRootImpl$$ExternalSyntheticLambda17@a028181
07-08 19:00:31.914 25916 25916 D LockAccessibilityService: 窗口变化: com.android.incallui / com.android.incallui.InCallActivity
07-08 19:00:31.957 25916 25916 D EyeGuard-Sensor: 环境光线变化: 4.6575003 lux, 阈值: 4.0 lux
07-08 19:00:31.957 25916 25916 D EyeGuard-StateMachine: [COOLDOWN] 冷却中，记录光线状态: 高于阈值
07-08 19:00:32.141 25916 25916 D EyeGuard-Sensor: 环境光线变化: 4.6575003 lux, 阈值: 4.0 lux
07-08 19:00:32.141 25916 25916 D EyeGuard-StateMachine: [COOLDOWN] 冷却中，记录光线状态: 高于阈值
07-08 19:00:32.317 25916 25916 D EyeGuard-Sensor: 环境光线变化: 3.9825 lux, 阈值: 4.0 lux
07-08 19:00:32.317 25916 25916 D EyeGuard-StateMachine: [COOLDOWN] 冷却中，记录光线状态: 低于阈值
07-08 19:00:32.496 25916 25916 D EyeGuard-Sensor: 环境光线变化: 3.9825 lux, 阈值: 4.0 lux
07-08 19:00:32.497 25916 25916 D EyeGuard-StateMachine: [COOLDOWN] 冷却中，记录光线状态: 低于阈值
07-08 19:00:32.678 25916 25916 D EyeGuard-Sensor: 环境光线变化: 3.9825 lux, 阈值: 4.0 lux
07-08 19:00:32.678 25916 25916 D EyeGuard-StateMachine: [COOLDOWN] 冷却中，记录光线状态: 低于阈值
07-08 19:00:32.857 25916 25916 D EyeGuard-Sensor: 环境光线变化: 3.9825 lux, 阈值: 4.0 lux
07-08 19:00:32.857 25916 25916 D EyeGuard-StateMachine: [COOLDOWN] 冷却中，记录光线状态: 低于阈值
07-08 19:00:33.037 25916 25916 D EyeGuard-Sensor: 环境光线变化: 3.9825 lux, 阈值: 4.0 lux
07-08 19:00:33.037 25916 25916 D EyeGuard-StateMachine: [COOLDOWN] 冷却中，记录光线状态: 低于阈值
07-08 19:00:33.216 25916 25916 D EyeGuard-Sensor: 环境光线变化: 3.9825 lux, 阈值: 4.0 lux
07-08 19:00:33.216 25916 25916 D EyeGuard-StateMachine: [COOLDOWN] 冷却中，记录光线状态: 低于阈值
07-08 19:00:33.397 25916 25916 D EyeGuard-Sensor: 环境光线变化: 3.9825 lux, 阈值: 4.0 lux
07-08 19:00:33.397 25916 25916 D EyeGuard-StateMachine: [COOLDOWN] 冷却中，记录光线状态: 低于阈值
07-08 19:00:33.583 25916 25916 D EyeGuard-Sensor: 环境光线变化: 3.9825 lux, 阈值: 4.0 lux
07-08 19:00:33.583 25916 25916 D EyeGuard-StateMachine: [COOLDOWN] 冷却中，记录光线状态: 低于阈值
07-08 19:00:33.608 25916 25916 D LockAccessibilityService: 窗口变化: com.android.dialer / com.android.dialer.DialtactsActivity
07-08 19:00:33.768 25916 25916 D EyeGuard-Sensor: 环境光线变化: 3.4425 lux, 阈值: 4.0 lux
07-08 19:00:33.768 25916 25916 D EyeGuard-StateMachine: [COOLDOWN] 冷却中，记录光线状态: 低于阈值
07-08 19:00:33.943 25916 25916 D EyeGuard-Sensor: 环境光线变化: 3.4425 lux, 阈值: 4.0 lux
07-08 19:00:33.943 25916 25916 D EyeGuard-StateMachine: [COOLDOWN] 冷却中，记录光线状态: 低于阈值
07-08 19:00:34.116 25916 25916 D EyeGuard-Sensor: 环境光线变化: 3.4425 lux, 阈值: 4.0 lux
07-08 19:00:34.116 25916 25916 D EyeGuard-StateMachine: [COOLDOWN] 冷却中，记录光线状态: 低于阈值
07-08 19:00:34.296 25916 25916 D EyeGuard-Sensor: 环境光线变化: 3.4425 lux, 阈值: 4.0 lux
07-08 19:00:34.296 25916 25916 D EyeGuard-StateMachine: [COOLDOWN] 冷却中，记录光线状态: 低于阈值
07-08 19:00:34.476 25916 25916 D EyeGuard-Sensor: 环境光线变化: 3.4425 lux, 阈值: 4.0 lux
07-08 19:00:34.477 25916 25916 D EyeGuard-StateMachine: [COOLDOWN] 冷却中，记录光线状态: 低于阈值
07-08 19:00:34.658 25916 25916 D EyeGuard-Sensor: 环境光线变化: 3.4425 lux, 阈值: 4.0 lux
07-08 19:00:34.658 25916 25916 D EyeGuard-StateMachine: [COOLDOWN] 冷却中，记录光线状态: 低于阈值
07-08 19:00:34.777 25916 25916 D EyeGuard-StateMachine: [COOLDOWN] 冷却期结束，状态转换: COOLDOWN → IDLE
07-08 19:00:34.777 25916 25916 D EyeGuard-StateMachine: [COOLDOWN] 冷却期间光线低于阈值，立即启动锁定倒计时
07-08 19:00:34.838 25916 25916 D EyeGuard-Sensor: 环境光线变化: 3.4425 lux, 阈值: 4.0 lux
07-08 19:00:35.022 25916 25916 D EyeGuard-Sensor: 环境光线变化: 3.4425 lux, 阈值: 4.0 lux
07-08 19:00:35.196 25916 25916 D EyeGuard-Sensor: 环境光线变化: 3.4425 lux, 阈值: 4.0 lux
07-08 19:00:35.376 25916 25916 D EyeGuard-Sensor: 环境光线变化: 2.7675002 lux, 阈值: 4.0 lux
07-08 19:00:35.558 25916 25916 D EyeGuard-Sensor: 环境光线变化: 3.4425 lux, 阈值: 4.0 lux
07-08 19:00:35.704 25916 25916 D LockAccessibilityService: 窗口变化: com.meizu.flyme.launcher / com.android.launcher3.uioverrides.QuickstepLauncher
07-08 19:00:35.736 25916 25916 D EyeGuard-Sensor: 环境光线变化: 0.0 lux, 阈值: 4.0 lux
07-08 19:00:35.918 25916 25916 D EyeGuard-Sensor: 环境光线变化: 3.6450002 lux, 阈值: 4.0 lux
07-08 19:00:36.096 25916 25916 D EyeGuard-Sensor: 环境光线变化: 2.2275002 lux, 阈值: 4.0 lux
07-08 19:00:36.102 25916 25916 D LockAccessibilityService: 窗口变化: com.meizu.assistant / android.widget.FrameLayout
07-08 19:00:36.276 25916 25916 D EyeGuard-Sensor: 环境光线变化: 0.20250002 lux, 阈值: 4.0 lux
07-08 19:00:36.456 25916 25916 D EyeGuard-Sensor: 环境光线变化: 0.0 lux, 阈值: 4.0 lux
07-08 19:00:36.636 25916 25916 D EyeGuard-Sensor: 环境光线变化: 0.0 lux, 阈值: 4.0 lux
07-08 19:00:36.817 25916 25916 D EyeGuard-Sensor: 环境光线变化: 0.0 lux, 阈值: 4.0 lux
07-08 19:00:36.997 25916 25916 D EyeGuard-Sensor: 环境光线变化: 0.0 lux, 阈值: 4.0 lux
07-08 19:00:37.177 25916 25916 D EyeGuard-Sensor: 环境光线变化: 0.0 lux, 阈值: 4.0 lux
07-08 19:00:37.357 25916 25916 D EyeGuard-Sensor: 环境光线变化: 0.0 lux, 阈值: 4.0 lux
07-08 19:00:37.536 25916 25916 D EyeGuard-Sensor: 环境光线变化: 0.20250002 lux, 阈值: 4.0 lux
07-08 19:00:37.716 25916 25916 D EyeGuard-Sensor: 环境光线变化: 0.20250002 lux, 阈值: 4.0 lux
07-08 19:00:37.779 25916 25916 D EyeGuard-StateMachine: [IDLE] 锁定倒计时结束，执行锁定
07-08 19:00:37.779 25916 25916 D EyeGuard-StateMachine: 状态转换: IDLE → LOCKED
07-08 19:00:37.779 25916 25916 D LightMonitorService: 锁定设备，当前亮度: 0.20250002 lux
07-08 19:00:37.779 25916 25916 D LockAccessibilityService: 锁定状态设置为: true
07-08 19:00:37.790 25916 25916 D NotificationService: NotificationChannel (light_monitor_channel,光线监测,2)
07-08 19:00:37.799 25916 25916 V NotificationManager: io.github.danwangshi.eyeguard: notifyAsUser(1, Notification(channel=light_monitor_channel shortcut=null contentView=null bigContentView=null extras=Bundle[{android.title=不要关灯玩手机, android.reduced.images=true, android.subText=null, android.showChronometer=false, android.text=光线太暗，手机已锁定, android.progress=0, android.progressMax=0, android.appInfo=ApplicationInfo{cb4b7aa io.github.danwangshi.eyeguard}, android.showWhen=true, android.largeIcon=null, android.infoText=null, android.progressIndeterminate=false, android.remoteInputHistory=null}] tickerText=null vibrate=null sound=null defaults=0x0 flags=0x2 color=0x00000000 actions=1 vis=PRIVATE))
07-08 19:00:37.804 25916 25916 D LockOverlayService: onStartCommand: io.github.danwangshi.eyeguard.ACTION_SHOW_LOCK
07-08 19:00:37.805 25916 25916 D LockOverlayService: 复用已缓存的锁定覆盖层
07-08 19:00:37.822 25916 25916 D LockOverlayService: 注册手电筒状态回调
07-08 19:00:37.822 25916 25916 D LockOverlayService: 锁定覆盖层显示成功
07-08 19:00:37.836 25916 26141 E OpenGLRenderer: Unable to match the desired swap behavior.
07-08 19:00:37.862 25916 25916 D LockOverlayService: 手电筒外部状态变化: false
07-08 19:00:37.895 25916 25916 D EyeGuard-Sensor: 环境光线变化: 0.20250002 lux, 阈值: 4.0 lux
07-08 19:00:37.899 25916 25916 D EyeGuard-StateMachine: [LOCKED] 光线仍然低于阈值，保持锁定
07-08 19:00:37.899 25916 25916 D LockOverlayService: onStartCommand: io.github.danwangshi.eyeguard.ACTION_UPDATE_LUX
07-08 19:00:38.003 25916 25916 D LockAccessibilityService: 窗口变化: io.github.danwangshi.eyeguard / android.widget.FrameLayout
07-08 19:00:38.080 25916 25916 D EyeGuard-Sensor: 环境光线变化: 0.0 lux, 阈值: 4.0 lux
07-08 19:00:38.081 25916 25916 D EyeGuard-StateMachine: [LOCKED] 光线仍然低于阈值，保持锁定
07-08 19:00:38.083 25916 25916 D LockOverlayService: onStartCommand: io.github.danwangshi.eyeguard.ACTION_UPDATE_LUX
07-08 19:00:38.256 25916 25916 D EyeGuard-Sensor: 环境光线变化: 0.0 lux, 阈值: 4.0 lux
07-08 19:00:38.260 25916 25916 D EyeGuard-StateMachine: [LOCKED] 光线仍然低于阈值，保持锁定
07-08 19:00:38.260 25916 25916 D LockOverlayService: onStartCommand: io.github.danwangshi.eyeguard.ACTION_UPDATE_LUX
07-08 19:00:38.436 25916 25916 D EyeGuard-Sensor: 环境光线变化: 0.0 lux, 阈值: 4.0 lux
07-08 19:00:38.440 25916 25916 D EyeGuard-StateMachine: [LOCKED] 光线仍然低于阈值，保持锁定
07-08 19:00:38.440 25916 25916 D LockOverlayService: onStartCommand: io.github.danwangshi.eyeguard.ACTION_UPDATE_LUX
07-08 19:00:38.617 25916 25916 D EyeGuard-Sensor: 环境光线变化: 0.0 lux, 阈值: 4.0 lux
07-08 19:00:38.620 25916 25916 D EyeGuard-StateMachine: [LOCKED] 光线仍然低于阈值，保持锁定
07-08 19:00:38.622 25916 25916 D LockOverlayService: onStartCommand: io.github.danwangshi.eyeguard.ACTION_UPDATE_LUX
07-08 19:00:38.796 25916 25916 D EyeGuard-Sensor: 环境光线变化: 0.0 lux, 阈值: 4.0 lux
07-08 19:00:38.800 25916 25916 D EyeGuard-StateMachine: [LOCKED] 光线仍然低于阈值，保持锁定
07-08 19:00:38.800 25916 25916 D LockOverlayService: onStartCommand: io.github.danwangshi.eyeguard.ACTION_UPDATE_LUX
07-08 19:00:38.979 25916 25916 D EyeGuard-Sensor: 环境光线变化: 0.0 lux, 阈值: 4.0 lux
07-08 19:00:38.983 25916 25916 D EyeGuard-StateMachine: [LOCKED] 光线仍然低于阈值，保持锁定
07-08 19:00:38.985 25916 25916 D LockOverlayService: onStartCommand: io.github.danwangshi.eyeguard.ACTION_UPDATE_LUX
07-08 19:00:39.158 25916 25916 D EyeGuard-Sensor: 环境光线变化: 0.0 lux, 阈值: 4.0 lux
07-08 19:00:39.163 25916 25916 D EyeGuard-StateMachine: [LOCKED] 光线仍然低于阈值，保持锁定
07-08 19:00:39.164 25916 25916 D LockOverlayService: onStartCommand: io.github.danwangshi.eyeguard.ACTION_UPDATE_LUX
07-08 19:00:39.336 25916 25916 D EyeGuard-Sensor: 环境光线变化: 0.0 lux, 阈值: 4.0 lux
07-08 19:00:39.338 25916 25916 D EyeGuard-StateMachine: [LOCKED] 光线仍然低于阈值，保持锁定
07-08 19:00:39.339 25916 25916 D LockOverlayService: onStartCommand: io.github.danwangshi.eyeguard.ACTION_UPDATE_LUX
07-08 19:00:39.516 25916 25916 D EyeGuard-Sensor: 环境光线变化: 0.0 lux, 阈值: 4.0 lux
07-08 19:00:39.518 25916 25916 D EyeGuard-StateMachine: [LOCKED] 光线仍然低于阈值，保持锁定
07-08 19:00:39.520 25916 25916 D LockOverlayService: onStartCommand: io.github.danwangshi.eyeguard.ACTION_UPDATE_LUX
07-08 19:00:39.697 25916 25916 D EyeGuard-Sensor: 环境光线变化: 0.20250002 lux, 阈值: 4.0 lux
07-08 19:00:39.700 25916 25916 D EyeGuard-StateMachine: [LOCKED] 光线仍然低于阈值，保持锁定
07-08 19:00:39.705 25916 25916 D LockOverlayService: onStartCommand: io.github.danwangshi.eyeguard.ACTION_UPDATE_LUX
07-08 19:00:39.876 25916 25916 D EyeGuard-Sensor: 环境光线变化: 4.9950004 lux, 阈值: 4.0 lux
07-08 19:00:39.880 25916 25916 D EyeGuard-StateMachine: [LOCKED] 光线恢复，立即解锁
07-08 19:00:39.881 25916 25916 D EyeGuard-StateMachine: 状态转换: LOCKED → COOLDOWN
07-08 19:00:39.881 25916 25916 D LightMonitorService: 解除锁定，当前亮度: 4.9950004 lux
07-08 19:00:39.881 25916 25916 D LockAccessibilityService: 锁定状态设置为: false
07-08 19:00:39.884 25916 25916 D NotificationService: NotificationChannel (light_monitor_channel,光线监测,2)
07-08 19:00:39.888 25916 25916 V NotificationManager: io.github.danwangshi.eyeguard: notifyAsUser(1, Notification(channel=light_monitor_channel shortcut=null contentView=null bigContentView=null extras=Bundle[{android.title=不要关灯玩手机, android.reduced.images=true, android.subText=null, android.showChronometer=false, android.text=正在监测环境光线，当前亮度：4 lux, android.progress=0, android.progressMax=0, android.appInfo=ApplicationInfo{cb4b7aa io.github.danwangshi.eyeguard}, android.showWhen=true, android.largeIcon=null, android.infoText=null, android.progressIndeterminate=false, android.remoteInputHistory=null}] tickerText=null vibrate=null sound=null defaults=0x0 flags=0x2 color=0x00000000 actions=1 vis=PRIVATE))
07-08 19:00:39.891 25916 25916 D EyeGuard-StateMachine: 启动冷却倒计时 3000ms
07-08 19:00:39.891 25916 25916 D LockOverlayService: onStartCommand: io.github.danwangshi.eyeguard.ACTION_UPDATE_LUX
07-08 19:00:39.892 25916 25916 D LockOverlayService: onStartCommand: io.github.danwangshi.eyeguard.ACTION_REMOVE_LOCK
07-08 19:00:39.892 25916 25916 D LockOverlayService: 移除锁定覆盖层
07-08 19:00:39.894 25916 25916 D LockOverlayService: 取消手电筒状态回调
07-08 19:00:39.894 25916 25916 D LockOverlayService: 锁定覆盖层移除成功
07-08 19:00:39.895 25916 25916 W WindowOnBackDispatcher: sendCancelIfRunning: isInProgress=falsecallback=android.view.ViewRootImpl$$ExternalSyntheticLambda17@7301f57
07-08 19:00:40.032 25916 25916 D LockAccessibilityService: 窗口变化: com.meizu.flyme.launcher / com.android.launcher3.uioverrides.QuickstepLauncher
07-08 19:00:40.058 25916 25916 D EyeGuard-Sensor: 环境光线变化: 23.5575 lux, 阈值: 4.0 lux
07-08 19:00:40.064 25916 25916 D NotificationService: NotificationChannel (light_monitor_channel,光线监测,2)
07-08 19:00:40.082 25916 25916 V NotificationManager: io.github.danwangshi.eyeguard: notifyAsUser(1, Notification(channel=light_monitor_channel shortcut=null contentView=null bigContentView=null extras=Bundle[{android.title=不要关灯玩手机, android.reduced.images=true, android.subText=null, android.showChronometer=false, android.text=正在监测环境光线，当前亮度：23 lux, android.progress=0, android.progressMax=0, android.appInfo=ApplicationInfo{cb4b7aa io.github.danwangshi.eyeguard}, android.showWhen=true, android.largeIcon=null, android.infoText=null, android.progressIndeterminate=false, android.remoteInputHistory=null}] tickerText=null vibrate=null sound=null defaults=0x0 flags=0x2 color=0x00000000 actions=1 vis=PRIVATE))
07-08 19:00:40.088 25916 25916 D EyeGuard-StateMachine: [COOLDOWN] 冷却中，记录光线状态: 高于阈值
07-08 19:00:40.237 25916 25916 D EyeGuard-Sensor: 环境光线变化: 24.300001 lux, 阈值: 4.0 lux
07-08 19:00:40.237 25916 25916 D EyeGuard-StateMachine: [COOLDOWN] 冷却中，记录光线状态: 高于阈值
07-08 19:00:40.416 25916 25916 D EyeGuard-Sensor: 环境光线变化: 25.650002 lux, 阈值: 4.0 lux
